******************************************************************************
            TI ARM Clang Linker Unix v2.1.2                    
******************************************************************************
>> Linked Fri Feb 24 09:06:00 2023

OUTPUT FILE NAME:   <sbl_uart_linux.debug.out>
ENTRY POINT SYMBOL: "_vectors_sbl"  address: 43c00040


MEMORY CONFIGURATION

         name            origin    length      used     unused   attr    fill
----------------------  --------  ---------  --------  --------  ----  --------
  HSM_RAM_VECS          43c00000   00000100  00000080  00000080  RWIX
  HSM_RAM               43c00100   0003c700  00028748  00013fb8  RWIX
  DDR                   a0000000   40000000  40000000  00000000  RWIX


SEGMENT ALLOCATION MAP

run origin  load origin   length   init length attrs members
----------  ----------- ---------- ----------- ----- -------
43c00000    43c00000    00000080   00000080    r-x
  43c00000    43c00000    00000080   00000080    r-x .vectors
43c00100    43c00100    000180c8   000180c8    r-x
  43c00100    43c00100    000169a0   000169a0    r-x .text
  43c16aa0    43c16aa0    00001728   00001728    r-- .const
43c181d0    43c181d0    00001320   00001320    r-x
  43c181d0    43c181d0    00000a80   00000a80    r-x .text.hwi
  43c18c50    43c18c50    00000490   00000490    r-x .text.cache
  43c190e0    43c190e0    000002d0   000002d0    r-x .text.mpu
  43c193b0    43c193b0    00000140   00000140    r-x .text.boot
43c194f0    43c194f0    00003478   00003478    rw-
  43c194f0    43c194f0    00003478   00003478    rw- .data
43c1c968    43c1c968    00003b00   00003b00    r--
  43c1c968    43c1c968    00003b00   00003b00    r-- .rodata
43c20480    43c20480    00000800   00000800    r--
  43c20480    43c20480    00000800   00000800    r-- .boardcfg_data
43c20c80    43c20c80    000067c8   00000000    rw-
  43c20c80    43c20c80    00004000   00000000    rw- .stack
  43c24c80    43c24c80    000027c8   00000000    rw- .bss
43c27448    43c27448    00001400   00000000    r--
  43c27448    43c27448    00001000   00000000    r-- .irqstack
  43c28448    43c28448    00000100   00000000    r-- .fiqstack
  43c28548    43c28548    00000100   00000000    r-- .svcstack
  43c28648    43c28648    00000100   00000000    r-- .abortstack
  43c28748    43c28748    00000100   00000000    r-- .undefinedstack


SECTION ALLOCATION MAP

 output                                  attributes/
section   page    origin      length       input sections
--------  ----  ----------  ----------   ----------------
.vectors   0    43c00000    00000080     
                  43c00000    00000040     nortos.am62x.r5f.ti-arm-clang.debug.lib : HwiP_armv7r_vectors_nortos_asm.obj (.vectors)
                  43c00040    00000040                                             : HwiP_armv7r_vectors_nortos_sbl_asm.obj (.vectors)

.text      0    43c00100    000169a0     
                  43c00100    00000a34     nortos.am62x.r5f.ti-arm-clang.debug.lib : printf.obj (.text._vsnprintf)
                  43c00b34    00000754     rm_pm_hal_sbl.am62x.r5f.ti-arm-clang.debug.lib : pll.obj (.text.pll_calc)
                  43c01288    000006d8                                                    : rm_udmap.obj (.text.rm_udmap_tx_ch_cfg)
                  43c01960    00000618                                                    : rm_udmap.obj (.text.rm_udmap_rx_ch_cfg)
                  43c01f78    00000008                                                    : clk.obj (.text.clk_freq_change_allow)
                  43c01f80    0000051e     nortos.am62x.r5f.ti-arm-clang.debug.lib : printf.obj (.text._ftoa)
                  43c0249e    00000002     rm_pm_hal_sbl.am62x.r5f.ti-arm-clang.debug.lib : ioremap.obj (.text.ioremap_internal)
                  43c024a0    00000478     nortos.am62x.r5f.ti-arm-clang.debug.lib : printf.obj (.text._etoa)
                  43c02918    00000428     rm_pm_hal_sbl.am62x.r5f.ti-arm-clang.debug.lib : rm_ra.obj (.text.rm_ra_cfg)
                  43c02d40    000003fe     sciclient_direct_sbl.am62x.r5f.ti-arm-clang.debug.lib : sciclient.obj (.text.Sciclient_serviceSecureProxy)
                  43c0313e    00000002     rm_pm_hal_sbl.am62x.r5f.ti-arm-clang.debug.lib : mmr_lock.obj (.text.mmr_lock_all)
                  43c03140    0000039e     sciclient_direct_sbl.am62x.r5f.ti-arm-clang.debug.lib : sciclient.obj (.text.Sciclient_init)
                  43c034de    00000002     rm_pm_hal_sbl.am62x.r5f.ti-arm-clang.debug.lib : map.obj (.text.u32_get_bytes)
                  43c034e0    00000394                                                    : psc.obj (.text.lpsc_module_sync_state)
                  43c03874    0000000c                                                    : device_prepare.obj (.text.device_prepare_nonexclusive)
                  43c03880    00000330     sciclient_direct_sbl.am62x.r5f.ti-arm-clang.debug.lib : sciclient_direct.obj (.text.Sciclient_service)
                  43c03bb0    00000308     drivers.am62x.r5f.ti-arm-clang.debug.lib : bootloader.obj (.text.Bootloader_verifyMulticoreImage)
                  43c03eb8    000002f8     rm_pm_hal_sbl.am62x.r5f.ti-arm-clang.debug.lib : clk_div.obj (.text.clk_div_set_freq)
                  43c041b0    000002f8                                                    : rm_udmap.obj (.text.rm_udmap_flow_cfg)
                  43c044a8    000002e8                                                    : clk_pll_16fft.obj (.text.clk_pll_16fft_internal_set_freq)
                  43c04790    000002e8     main.obj (.text.main)
                  43c04a78    00000008     rm_pm_hal_sbl.am62x.r5f.ti-arm-clang.debug.lib : clk.obj (.text.clk_freq_change_block)
                  43c04a80    000002e8     drivers.am62x.r5f.ti-arm-clang.debug.lib : xmodem.obj (.text.xmodemTransmit)
                  43c04d68    00000008     rm_pm_hal_sbl.am62x.r5f.ti-arm-clang.debug.lib : psc.obj (.text.lpsc_module_get)
                  43c04d70    000002da     drivers.am62x.r5f.ti-arm-clang.debug.lib : ddr_soc.obj (.text.DDR_programPLL)
                  43c0504a    00000006     rm_pm_hal_sbl.am62x.r5f.ti-arm-clang.debug.lib : clk_pll_16fft.obj (.text.pll_16fft_bin)
                  43c05050    000002ae     nortos.am62x.r5f.ti-arm-clang.debug.lib : TimerP.obj (.text.TimerP_setup)
                  43c052fe    00000002     --HOLE-- [fill = 0]
                  43c05300    000002a8     sciclient_direct_sbl.am62x.r5f.ti-arm-clang.debug.lib : uart_print.obj (.text.UART_printf)
                  43c055a8    00000008     rm_pm_hal_sbl.am62x.r5f.ti-arm-clang.debug.lib : psc.obj (.text.lpsc_module_get_module_reset)
                  43c055b0    0000028c     drivers.am62x.r5f.ti-arm-clang.debug.lib : uart_v0.obj (.text.UART_open)
                  43c0583c    00000282     rm_pm_hal_sbl.am62x.r5f.ti-arm-clang.debug.lib : pll.obj (.text.pll_consider)
                  43c05abe    00000002     --HOLE-- [fill = 0]
                  43c05ac0    0000026a     drivers.am62x.r5f.ti-arm-clang.debug.lib : lpddr4_16bit.obj (.text.LPDDR4_INTR_SanityFunction1)
                  43c05d2a    00000002     --HOLE-- [fill = 0]
                  43c05d2c    00000260     rm_pm_hal_sbl.am62x.r5f.ti-arm-clang.debug.lib : clk_pll_16fft.obj (.text.clk_pll_16fft_init)
                  43c05f8c    00000004                                                    : clk_fixed.obj (.text.clk_fixed_get_state)
                  43c05f90    00000260     drivers.am62x.r5f.ti-arm-clang.debug.lib : xmodem.obj (.text.xmodemReceive)
                  43c061f0    0000025a                                              : lpddr4_16bit.obj (.text.LPDDR4_INTR_SanityFunction2)
                  43c0644a    00000002     --HOLE-- [fill = 0]
                  43c0644c    00000244     rm_pm_hal_sbl.am62x.r5f.ti-arm-clang.debug.lib : device_clk.obj (.text.__device_clk_set_freq)
                  43c06690    00000242     drivers.am62x.r5f.ti-arm-clang.debug.lib : uart_v0.obj (.text.UART_fifoConfig)
                  43c068d2    00000002     --HOLE-- [fill = 0]
                  43c068d4    0000000c     rm_pm_hal_sbl.am62x.r5f.ti-arm-clang.debug.lib : sys-reset.obj (.text.sys_reset_handler_register)
                  43c068e0    0000023e     nortos.am62x.r5f.ti-arm-clang.debug.lib : printf.obj (.text._ntoa_format)
                  43c06b1e    00000002     --HOLE-- [fill = 0]
                  43c06b20    00000232     drivers.am62x.r5f.ti-arm-clang.debug.lib : uart_v0.obj (.text.UART_masterIsr)
                  43c06d52    00000002     --HOLE-- [fill = 0]
                  43c06d54    00000228     rm_pm_hal_sbl.am62x.r5f.ti-arm-clang.debug.lib : device.obj (.text.devices_init)
                  43c06f7c    00000224                                                    : rm_irq.obj (.text.rm_irq_release)
                  43c071a0    000001fc                                                    : rm_irq.obj (.text.rm_irq_set)
                  43c0739c    00000004                                                    : clk_dev.obj (.text.clk_from_device_notify_freq)
                  43c073a0    000001f4     drivers.am62x.r5f.ti-arm-clang.debug.lib : uart_v0.obj (.text.UART_write)
                  43c07594    0000000c     rm_pm_hal_sbl.am62x.r5f.ti-arm-clang.debug.lib : trace.obj (.text.trace_reconfigure)
                  43c075a0    000001e4     drivers.am62x.r5f.ti-arm-clang.debug.lib : soc.obj (.text.SOC_moduleSetClockFrequency)
                  43c07784    0000000a     rm_pm_hal_sbl.am62x.r5f.ti-arm-clang.debug.lib : clk.obj (.text.clk_notify_children_freq)
                  43c0778e    00000002     --HOLE-- [fill = 0]
                  43c07790    000001c8     drivers.am62x.r5f.ti-arm-clang.debug.lib : uart_v0.obj (.text.UART_read)
                  43c07958    00000008     rm_pm_hal_sbl.am62x.r5f.ti-arm-clang.debug.lib : psc.obj (.text.lpsc_module_put)
                  43c07960    000001b2     sciclient_direct_sbl.am62x.r5f.ti-arm-clang.debug.lib : sciclient_direct.obj (.text.Sciclient_ProcessPmMessage)
                  43c07b12    0000000a     rm_pm_hal_sbl.am62x.r5f.ti-arm-clang.debug.lib : clk_div.obj (.text.readl)
                  43c07b1c    00000004                                                    : clk_dev.obj (.text.clk_from_device_set_state)
                  43c07b20    000001b0     drivers.am62x.r5f.ti-arm-clang.debug.lib : bootloader_soc.obj (.text.Bootloader_socCpuResetRelease)
                  43c07cd0    000001b0                                              : uart_v0.obj (.text.UART_close)
                  43c07e80    000001a8     rm_pm_hal_sbl.am62x.r5f.ti-arm-clang.debug.lib : psc.obj (.text.psc_pre_init)
                  43c08028    00000008                                                    : psc.obj (.text.lpsc_module_ret_get)
                  43c08030    00000178     sciclient_direct_sbl.am62x.r5f.ti-arm-clang.debug.lib : sciclient_direct.obj (.text.Sciclient_boardCfgParseHeader)
                  43c081a8    00000008     rm_pm_hal_sbl.am62x.r5f.ti-arm-clang.debug.lib : psc.obj (.text.lpsc_module_ret_put)
                  43c081b0    00000178     drivers.am62x.r5f.ti-arm-clang.debug.lib : uart_v0.obj (.text.UART_configInstance)
                  43c08328    00000008     rm_pm_hal_sbl.am62x.r5f.ti-arm-clang.debug.lib : rm_core.obj (.text.rm_core_param_is_valid)
                  43c08330    00000172     nortos.am62x.r5f.ti-arm-clang.debug.lib : ClockP_nortos_r5.obj (.text.ClockP_init)
                  43c084a2    0000000a     rm_pm_hal_sbl.am62x.r5f.ti-arm-clang.debug.lib : clk_mux.obj (.text.readl)
                  43c084ac    00000004                                                    : clk_soc_hfosc0.obj (.text.clk_soc_hfosc0_get_state)
                  43c084b0    0000016e     sciclient_direct_sbl.am62x.r5f.ti-arm-clang.debug.lib : sciclient_direct.obj (.text.Sciclient_ProcessRmMessage)
                  43c0861e    00000002     --HOLE-- [fill = 0]
                  43c08620    0000016a     drivers.am62x.r5f.ti-arm-clang.debug.lib : bootloader.obj (.text.Bootloader_parseAndLoadLinuxAppImage)
                  43c0878a    00000002     --HOLE-- [fill = 0]
                  43c0878c    00000164     rm_pm_hal_sbl.am62x.r5f.ti-arm-clang.debug.lib : rm_udmap.obj (.text.rm_udmap_gcfg_cfg)
                  43c088f0    00000162     drivers.am62x.r5f.ti-arm-clang.debug.lib : lpddr4.obj (.text.LPDDR4_INTR_SanityFunction3)
                  43c08a52    00000002     --HOLE-- [fill = 0]
                  43c08a54    00000160     rm_pm_hal_sbl.am62x.r5f.ti-arm-clang.debug.lib : device_process.obj (.text.set_device_handler)
                  43c08bb4    00000158                                                    : rm_ir.obj (.text.rm_ir_configure)
                  43c08d0c    00000004                                                    : clk_soc_lfosc0.obj (.text.clk_soc_lfosc0_get_state)
                  43c08d10    00000152     drivers.am62x.r5f.ti-arm-clang.debug.lib : lpddr4.obj (.text.LPDDR4_INTR_SanityFunction4)
                  43c08e62    0000000a     rm_pm_hal_sbl.am62x.r5f.ti-arm-clang.debug.lib : clk_pll_16fft.obj (.text.readl)
                  43c08e6c    00000004                                                    : device_clk.obj (.text.device_clk_get_hw_ssc)
                  43c08e70    00000150     drivers.am62x.r5f.ti-arm-clang.debug.lib : uart_v0.obj (.text.UART_procLineStatusErr)
                  43c08fc0    00000146                                              : ddr.obj (.text.DDR_start)
                  43c09106    0000000a     rm_pm_hal_sbl.am62x.r5f.ti-arm-clang.debug.lib : clk_pllctrl.obj (.text.readl)
                  43c09110    00000144     sciclient_direct_sbl.am62x.r5f.ti-arm-clang.debug.lib : sciclient_pm.obj (.text.Sciclient_pmQueryModuleClkFreq)
                  43c09254    00000144     rm_pm_hal_sbl.am62x.r5f.ti-arm-clang.debug.lib : clk.obj (.text.clk_init)
                  43c09398    00000008     libc.a : exit.c.obj (.text:abort)
                  43c093a0    00000142     sciclient_direct_sbl.am62x.r5f.ti-arm-clang.debug.lib : uart_print.obj (.text.UART_convertVal)
                  43c094e2    0000000a     rm_pm_hal_sbl.am62x.r5f.ti-arm-clang.debug.lib : dmsc.obj (.text.readl)
                  43c094ec    00000004                                                    : clk_pll_16fft.obj (.text.pll_16fft_vco_fitness)
                  43c094f0    0000013e     drivers.am62x.r5f.ti-arm-clang.debug.lib : lpddr4_16bit.obj (.text.LPDDR4_AckCtlInterrupt_4)
                  43c0962e    00000002     --HOLE-- [fill = 0]
                  43c09630    0000013a                                              : lpddr4_16bit.obj (.text.LPDDR4_AckCtlInterrupt)
                  43c0976a    00000004     rm_pm_hal_sbl.am62x.r5f.ti-arm-clang.debug.lib : rm_udmap.obj (.text.rm_udmap_flow_size_thresh_cfg)
                  43c0976e    00000002     --HOLE-- [fill = 0]
                  43c09770    00000138     nortos.am62x.r5f.ti-arm-clang.debug.lib : printf.obj (.text._ntoa_long_long)
                  43c098a8    00000004     rm_pm_hal_sbl.am62x.r5f.ti-arm-clang.debug.lib : device_psc.obj (.text.soc_device_init_complete)
                  43c098ac    00000004                                                    : trace.obj (.text.trace_debug)
                  43c098b0    00000134     drivers.am62x.r5f.ti-arm-clang.debug.lib : bootloader.obj (.text.Bootloader_parseMultiCoreAppImage)
                  43c099e4    0000000a     rm_pm_hal_sbl.am62x.r5f.ti-arm-clang.debug.lib : mmr_lock.obj (.text.readl)
                  43c099ee    00000002     --HOLE-- [fill = 0]
                  43c099f0    00000134     sciclient_direct_sbl.am62x.r5f.ti-arm-clang.debug.lib : sciclient_secureproxy.obj (.text.Sciclient_sendMessage)
                  43c09b24    00000004     libclang_rt.builtins.a : aeabi_memcpy.S.obj (.text)
                  43c09b28    00000008     nortos.am62x.r5f.ti-arm-clang.debug.lib : HwiP_armv7r_asm.obj (.tramp.HwiP_restore.1)
                  43c09b30    0000012a     sciclient_direct_sbl.am62x.r5f.ti-arm-clang.debug.lib : sciclient_pm.obj (.text.Sciclient_pmSetModuleClkFreq)
                  43c09c5a    00000002     --HOLE-- [fill = 0]
                  43c09c5c    00000128     rm_pm_hal_sbl.am62x.r5f.ti-arm-clang.debug.lib : rm_ra.obj (.text.ra_get_ring_evt)
                  43c09d84    0000000c     --HOLE-- [fill = 0]
                  43c09d90    00000126     drivers.am62x.r5f.ti-arm-clang.debug.lib : bootloader.obj (.text.Bootloader_rprcImageLoad)
                  43c09eb6    0000000a     --HOLE-- [fill = 0]
                  43c09ec0    00000124                                              : bootloader_soc.obj (.text.Bootloader_socCpuPowerOnResetHSMM4f)
                  43c09fe4    00000124     rm_pm_hal_sbl.am62x.r5f.ti-arm-clang.debug.lib : clk_pll_16fft.obj (.text.clk_pll_16fft_get_freq)
                  43c0a108    00000124                                                    : rm_ra.obj (.text.ra_set_ring_evt)
                  43c0a22c    00000122                                                    : rm_udmap.obj (.text.udmap_oes_index_validate)
                  43c0a34e    00000002     --HOLE-- [fill = 0]
                  43c0a350    00000120     drivers.am62x.r5f.ti-arm-clang.debug.lib : bootloader.obj (.text.Bootloader_getMsgLen)
                  43c0a470    00000120     rm_pm_hal_sbl.am62x.r5f.ti-arm-clang.debug.lib : rm_udmap.obj (.text.udmap_get_ch_evt)
                  43c0a590    00000118     drivers.am62x.r5f.ti-arm-clang.debug.lib : lpddr4_16bit.obj (.text.LPDDR4_CheckCtlInterrupt)
                  43c0a6a8    00000118     rm_pm_hal_sbl.am62x.r5f.ti-arm-clang.debug.lib : psc.obj (.text.psc_uninit)
                  43c0a7c0    00000118     libclang_rt.builtins.a : udivmoddi4.S.obj (.text)
                  43c0a8d8    00000008     --HOLE-- [fill = 0]
                  43c0a8e0    00000116     drivers.am62x.r5f.ti-arm-clang.debug.lib : uart_v0.obj (.text.UART_divisorLatchWrite)
                  43c0a9f6    0000000a     --HOLE-- [fill = 0]
                  43c0aa00    00000114     nortos.am62x.r5f.ti-arm-clang.debug.lib : printf.obj (.text._ntoa_long)
                  43c0ab14    0000000c     --HOLE-- [fill = 0]
                  43c0ab20    0000010e     drivers.am62x.r5f.ti-arm-clang.debug.lib : ddr.obj (.text.DDR_changeFreqAck)
                  43c0ac2e    0000010c     rm_pm_hal_sbl.am62x.r5f.ti-arm-clang.debug.lib : rm_ia.obj (.text.rm_ia_vint_map)
                  43c0ad3a    00000006     --HOLE-- [fill = 0]
                  43c0ad40    00000106     drivers.am62x.r5f.ti-arm-clang.debug.lib : lpddr4_16bit.obj (.text.LPDDR4_AckCtlInterrupt_3)
                  43c0ae46    0000000a     --HOLE-- [fill = 0]
                  43c0ae50    00000104     sciclient_direct_sbl.am62x.r5f.ti-arm-clang.debug.lib : sciclient.obj (.text.Sciclient_deinit)
                  43c0af54    00000104     rm_pm_hal_sbl.am62x.r5f.ti-arm-clang.debug.lib : device_clk.obj (.text.device_clk_get_parent)
                  43c0b058    00000008     --HOLE-- [fill = 0]
                  43c0b060    00000100     drivers.am62x.r5f.ti-arm-clang.debug.lib : bootloader.obj (.text.Bootloader_loadSelfCpu)
                  43c0b160    00000100     rm_pm_hal_sbl.am62x.r5f.ti-arm-clang.debug.lib : rm_core.obj (.text.rm_core_get_resource_range)
                  43c0b260    000000fe     drivers.am62x.r5f.ti-arm-clang.debug.lib : bootloader_soc.obj (.text.Bootloader_socCpuPowerOnResetM4f)
                  43c0b35e    00000002     --HOLE-- [fill = 0]
                  43c0b360    000000fe     sciclient_direct_sbl.am62x.r5f.ti-arm-clang.debug.lib : sciclient.obj (.text.Sciclient_ISR)
                  43c0b45e    00000002     --HOLE-- [fill = 0]
                  43c0b460    000000fa                                                           : sciclient.obj (.text.Sciclient_serviceGetThreadIds)
                  43c0b55a    00000002     --HOLE-- [fill = 0]
                  43c0b55c    000000f8     rm_pm_hal_sbl.am62x.r5f.ti-arm-clang.debug.lib : rm_udmap.obj (.text.udmap_set_ch_evt)
                  43c0b654    000000f2                                                    : rm_ia.obj (.text.rm_ia_vint_unmap)
                  43c0b746    0000000a     --HOLE-- [fill = 0]
                  43c0b750    000000f0     nortos.am62x.r5f.ti-arm-clang.debug.lib : SemaphoreP_nortos.obj (.text.SemaphoreP_pend)
                  43c0b840    000000ec     sciclient_direct_sbl.am62x.r5f.ti-arm-clang.debug.lib : sciclient.obj (.text.Sciclient_servicePrepareHeader)
                  43c0b92c    000000ec     rm_pm_hal_sbl.am62x.r5f.ti-arm-clang.debug.lib : clk_div.obj (.text.clk_div_notify_freq)
                  43c0ba18    00000008     --HOLE-- [fill = 0]
                  43c0ba20    000000ea     nortos.am62x.r5f.ti-arm-clang.debug.lib : AddrTranslateP.obj (.text.AddrTranslateP_getLocalAddr)
                  43c0bb0a    00000006     --HOLE-- [fill = 0]
                  43c0bb10    000000ea     drivers.am62x.r5f.ti-arm-clang.debug.lib : lpddr4_16bit.obj (.text.LPDDR4_CheckCtlInterrupt_2)
                  43c0bbfa    00000006     --HOLE-- [fill = 0]
                  43c0bc00    000000e8                                              : lpddr4_16bit.obj (.text.LPDDR4_AckCtlInterrupt_2)
                  43c0bce8    000000e8     rm_pm_hal_sbl.am62x.r5f.ti-arm-clang.debug.lib : rm_udmap.obj (.text.rm_udmap_is_managed_resasg_utype)
                  43c0bdd0    000000e6                                                    : rm_ia.obj (.text.ia_validate_evt)
                  43c0beb6    00000002     --HOLE-- [fill = 0]
                  43c0beb8    000000e4                                                    : psc.obj (.text.psc_pd_get)
                  43c0bf9c    00000004     --HOLE-- [fill = 0]
                  43c0bfa0    000000e2     drivers.am62x.r5f.ti-arm-clang.debug.lib : soc.obj (.text.SOC_controlModuleUnlockMMR)
                  43c0c082    00000002     --HOLE-- [fill = 0]
                  43c0c084    000000e0     rm_pm_hal_sbl.am62x.r5f.ti-arm-clang.debug.lib : clk.obj (.text.clk_set_freq)
                  43c0c164    000000e0                                                    : device_clk.obj (.text.device_clk_set_gated)
                  43c0c244    0000000c     --HOLE-- [fill = 0]
                  43c0c250    000000de     drivers.am62x.r5f.ti-arm-clang.debug.lib : uart_v0.obj (.text.UART_intrEnable)
                  43c0c32e    00000002     --HOLE-- [fill = 0]
                  43c0c330    000000dc     rm_pm_hal_sbl.am62x.r5f.ti-arm-clang.debug.lib : psc.obj (.text.lpsc_module_wait)
                  43c0c40c    000000dc                                                    : rm_ra.obj (.text.rm_ra_mon_cfg)
                  43c0c4e8    00000008     --HOLE-- [fill = 0]
                  43c0c4f0    000000da     drivers.am62x.r5f.ti-arm-clang.debug.lib : uart_v0.obj (.text.UART_intrDisable)
                  43c0c5ca    00000006     --HOLE-- [fill = 0]
                  43c0c5d0    000000d4                                              : pinmux.obj (.text.Pinmux_unlockMMR)
                  43c0c6a4    0000000c     --HOLE-- [fill = 0]
                  43c0c6b0    000000d0     sciclient_direct_sbl.am62x.r5f.ti-arm-clang.debug.lib : sciclient.obj (.text.Sciclient_serviceGetPayloadSize)
                  43c0c780    000000d0     rm_pm_hal_sbl.am62x.r5f.ti-arm-clang.debug.lib : psc.obj (.text.lpsc_module_put_internal)
                  43c0c850    000000d0                                                    : rm_udmap.obj (.text.rm_udmap_flow_delegate)
                  43c0c920    000000cc     drivers.am62x.r5f.ti-arm-clang.debug.lib : uart_v0.obj (.text.UART_flushTxFifo)
                  43c0c9ec    000000cc     rm_pm_hal_sbl.am62x.r5f.ti-arm-clang.debug.lib : rm_ia.obj (.text.ia_set_oes_evt)
                  43c0cab8    000000cc                                                    : psc.obj (.text.psc_pd_put)
                  43c0cb84    000000c8                                                    : rm_ia.obj (.text.rm_ia_init)
                  43c0cc4c    00000004     --HOLE-- [fill = 0]
                  43c0cc50    000000c6     sciclient_direct_sbl.am62x.r5f.ti-arm-clang.debug.lib : sciclient.obj (.text.Sciclient_getCurrentContext)
                  43c0cd16    0000000a     --HOLE-- [fill = 0]
                  43c0cd20    000000c6     drivers.am62x.r5f.ti-arm-clang.debug.lib : uart_v0.obj (.text.UART_writePolling)
                  43c0cde6    000000c6     rm_pm_hal_sbl.am62x.r5f.ti-arm-clang.debug.lib : rm_ia.obj (.text.ia_get_oes_evt)
                  43c0ceac    000000c4                                                    : device_clk.obj (.text.device_clk_set_parent)
                  43c0cf70    000000c4                                                    : clock.obj (.text.query_freq_handler)
                  43c0d034    000000c4                                                    : clock.obj (.text.set_freq_handler)
                  43c0d0f8    00000008     --HOLE-- [fill = 0]
                  43c0d100    000000c2     sciclient_direct_sbl.am62x.r5f.ti-arm-clang.debug.lib : sciclient.obj (.text.Sciclient_configPrmsInit)
                  43c0d1c2    0000000e     --HOLE-- [fill = 0]
                  43c0d1d0    000000c0     drivers.am62x.r5f.ti-arm-clang.debug.lib : lpddr4_16bit.obj (.text.LPDDR4_CheckCtlInterrupt_4)
                  43c0d290    000000c0                                              : lpddr4.obj (.text.LPDDR4_ReadReg)
                  43c0d350    000000c0     nortos.am62x.r5f.ti-arm-clang.debug.lib : printf.obj (.text._out_rev)
                  43c0d410    000000c0     rm_pm_hal_sbl.am62x.r5f.ti-arm-clang.debug.lib : clk_pll_16fft.obj (.text.clk_pll_16fft_wait_for_lock)
                  43c0d4d0    000000c0                                                    : clk_mux.obj (.text.clk_set_parent)
                  43c0d590    000000c0                                                    : clock.obj (.text.get_clock_handler)
                  43c0d650    000000c0                                                    : psc.obj (.text.psc_post_init)
                  43c0d710    000000c0                                                    : clock.obj (.text.set_clock_handler)
                  43c0d7d0    000000bc     drivers.am62x.r5f.ti-arm-clang.debug.lib : ddr.obj (.text.DDR_setClock)
                  43c0d88c    00000004     --HOLE-- [fill = 0]
                  43c0d890    000000bc     sciclient_direct_sbl.am62x.r5f.ti-arm-clang.debug.lib : sciclient_pm.obj (.text.Sciclient_pmSetModuleClkParent)
                  43c0d94c    000000bc     rm_pm_hal_sbl.am62x.r5f.ti-arm-clang.debug.lib : rm_core.obj (.text.rm_core_resasg_validate_resource)
                  43c0da08    00000008     --HOLE-- [fill = 0]
                  43c0da10    000000ba     nortos.am62x.r5f.ti-arm-clang.debug.lib : ClockP_nortos.obj (.text.ClockP_stop)
                  43c0daca    00000006     --HOLE-- [fill = 0]
                  43c0dad0    000000ba     sciclient_direct_sbl.am62x.r5f.ti-arm-clang.debug.lib : sciclient_pm.obj (.text.Sciclient_pmGetModuleClkFreq)
                  43c0db8a    00000006     --HOLE-- [fill = 0]
                  43c0db90    000000ba                                                           : sciclient_pm.obj (.text.Sciclient_pmGetModuleClkNumParent)
                  43c0dc4a    00000006     --HOLE-- [fill = 0]
                  43c0dc50    000000ba                                                           : sciclient_pm.obj (.text.Sciclient_pmGetModuleClkParent)
                  43c0dd0a    00000006     --HOLE-- [fill = 0]
                  43c0dd10    000000ba                                                           : sciclient_procboot.obj (.text.Sciclient_procBootSetSequenceCtrl)
                  43c0ddca    00000006     --HOLE-- [fill = 0]
                  43c0ddd0    000000ba     drivers.am62x.r5f.ti-arm-clang.debug.lib : uart_v0.obj (.text.UART_init)
                  43c0de8a    00000006     --HOLE-- [fill = 0]
                  43c0de90    000000b8     nortos.am62x.r5f.ti-arm-clang.debug.lib : ClockP_nortos.obj (.text.ClockP_timerTickIsr)
                  43c0df48    00000008     --HOLE-- [fill = 0]
                  43c0df50    000000b8     drivers.am62x.r5f.ti-arm-clang.debug.lib : ddr.obj (.text.DDR_initDrv)
                  43c0e008    00000008     --HOLE-- [fill = 0]
                  43c0e010    000000b8                                              : lpddr4.obj (.text.LPDDR4_WriteReg)
                  43c0e0c8    00000008     --HOLE-- [fill = 0]
                  43c0e0d0    000000b8     sciclient_direct_sbl.am62x.r5f.ti-arm-clang.debug.lib : sciclient_pm.obj (.text.Sciclient_pmModuleGetClkStatus)
                  43c0e188    000000b8     rm_pm_hal_sbl.am62x.r5f.ti-arm-clang.debug.lib : device_psc.obj (.text.soc_device_init)
                  43c0e240    000000b6     drivers.am62x.r5f.ti-arm-clang.debug.lib : uart_v0.obj (.text.UART_readPolling)
                  43c0e2f6    000000b6     rm_pm_hal_sbl.am62x.r5f.ti-arm-clang.debug.lib : map.obj (.text.map_add)
                  43c0e3ac    000000b6                                                    : div64.obj (.text.pm_div64)
                  43c0e462    0000000e     --HOLE-- [fill = 0]
                  43c0e470    000000b4     drivers.am62x.r5f.ti-arm-clang.debug.lib : bootloader_soc.obj (.text.Bootloader_socCpuSetClock)
                  43c0e524    000000b4     rm_pm_hal_sbl.am62x.r5f.ti-arm-clang.debug.lib : clk_div.obj (.text.clk_div_reg_go_set_div)
                  43c0e5d8    000000b4                                                    : init.obj (.text.pm_init)
                  43c0e68c    00000004     --HOLE-- [fill = 0]
                  43c0e690    000000b0     drivers.am62x.r5f.ti-arm-clang.debug.lib : bootloader_soc.obj (.text.Bootloader_socTranslateSectionAddr)
                  43c0e740    000000b0     rm_pm_hal_sbl.am62x.r5f.ti-arm-clang.debug.lib : boardcfg-user.obj (.text.boardcfg_rm_receive_and_validate)
                  43c0e7f0    000000ac     ti_drivers_open_close.obj (.text.Drivers_uartOpen)
                  43c0e89c    00000004     --HOLE-- [fill = 0]
                  43c0e8a0    000000ac     sciclient_direct_sbl.am62x.r5f.ti-arm-clang.debug.lib : sciclient_pm.obj (.text.Sciclient_pmModuleClkRequest)
                  43c0e94c    00000004     --HOLE-- [fill = 0]
                  43c0e950    000000ac     drivers.am62x.r5f.ti-arm-clang.debug.lib : uart_v0.obj (.text.UART_readCancelNoCB)
                  43c0e9fc    000000ac     rm_pm_hal_sbl.am62x.r5f.ti-arm-clang.debug.lib : psc.obj (.text.lpsc_module_get_internal)
                  43c0eaa8    000000ac                                                    : rm_udmap.obj (.text.rm_udmap_init)
                  43c0eb54    0000000c     --HOLE-- [fill = 0]
                  43c0eb60    000000aa     drivers.am62x.r5f.ti-arm-clang.debug.lib : ddr.obj (.text.DDR_init)
                  43c0ec0a    00000006     --HOLE-- [fill = 0]
                  43c0ec10    000000aa                                              : uart_v0.obj (.text.UART_fifoWrite)
                  43c0ecba    00000006     --HOLE-- [fill = 0]
                  43c0ecc0    000000a8     nortos.am62x.r5f.ti-arm-clang.debug.lib : ClockP_nortos.obj (.text.ClockP_addToList)
                  43c0ed68    00000008     --HOLE-- [fill = 0]
                  43c0ed70    000000a8                                             : ClockP_nortos.obj (.text.ClockP_destruct)
                  43c0ee18    000000a8     rm_pm_hal_sbl.am62x.r5f.ti-arm-clang.debug.lib : device_process.obj (.text.get_device_handler)
                  43c0eec0    000000a8                                                    : rm_udmap.obj (.text.udmap_check_index_range)
                  43c0ef68    00000008     --HOLE-- [fill = 0]
                  43c0ef70    000000a6     sciclient_direct_sbl.am62x.r5f.ti-arm-clang.debug.lib : sciclient_pm.obj (.text.Sciclient_pmGetModuleState)
                  43c0f016    0000000a     --HOLE-- [fill = 0]
                  43c0f020    000000a4                                                           : sciclient_procboot.obj (.text.Sciclient_procBootReleaseProcessor)
                  43c0f0c4    000000a4     rm_pm_hal_sbl.am62x.r5f.ti-arm-clang.debug.lib : device_pm.obj (.text.device_set_state)
                  43c0f168    00000008     --HOLE-- [fill = 0]
                  43c0f170    000000a0     sciclient_direct_sbl.am62x.r5f.ti-arm-clang.debug.lib : sciclient_pm.obj (.text.Sciclient_pmSetModuleState)
                  43c0f210    000000a0     rm_pm_hal_sbl.am62x.r5f.ti-arm-clang.debug.lib : rm_core.obj (.text.rm_core_init)
                  43c0f2b0    000000a0                                                    : rm_ra.obj (.text.rm_ra_validate_ring_index)
                  43c0f350    0000009e                                                    : rm_udmap.obj (.text.udmap_check_flow_index)
                  43c0f3ee    0000009c                                                    : clk.obj (.text.clk_generic_set_freq_parent)
                  43c0f48a    00000002     --HOLE-- [fill = 0]
                  43c0f48c    0000009c                                                    : clk_pll_16fft.obj (.text.clk_pll_16fft_set_freq)
                  43c0f528    0000009c                                                    : psc.obj (.text.psc_pd_wait)
                  43c0f5c4    0000009c                                                    : rm_ir.obj (.text.rm_ir_clear)
                  43c0f660    0000009a     drivers.am62x.r5f.ti-arm-clang.debug.lib : bootloader.obj (.text.Bootloader_runCpu)
                  43c0f6fa    00000006     --HOLE-- [fill = 0]
                  43c0f700    0000009a                                              : uart_v0.obj (.text.UART_writeCancelNoCB)
                  43c0f79a    00000006     --HOLE-- [fill = 0]
                  43c0f7a0    00000098                                              : ddr_soc.obj (.text.DDR_programHSDIV)
                  43c0f838    00000098     rm_pm_hal_sbl.am62x.r5f.ti-arm-clang.debug.lib : device_prepare.obj (.text.device_prepare)
                  43c0f8d0    00000098                                                    : rm_ir.obj (.text.ir_clear_rom_mapping)
                  43c0f968    00000008     --HOLE-- [fill = 0]
                  43c0f970    00000096     drivers.am62x.r5f.ti-arm-clang.debug.lib : bootloader_soc.obj (.text.Bootloader_socCpuGetClock)
                  43c0fa06    0000000a     --HOLE-- [fill = 0]
                  43c0fa10    00000096                                              : uart_v0.obj (.text.UART_subConfigTCRTLRModeEn)
                  43c0faa6    0000000a     --HOLE-- [fill = 0]
                  43c0fab0    00000096     sciclient_direct_sbl.am62x.r5f.ti-arm-clang.debug.lib : sciclient_direct.obj (.text.boardcfgRmFindCertSize)
                  43c0fb46    0000000a     --HOLE-- [fill = 0]
                  43c0fb50    00000096     drivers.am62x.r5f.ti-arm-clang.debug.lib : xmodem.obj (.text.check)
                  43c0fbe6    0000000a     --HOLE-- [fill = 0]
                  43c0fbf0    00000094     sciclient_direct_sbl.am62x.r5f.ti-arm-clang.debug.lib : sciclient_boardcfg.obj (.text.Sciclient_boardCfgPm)
                  43c0fc84    0000000c     --HOLE-- [fill = 0]
                  43c0fc90    00000094                                                           : sciclient_boardcfg.obj (.text.Sciclient_boardCfgRm)
                  43c0fd24    00000094     rm_pm_hal_sbl.am62x.r5f.ti-arm-clang.debug.lib : rm_irq.obj (.text.irq_trace_remaining_params)
                  43c0fdb8    00000008     --HOLE-- [fill = 0]
                  43c0fdc0    00000092     drivers.am62x.r5f.ti-arm-clang.debug.lib : soc.obj (.text.SOC_moduleClockEnable)
                  43c0fe52    0000000e     --HOLE-- [fill = 0]
                  43c0fe60    00000090                                              : ddr.obj (.text.DDR_initHwRegs)
                  43c0fef0    00000090     rm_pm_hal_sbl.am62x.r5f.ti-arm-clang.debug.lib : psc.obj (.text.lpsc_module_set_local_reset)
                  43c0ff80    0000008e     sciclient_direct_sbl.am62x.r5f.ti-arm-clang.debug.lib : sciclient_direct.obj (.text.boardcfg_RmAdjustReq)
                  43c1000e    00000002     --HOLE-- [fill = 0]
                  43c10010    0000008c     rm_pm_hal_sbl.am62x.r5f.ti-arm-clang.debug.lib : clk_mux.obj (.text.clk_mux_set_parent)
                  43c1009c    00000004     --HOLE-- [fill = 0]
                  43c100a0    0000008a     drivers.am62x.r5f.ti-arm-clang.debug.lib : lpddr4.obj (.text.LPDDR4_PollCtlIrq)
                  43c1012a    00000006     --HOLE-- [fill = 0]
                  43c10130    0000008a                                              : lpddr4.obj (.text.LPDDR4_PollPhyIndepIrq)
                  43c101ba    00000006     --HOLE-- [fill = 0]
                  43c101c0    0000008a     sciclient_direct_sbl.am62x.r5f.ti-arm-clang.debug.lib : sciclient_direct_wrapper.obj (.text.Sciclient_direct_init)
                  43c1024a    0000008a     rm_pm_hal_sbl.am62x.r5f.ti-arm-clang.debug.lib : rm_ra.obj (.text.ra_check_index_range)
                  43c102d4    0000000c     --HOLE-- [fill = 0]
                  43c102e0    00000088     nortos.am62x.r5f.ti-arm-clang.debug.lib : ClockP_nortos.obj (.text.ClockP_getTimeUsec)
                  43c10368    00000088     rm_pm_hal_sbl.am62x.r5f.ti-arm-clang.debug.lib : psc.obj (.text.lpsc_module_set_module_reset)
                  43c103f0    00000086     drivers.am62x.r5f.ti-arm-clang.debug.lib : lpddr4_16bit.obj (.text.LPDDR4_CheckCtlInterrupt_3)
                  43c10476    0000000a     --HOLE-- [fill = 0]
                  43c10480    00000086                                              : uart_v0.obj (.text.UART_tcrTlrBitValRestore)
                  43c10506    0000000a     --HOLE-- [fill = 0]
                  43c10510    00000084                                              : uart_dma.obj (.text.UART_dmaDisableChannel)
                  43c10594    0000000c     --HOLE-- [fill = 0]
                  43c105a0    00000082     sciclient_direct_sbl.am62x.r5f.ti-arm-clang.debug.lib : sciclient.obj (.text.Sciclient_setDebugConfig)
                  43c10622    0000000e     --HOLE-- [fill = 0]
                  43c10630    00000080                                                           : sciclient_procboot.obj (.text.Sciclient_procBootGetProcessorState)
                  43c106b0    00000080     drivers.am62x.r5f.ti-arm-clang.debug.lib : uart_dma.obj (.text.UART_dmaClose)
                  43c10730    00000080                                              : uart_v0.obj (.text.UART_readData)
                  43c107b0    00000080     rm_pm_hal_sbl.am62x.r5f.ti-arm-clang.debug.lib : clk_div.obj (.text.clk_div_reg_set_div)
                  43c10830    00000080                                                    : clk_pll_16fft.obj (.text.clk_pll_16fft_hsdiv_set_freq)
                  43c108b0    00000080                                                    : clk_pll_16fft.obj (.text.clk_pll_16fft_postdiv_set_freq)
                  43c10930    00000080                                                    : clock.obj (.text.set_clock_parent_handler)
                  43c109b0    0000007e     drivers.am62x.r5f.ti-arm-clang.debug.lib : bootloader.obj (.text.Bootloader_findSeq)
                  43c10a2e    00000002     --HOLE-- [fill = 0]
                  43c10a30    0000007e                                              : lpddr4.obj (.text.LPDDR4_StartSequenceController)
                  43c10aae    00000002     --HOLE-- [fill = 0]
                  43c10ab0    0000007e     sciclient_direct_sbl.am62x.r5f.ti-arm-clang.debug.lib : sciclient_direct_wrapper.obj (.text.Sciclient_waitForBootNotification)
                  43c10b2e    00000002     --HOLE-- [fill = 0]
                  43c10b30    0000007c     rm_pm_hal_sbl.am62x.r5f.ti-arm-clang.debug.lib : clk.obj (.text.clk_notify_sibling_freq)
                  43c10bac    0000007c                                                    : clk_pll_16fft.obj (.text.clk_pll_16fft_postdiv_set_div)
                  43c10c28    0000007c                                                    : clock.obj (.text.get_clock_parent_handler)
                  43c10ca4    0000007c                                                    : clock.obj (.text.get_num_clock_parents_handler)
                  43c10d20    0000007c                                                    : rm_ra.obj (.text.rm_ra_init)
                  43c10d9c    00000004     --HOLE-- [fill = 0]
                  43c10da0    0000007a     sciclient_direct_sbl.am62x.r5f.ti-arm-clang.debug.lib : sciclient_pm.obj (.text.Sciclient_pmSetModuleRst)
                  43c10e1a    00000006     --HOLE-- [fill = 0]
                  43c10e20    0000007a                                                           : sciclient_procboot.obj (.text.Sciclient_procBootRequestProcessor)
                  43c10e9a    00000006     --HOLE-- [fill = 0]
                  43c10ea0    0000007a     drivers.am62x.r5f.ti-arm-clang.debug.lib : uart_v0.obj (.text.UART_Params_init)
                  43c10f1a    00000006     --HOLE-- [fill = 0]
                  43c10f20    0000007a     nortos.am62x.r5f.ti-arm-clang.debug.lib : DebugP_log.obj (.text._DebugP_assert)
                  43c10f9a    0000007a     rm_pm_hal_sbl.am62x.r5f.ti-arm-clang.debug.lib : rm_udmap.obj (.text.udmap_clear_rom_oes)
                  43c11014    00000078                                                    : clk.obj (.text.clk_get)
                  43c1108c    00000078                                                    : psc.obj (.text.psc_drop_pwr_up_ref)
                  43c11104    00000078                                                    : rm_ra.obj (.text.rm_ra_is_managed_resasg_utype)
                  43c1117c    00000004     --HOLE-- [fill = 0]
                  43c11180    00000076     sciclient_direct_sbl.am62x.r5f.ti-arm-clang.debug.lib : sciclient_procboot.obj (.text.Sciclient_procBootAuthAndStart)
                  43c111f6    0000000a     --HOLE-- [fill = 0]
                  43c11200    00000076     drivers.am62x.r5f.ti-arm-clang.debug.lib : uart_v0.obj (.text.UART_fifoRead)
                  43c11276    0000000a     --HOLE-- [fill = 0]
                  43c11280    00000074     nortos.am62x.r5f.ti-arm-clang.debug.lib : ClockP_nortos.obj (.text.ClockP_construct)
                  43c112f4    0000000c     --HOLE-- [fill = 0]
                  43c11300    00000074     drivers.am62x.r5f.ti-arm-clang.debug.lib : uart_v0.obj (.text.UART_readInterrupt)
                  43c11374    00000074     rm_pm_hal_sbl.am62x.r5f.ti-arm-clang.debug.lib : clk_dev.obj (.text.clk_from_device_get_state)
                  43c113e8    00000074                                                    : rm_irq.obj (.text.irq_validate_global_event)
                  43c1145c    00000004     --HOLE-- [fill = 0]
                  43c11460    00000072     drivers.am62x.r5f.ti-arm-clang.debug.lib : bootloader_soc.obj (.text.Bootloader_socCpuPowerOnResetA53)
                  43c114d2    0000000e     --HOLE-- [fill = 0]
                  43c114e0    00000072     nortos.am62x.r5f.ti-arm-clang.debug.lib : ClockP_nortos.obj (.text.ClockP_usleep)
                  43c11552    0000000e     --HOLE-- [fill = 0]
                  43c11560    00000070     drivers.am62x.r5f.ti-arm-clang.debug.lib : bootloader.obj (.text.Bootloader_open)
                  43c115d0    00000070                                              : pinmux.obj (.text.Pinmux_config)
                  43c11640    00000070     sciclient_direct_sbl.am62x.r5f.ti-arm-clang.debug.lib : sciclient_boardcfg.obj (.text.Sciclient_getDefaultBoardCfgInfo)
                  43c116b0    00000070     drivers.am62x.r5f.ti-arm-clang.debug.lib : uart_dma.obj (.text.UART_dmaOpen)
                  43c11720    00000070                                              : uart_v0.obj (.text.UART_readByte)
                  43c11790    0000006e                                              : bootloader.obj (.text.Bootloader_getX509CertLen)
                  43c117fe    00000002     --HOLE-- [fill = 0]
                  43c11800    0000006e                                              : lpddr4_16bit.obj (.text.LPDDR4_EnablePIInitiator)
                  43c1186e    0000006e     rm_pm_hal_sbl.am62x.r5f.ti-arm-clang.debug.lib : rm_core.obj (.text.core_resasg_get_range)
                  43c118dc    00000004     --HOLE-- [fill = 0]
                  43c118e0    0000006c     drivers.am62x.r5f.ti-arm-clang.debug.lib : bootloader_soc.obj (.text.Bootloader_socCpuRelease)
                  43c1194c    00000004     --HOLE-- [fill = 0]
                  43c11950    0000006c     sciclient_direct_sbl.am62x.r5f.ti-arm-clang.debug.lib : sciclient_direct.obj (.text.Sciclient_pmSetMsgProxy)
                  43c119bc    0000006c     rm_pm_hal_sbl.am62x.r5f.ti-arm-clang.debug.lib : clk_mux.obj (.text.clk_mux_get_parent)
                  43c11a28    0000006c                                                    : device_clk.obj (.text.device_clk_init)
                  43c11a94    0000006c                                                    : device_clk.obj (.text.get_dev_clk)
                  43c11b00    0000006c                                                    : psc.obj (.text.lpsc_module_set_reset_iso)
                  43c11b6c    00000004     --HOLE-- [fill = 0]
                  43c11b70    0000006a     drivers.am62x.r5f.ti-arm-clang.debug.lib : bootloader_soc.obj (.text.Bootloader_socCpuRequest)
                  43c11bda    00000006     --HOLE-- [fill = 0]
                  43c11be0    0000006a                                              : lpddr4.obj (.text.LPDDR4_WriteCtlConfig)
                  43c11c4a    00000006     --HOLE-- [fill = 0]
                  43c11c50    0000006a                                              : lpddr4.obj (.text.LPDDR4_WritePhyConfig)
                  43c11cba    00000006     --HOLE-- [fill = 0]
                  43c11cc0    0000006a                                              : lpddr4.obj (.text.LPDDR4_WritePhyIndepConfig)
                  43c11d2a    0000006a     rm_pm_hal_sbl.am62x.r5f.ti-arm-clang.debug.lib : rm_ia.obj (.text.ia_unmap_clear_rom_mapping)
                  43c11d94    0000000c     --HOLE-- [fill = 0]
                  43c11da0    00000068     drivers.am62x.r5f.ti-arm-clang.debug.lib : bootloader.obj (.text.Bootloader_loadCpu)
                  43c11e08    00000008     --HOLE-- [fill = 0]
                  43c11e10    00000068     sciclient_direct_sbl.am62x.r5f.ti-arm-clang.debug.lib : sciclient_procboot.obj (.text.Sciclient_procBootSetProcessorCfg)
                  43c11e78    00000008     --HOLE-- [fill = 0]
                  43c11e80    00000068     drivers.am62x.r5f.ti-arm-clang.debug.lib : uart_v0.obj (.text.UART_divisorValCompute)
                  43c11ee8    00000068     rm_pm_hal_sbl.am62x.r5f.ti-arm-clang.debug.lib : rm_core.obj (.text.rm_core_validate_devgrp)
                  43c11f50    00000068                                                    : rm_ir.obj (.text.rm_ir_get_outp)
                  43c11fb8    00000008     --HOLE-- [fill = 0]
                  43c11fc0    00000066     drivers.am62x.r5f.ti-arm-clang.debug.lib : bootloader_soc.obj (.text.Bootloader_socInitR5FAtcmBtcm)
                  43c12026    0000000a     --HOLE-- [fill = 0]
                  43c12030    00000066                                              : ddr.obj (.text.DDR_probe)
                  43c12096    0000000a     --HOLE-- [fill = 0]
                  43c120a0    00000064     sciclient_direct_sbl.am62x.r5f.ti-arm-clang.debug.lib : sciclient_direct.obj (.text.Sciclient_pmSetCpuResetMsgProxy)
                  43c12104    00000064     rm_pm_hal_sbl.am62x.r5f.ti-arm-clang.debug.lib : clk_div.obj (.text.clk_div_reg_get_div)
                  43c12168    00000064                                                    : clk_pll_16fft.obj (.text.clk_pll_16fft_get_state)
                  43c121cc    00000064                                                    : psc.obj (.text.lpsc_module_clk_put)
                  43c12230    00000064                                                    : resource.obj (.text.resource_get)
                  43c12294    00000064                                                    : rm_core.obj (.text.rm_core_resasg_get_utype_index)
                  43c122f8    00000008     --HOLE-- [fill = 0]
                  43c12300    00000062     drivers.am62x.r5f.ti-arm-clang.debug.lib : bootloader_xmodem.obj (.text._inbyte)
                  43c12362    0000000e     --HOLE-- [fill = 0]
                  43c12370    00000060                                              : bootloader_xmodem.obj (.text.Bootloader_xmodemReceive)
                  43c123d0    00000060                                              : uart_v0.obj (.text.UART_getChar)
                  43c12430    00000060     rm_pm_hal_sbl.am62x.r5f.ti-arm-clang.debug.lib : clk.obj (.text.clk_notify_freq)
                  43c12490    00000060                                                    : device_psc.obj (.text.soc_device_get_state)
                  43c124f0    0000005e     drivers.am62x.r5f.ti-arm-clang.debug.lib : lpddr4.obj (.text.LPDDR4_PollAndAckIrq)
                  43c1254e    00000002     --HOLE-- [fill = 0]
                  43c12550    0000005e     sciclient_direct_sbl.am62x.r5f.ti-arm-clang.debug.lib : uart_print.obj (.text.UART_dataWrite)
                  43c125ae    00000002     --HOLE-- [fill = 0]
                  43c125b0    0000005e     drivers.am62x.r5f.ti-arm-clang.debug.lib : uart_v0.obj (.text.UART_writeData)
                  43c1260e    0000005e     rm_pm_hal_sbl.am62x.r5f.ti-arm-clang.debug.lib : rm_ra.obj (.text.ra_check_monitor_index_range)
                  43c1266c    00000004     --HOLE-- [fill = 0]
                  43c12670    0000005c     drivers.am62x.r5f.ti-arm-clang.debug.lib : lpddr4.obj (.text.LPDDR4_CheckPhyIndepInterrupt)
                  43c126cc    00000004     --HOLE-- [fill = 0]
                  43c126d0    0000005c                                              : lpddr4.obj (.text.LPDDR4_SanityFunction4)
                  43c1272c    00000004     --HOLE-- [fill = 0]
                  43c12730    0000005c     ti_power_clock_config.obj (.text.Module_clockSetFrequency)
                  43c1278c    00000004     --HOLE-- [fill = 0]
                  43c12790    0000005c     sciclient_direct_sbl.am62x.r5f.ti-arm-clang.debug.lib : sciclient.obj (.text.Sciclient_abiCheck)
                  43c127ec    0000005c     rm_pm_hal_sbl.am62x.r5f.ti-arm-clang.debug.lib : clk_div.obj (.text.clk_div_reg_go_get_div)
                  43c12848    0000005c                                                    : clk_pllctrl.obj (.text.clk_pllctrl_mux_get_parent)
                  43c128a4    0000005c                                                    : device_clk.obj (.text.device_clk_get_hw_ready)
                  43c12900    0000005c                                                    : clock.obj (.text.get_freq_handler)
                  43c1295c    0000005c                                                    : device_process.obj (.text.set_device_resets_handler)
                  43c129b8    0000005c                                                    : device_psc.obj (.text.soc_device_disable)
                  43c12a14    0000000c     --HOLE-- [fill = 0]
                  43c12a20    0000005a     nortos.am62x.r5f.ti-arm-clang.debug.lib : SemaphoreP_nortos.obj (.text.SemaphoreP_post)
                  43c12a7a    00000006     --HOLE-- [fill = 0]
                  43c12a80    0000005a     drivers.am62x.r5f.ti-arm-clang.debug.lib : uart_v0.obj (.text.UART_regConfigModeEnable)
                  43c12ada    00000006     --HOLE-- [fill = 0]
                  43c12ae0    00000058                                              : bootloader_soc.obj (.text.Bootloader_socRprcToCslCoreId)
                  43c12b38    00000008     --HOLE-- [fill = 0]
                  43c12b40    00000058                                              : bootloader_xmodem.obj (.text.Bootloader_xmodemTransmit)
                  43c12b98    00000058     rm_pm_hal_sbl.am62x.r5f.ti-arm-clang.debug.lib : itoa.obj (.text.lib_itoa)
                  43c12bf0    00000058                                                    : mmr_lock.obj (.text.mmr_unlock_all)
                  43c12c48    00000058                                                    : pll.obj (.text.pll_init)
                  43c12ca0    00000058                                                    : rm_udmap.obj (.text.udmap_get_inst)
                  43c12cf8    00000008     --HOLE-- [fill = 0]
                  43c12d00    00000056     drivers.am62x.r5f.ti-arm-clang.debug.lib : bootloader.obj (.text.Bootloader_BootImageInfo_init)
                  43c12d56    0000000a     --HOLE-- [fill = 0]
                  43c12d60    00000056     nortos.am62x.r5f.ti-arm-clang.debug.lib : SemaphoreP_nortos.obj (.text.SemaphoreP_construct)
                  43c12db6    0000000a     --HOLE-- [fill = 0]
                  43c12dc0    00000054     drivers.am62x.r5f.ti-arm-clang.debug.lib : uart_dma.obj (.text.UART_readInterruptDma)
                  43c12e14    0000000c     --HOLE-- [fill = 0]
                  43c12e20    00000054                                              : uart_dma.obj (.text.UART_writeInterruptDma)
                  43c12e74    00000054     rm_pm_hal_sbl.am62x.r5f.ti-arm-clang.debug.lib : clk_div.obj (.text.clk_div_init)
                  43c12ec8    00000054                                                    : device_clk.obj (.text.device_clk_set_freq_change)
                  43c12f1c    00000054                                                    : device_clk.obj (.text.device_clk_set_ssc)
                  43c12f70    00000054                                                    : psc.obj (.text.lpsc_module_get_local_reset)
                  43c12fc4    00000054                                                    : rm_irq.obj (.text.rm_irq_oes_src_register)
                  43c13018    00000054                                                    : device_psc.obj (.text.soc_device_enable)
                  43c1306c    00000004     --HOLE-- [fill = 0]
                  43c13070    00000052     main.obj (.text.App_loadImages)
                  43c130c2    0000000e     --HOLE-- [fill = 0]
                  43c130d0    00000052     drivers.am62x.r5f.ti-arm-clang.debug.lib : lpddr4.obj (.text.LPDDR4_AckPhyIndepInterrupt)
                  43c13122    0000000e     --HOLE-- [fill = 0]
                  43c13130    00000052                                              : soc.obj (.text.SOC_controlModuleLockMMR)
                  43c13182    0000000e     --HOLE-- [fill = 0]
                  43c13190    00000052                                              : crc16.obj (.text.crc16_ccitt)
                  43c131e2    00000052     rm_pm_hal_sbl.am62x.r5f.ti-arm-clang.debug.lib : rm_ra.obj (.text.ra_clear_rom_oes)
                  43c13234    0000000c     --HOLE-- [fill = 0]
                  43c13240    00000050     drivers.am62x.r5f.ti-arm-clang.debug.lib : ddr_soc.obj (.text.DDR_unlockPLLMMR)
                  43c13290    00000050     ti_drivers_open_close.obj (.text.Drivers_uartClose)
                  43c132e0    00000050     rm_pm_hal_sbl.am62x.r5f.ti-arm-clang.debug.lib : clk_pll_16fft.obj (.text.clk_pll_16fft_postdiv_get_div)
                  43c13330    00000050                                                    : device_psc.obj (.text.soc_device_get_context_loss_count)
                  43c13380    00000050                                                    : device_psc.obj (.text.soc_device_set_resets)
                  43c133d0    00000050                                                    : rm_udmap.obj (.text.udmap_validate_burst_size)
                  43c13420    00000050     libc.a : autoinit.c.obj (.text:__TI_auto_init_nobinit_nopinit)
                  43c13470    0000004e     drivers.am62x.r5f.ti-arm-clang.debug.lib : bootloader_soc.obj (.text.Bootloader_socCpuPowerOnReset)
                  43c134be    00000002     --HOLE-- [fill = 0]
                  43c134c0    0000004e                                              : uart_v0.obj (.text.UART_getHandle)
                  43c1350e    0000004e     rm_pm_hal_sbl.am62x.r5f.ti-arm-clang.debug.lib : device_psc.obj (.text.soc_device_verify_mapping)
                  43c1355c    00000004     --HOLE-- [fill = 0]
                  43c13560    0000004c     drivers.am62x.r5f.ti-arm-clang.debug.lib : lpddr4.obj (.text.LPDDR4_SanityFunction5)
                  43c135ac    00000004     --HOLE-- [fill = 0]
                  43c135b0    0000004c     ti_power_clock_config.obj (.text.Module_clockDisable)
                  43c135fc    00000004     --HOLE-- [fill = 0]
                  43c13600    0000004c     ti_power_clock_config.obj (.text.Module_clockEnable)
                  43c1364c    00000004     --HOLE-- [fill = 0]
                  43c13650    0000004c     drivers.am62x.r5f.ti-arm-clang.debug.lib : uart_v0.obj (.text.UART_fifoRegisterWrite)
                  43c1369c    00000004     --HOLE-- [fill = 0]
                  43c136a0    0000004c                                              : uart_v0.obj (.text.UART_statusIsDataReady)
                  43c136ec    0000004c     rm_pm_hal_sbl.am62x.r5f.ti-arm-clang.debug.lib : clk_pll_16fft.obj (.text.clk_pll_16fft_cal_option4)
                  43c13738    0000004c                                                    : psc.obj (.text.lpsc_module_get_reset_iso)
                  43c13784    0000004c                                                    : rm_ra.obj (.text.ra_get_inst)
                  43c137d0    0000004c                                                    : device_psc.obj (.text.soc_device_get_resets)
                  43c1381c    0000004c                                                    : device_psc.obj (.text.soc_device_ret_disable)
                  43c13868    0000004c                                                    : device_psc.obj (.text.soc_device_ret_enable)
                  43c138b4    0000000c     --HOLE-- [fill = 0]
                  43c138c0    0000004a     drivers.am62x.r5f.ti-arm-clang.debug.lib : uart_v0.obj (.text.UART_getIntrIdentityStatus)
                  43c1390a    00000006     --HOLE-- [fill = 0]
                  43c13910    0000004a                                              : uart_v0.obj (.text.UART_lineCharConfig)
                  43c1395a    00000006     --HOLE-- [fill = 0]
                  43c13960    00000048                                              : ddr_soc.obj (.text.DDR_readMMR)
                  43c139a8    00000008     --HOLE-- [fill = 0]
                  43c139b0    00000048                                              : ddr.obj (.text.DDR_setFreq)
                  43c139f8    00000008     --HOLE-- [fill = 0]
                  43c13a00    00000048                                              : lpddr4.obj (.text.LPDDR4_Init)
                  43c13a48    00000048     rm_pm_hal_sbl.am62x.r5f.ti-arm-clang.debug.lib : clk_pll_16fft.obj (.text.clk_pll_16fft_bypass)
                  43c13a90    00000048                                                    : clk.obj (.text.clk_put)
                  43c13ad8    00000048                                                    : device_clk.obj (.text.get_dev_clk_data)
                  43c13b20    00000046     ti_dpl_config.obj (.text.Dpl_init)
                  43c13b66    0000000a     --HOLE-- [fill = 0]
                  43c13b70    00000046     drivers.am62x.r5f.ti-arm-clang.debug.lib : uart_v0.obj (.text.UART_readLineStatus)
                  43c13bb6    00000046     rm_pm_hal_sbl.am62x.r5f.ti-arm-clang.debug.lib : rm_irq.obj (.text.irq_cfg_is_ia_cfg)
                  43c13bfc    00000046                                                    : rm_irq.obj (.text.irq_cfg_is_ir_cfg)
                  43c13c42    00000046                                                    : rm_irq.obj (.text.irq_cfg_is_oes_only)
                  43c13c88    00000008     --HOLE-- [fill = 0]
                  43c13c90    00000046     sciclient_direct_sbl.am62x.r5f.ti-arm-clang.debug.lib : sciclient_direct.obj (.text.tisci_msg_board_config_rm_handler)
                  43c13cd6    0000000a     --HOLE-- [fill = 0]
                  43c13ce0    00000044     main.obj (.text.App_loadLinuxImages)
                  43c13d24    0000000c     --HOLE-- [fill = 0]
                  43c13d30    00000044     main.obj (.text.App_loadSelfcoreImage)
                  43c13d74    0000000c     --HOLE-- [fill = 0]
                  43c13d80    00000044     sciclient_direct_sbl.am62x.r5f.ti-arm-clang.debug.lib : sciclient_direct.obj (.text.Sciclient_query_fw_caps_handler)
                  43c13dc4    0000000c     --HOLE-- [fill = 0]
                  43c13dd0    00000044     nortos.am62x.r5f.ti-arm-clang.debug.lib : DebugP_nortos.obj (.text._DebugP_logZone)
                  43c13e14    0000000c     --HOLE-- [fill = 0]
                  43c13e20    00000044                                             : printf.obj (.text._strnlen_s)
                  43c13e64    00000044     rm_pm_hal_sbl.am62x.r5f.ti-arm-clang.debug.lib : dmsc.obj (.text.am62x_sys_reset_handler)
                  43c13ea8    00000044                                                    : clk.obj (.text.clk_get_state)
                  43c13eec    00000044                                                    : rm_ia.obj (.text.rm_ia_is_managed_resasg_utype)
                  43c13f30    00000042     nortos.am62x.r5f.ti-arm-clang.debug.lib : ClockP_nortos.obj (.text.ClockP_start)
                  43c13f72    0000000e     --HOLE-- [fill = 0]
                  43c13f80    00000042     drivers.am62x.r5f.ti-arm-clang.debug.lib : uart_v0.obj (.text.UART_checkOpenParams)
                  43c13fc2    0000000e     --HOLE-- [fill = 0]
                  43c13fd0    00000042                                              : bootloader_xmodem.obj (.text._outbyte)
                  43c14012    0000000e     --HOLE-- [fill = 0]
                  43c14020    00000042     sciclient_direct_sbl.am62x.r5f.ti-arm-clang.debug.lib : sciclient_direct.obj (.text.board_config_pm_handler)
                  43c14062    00000042     rm_pm_hal_sbl.am62x.r5f.ti-arm-clang.debug.lib : device_clk.obj (.text.device_clk_disable)
                  43c140a4    00000042                                                    : device_clk.obj (.text.device_clk_enable)
                  43c140e6    0000000a     --HOLE-- [fill = 0]
                  43c140f0    00000040     drivers.am62x.r5f.ti-arm-clang.debug.lib : ddr_soc.obj (.text.DDR_writeMMR)
                  43c14130    00000040                                              : uart_v0.obj (.text.UART_readDataPolling)
                  43c14170    00000040     rm_pm_hal_sbl.am62x.r5f.ti-arm-clang.debug.lib : clk_mux.obj (.text.clk_get_parent)
                  43c141b0    00000040     libc.a : memcmp.c.obj (.text.memcmp)
                  43c141f0    00000040     rm_pm_hal_sbl.am62x.r5f.ti-arm-clang.debug.lib : psc.obj (.text.pd_initiate)
                  43c14230    00000040                                                    : rm_irq.obj (.text.rm_irq_is_managed_resasg_utype)
                  43c14270    00000040                                                    : device_psc.obj (.text.soc_device_set_reset_iso)
                  43c142b0    00000040                                                    : trace.obj (.text.trace_debug_internal)
                  43c142f0    0000003e     drivers.am62x.r5f.ti-arm-clang.debug.lib : bootloader_soc.obj (.text.Bootloader_socMemInitCpu)
                  43c1432e    00000002     --HOLE-- [fill = 0]
                  43c14330    0000003e                                              : ddr.obj (.text.DDR_isEnabled)
                  43c1436e    00000002     --HOLE-- [fill = 0]
                  43c14370    0000003e     nortos.am62x.r5f.ti-arm-clang.debug.lib : DebugP_uartLogWriter.obj (.text.DebugP_uartLogWriterPutChar)
                  43c143ae    00000002     --HOLE-- [fill = 0]
                  43c143b0    0000003e     sciclient_direct_sbl.am62x.r5f.ti-arm-clang.debug.lib : sciclient.obj (.text.Sciclient_utilByteCopy)
                  43c143ee    00000002     --HOLE-- [fill = 0]
                  43c143f0    0000003e                                                           : sciclient_secureproxy.obj (.text.Sciclient_waitThread)
                  43c1442e    00000002     --HOLE-- [fill = 0]
                  43c14430    0000003e     ti_drivers_config.obj (.text.System_init)
                  43c1446e    00000002     --HOLE-- [fill = 0]
                  43c14470    0000003e     drivers.am62x.r5f.ti-arm-clang.debug.lib : uart_v0.obj (.text.UART_spaceAvail)
                  43c144ae    0000003e     rm_pm_hal_sbl.am62x.r5f.ti-arm-clang.debug.lib : device_clk.obj (.text.device_clk_get_num_parents)
                  43c144ec    0000003e                                                    : device_psc.obj (.text.soc_device_ret_enable_internal)
                  43c1452a    0000003e                                                    : rm_udmap.obj (.text.udmap_validate_chan_type)
                  43c14568    00000008     --HOLE-- [fill = 0]
                  43c14570    0000003c     drivers.am62x.r5f.ti-arm-clang.debug.lib : bootloader_soc.obj (.text.Bootloader_socGetR5fBtcmAddrAndSize)
                  43c145ac    00000004     --HOLE-- [fill = 0]
                  43c145b0    0000003c                                              : bootloader_soc.obj (.text.Bootloader_socIsAuthRequired)
                  43c145ec    00000004     --HOLE-- [fill = 0]
                  43c145f0    0000003c                                              : bootloader_soc.obj (.text.Bootloader_socIsMCUResetIsoEnabled)
                  43c1462c    00000004     --HOLE-- [fill = 0]
                  43c14630    0000003c                                              : uart_v0.obj (.text.UART_enhanFuncEnable)
                  43c1466c    00000004     --HOLE-- [fill = 0]
                  43c14670    0000003c                                              : uart_v0.obj (.text.UART_resetModule)
                  43c146ac    00000004     --HOLE-- [fill = 0]
                  43c146b0    0000003c                                              : uart_v0.obj (.text.UART_writeDataPolling)
                  43c146ec    0000003c     rm_pm_hal_sbl.am62x.r5f.ti-arm-clang.debug.lib : device_pm.obj (.text.device_disable)
                  43c14728    0000003c                                                    : rm_ir.obj (.text.ir_get_inst)
                  43c14764    0000003c                                                    : psc.obj (.text.lpsc_module_clk_get)
                  43c147a0    0000003c                                                    : mmr_lock.obj (.text.mmr_unlock)
                  43c147dc    0000003c                                                    : psc.obj (.text.psc_lookup_lpsc)
                  43c14818    0000003c                                                    : device_psc.obj (.text.soc_device_get_reset_iso)
                  43c14854    0000003c                                                    : device_psc.obj (.text.soc_device_ret_disable_internal)
                  43c14890    0000003a     drivers.am62x.r5f.ti-arm-clang.debug.lib : bootloader.obj (.text.Bootloader_rprcImageParseEntryPoint)
                  43c148ca    00000006     --HOLE-- [fill = 0]
                  43c148d0    0000003a                                              : bootloader_soc.obj (.text.Bootloader_socGetR5fAtcmAddrAndSize)
                  43c1490a    00000006     --HOLE-- [fill = 0]
                  43c14910    0000003a                                              : lpddr4.obj (.text.LPDDR4_SanityFunction2)
                  43c1494a    00000006     --HOLE-- [fill = 0]
                  43c14950    0000003a     nortos.am62x.r5f.ti-arm-clang.debug.lib : printf.obj (.text._atoi)
                  43c1498a    0000003a     rm_pm_hal_sbl.am62x.r5f.ti-arm-clang.debug.lib : boardcfg-user.obj (.text.boardcfg_pm_receive_and_validate)
                  43c149c4    0000000c     --HOLE-- [fill = 0]
                  43c149d0    00000038     drivers.am62x.r5f.ti-arm-clang.debug.lib : bootloader_mem.obj (.text.Mem_imgRead)
                  43c14a08    00000038     rm_pm_hal_sbl.am62x.r5f.ti-arm-clang.debug.lib : clk.obj (.text.clk_drop_pwr_up_en)
                  43c14a40    00000038                                                    : clk_pll_16fft.obj (.text.clk_pll_16fft_cal_option3)
                  43c14a78    00000038                                                    : clk.obj (.text.clk_value_set_freq)
                  43c14ab0    00000038                                                    : device_clk.obj (.text.device_clk_get_freq)
                  43c14ae8    00000038                                                    : rm_ir.obj (.text.rm_ir_init)
                  43c14b20    00000036     main.obj (.text.App_runLinuxCpu)
                  43c14b56    0000000a     --HOLE-- [fill = 0]
                  43c14b60    00000036     drivers.am62x.r5f.ti-arm-clang.debug.lib : bootloader_mem.obj (.text.Mem_imgOpen)
                  43c14b96    0000000a     --HOLE-- [fill = 0]
                  43c14ba0    00000036                                              : uart_v0.obj (.text.UART_checkTransaction)
                  43c14bd6    0000000a     --HOLE-- [fill = 0]
                  43c14be0    00000034                                              : bootloader.obj (.text.Bootloader_close)
                  43c14c14    0000000c     --HOLE-- [fill = 0]
                  43c14c20    00000034                                              : bootloader_soc.obj (.text.Bootloader_socGetSciclientCpuClkId)
                  43c14c54    0000000c     --HOLE-- [fill = 0]
                  43c14c60    00000034                                              : bootloader_soc.obj (.text.Bootloader_socGetSciclientCpuDevId)
                  43c14c94    0000000c     --HOLE-- [fill = 0]
                  43c14ca0    00000034                                              : gtc_soc.obj (.text.GTC_setFID)
                  43c14cd4    0000000c     --HOLE-- [fill = 0]
                  43c14ce0    00000034                                              : lpddr4.obj (.text.LPDDR4_SanityFunction1)
                  43c14d14    0000000c     --HOLE-- [fill = 0]
                  43c14d20    00000034     nortos.am62x.r5f.ti-arm-clang.debug.lib : TimerP.obj (.text.TimerP_Params_init)
                  43c14d54    0000000c     --HOLE-- [fill = 0]
                  43c14d60    00000034     drivers.am62x.r5f.ti-arm-clang.debug.lib : uart_v0.obj (.text.UART_getRxError)
                  43c14d94    00000034     rm_pm_hal_sbl.am62x.r5f.ti-arm-clang.debug.lib : device.obj (.text.devices_init_rw)
                  43c14dc8    00000034                                                    : psc.obj (.text.psc_lookup)
                  43c14dfc    00000034                                                    : psc.obj (.text.psc_lookup_pd)
                  43c14e30    00000034                                                    : rm.obj (.text.rm_init)
                  43c14e64    0000000c     --HOLE-- [fill = 0]
                  43c14e70    00000032     drivers.am62x.r5f.ti-arm-clang.debug.lib : bootloader_soc.obj (.text.Bootloader_socGetSciclientCpuProcId)
                  43c14ea2    0000000e     --HOLE-- [fill = 0]
                  43c14eb0    00000032     nortos.am62x.r5f.ti-arm-clang.debug.lib : ClockP_nortos.obj (.text.ClockP_sleep)
                  43c14ee2    0000000e     --HOLE-- [fill = 0]
                  43c14ef0    00000032     drivers.am62x.r5f.ti-arm-clang.debug.lib : uart_v0.obj (.text.HW_WR_FIELD32_RAW)
                  43c14f22    0000000e     --HOLE-- [fill = 0]
                  43c14f30    00000032     sciclient_direct_sbl.am62x.r5f.ti-arm-clang.debug.lib : sciclient_secureproxy.obj (.text.Sciclient_flush)
                  43c14f62    0000000e     --HOLE-- [fill = 0]
                  43c14f70    00000032     drivers.am62x.r5f.ti-arm-clang.debug.lib : uart_v0.obj (.text.UART_enhanFuncBitValRestore)
                  43c14fa2    0000000e     --HOLE-- [fill = 0]
                  43c14fb0    00000032                                              : uart_v0.obj (.text.UART_hardwareFlowCtrlOptSet)
                  43c14fe2    00000032     rm_pm_hal_sbl.am62x.r5f.ti-arm-clang.debug.lib : device_pm.obj (.text.device_set_retention)
                  43c15014    0000000c     --HOLE-- [fill = 0]
                  43c15020    00000030     drivers.am62x.r5f.ti-arm-clang.debug.lib : lpddr4.obj (.text.LPDDR4_Start)
                  43c15050    00000030     sciclient_direct_sbl.am62x.r5f.ti-arm-clang.debug.lib : sciclient_secureproxy.obj (.text.Sciclient_readThread32)
                  43c15080    00000030     drivers.am62x.r5f.ti-arm-clang.debug.lib : uart_v0.obj (.text.UART_flowCtrlTrigLvlConfig)
                  43c150b0    00000030     rm_pm_hal_sbl.am62x.r5f.ti-arm-clang.debug.lib : clk_fixed.obj (.text.clk_fixed_get_freq)
                  43c150e0    00000030                                                    : clk.obj (.text.clk_get_freq)
                  43c15110    00000030                                                    : clk.obj (.text.clk_get_parent_freq)
                  43c15140    00000030                                                    : clk.obj (.text.clk_set_state)
                  43c15170    00000030                                                    : trace-uart.obj (.text.trace_debug_uart)
                  43c151a0    0000002e     main.obj (.text.App_runCpus)
                  43c151ce    00000002     --HOLE-- [fill = 0]
                  43c151d0    0000002e     drivers.am62x.r5f.ti-arm-clang.debug.lib : bootloader_soc.obj (.text.Bootloader_socCpuGetClkDefault)
                  43c151fe    00000002     --HOLE-- [fill = 0]
                  43c15200    0000002e                                              : bootloader_soc.obj (.text.Bootloader_socGetCoreName)
                  43c1522e    00000002     --HOLE-- [fill = 0]
                  43c15230    0000002e     sciclient_direct_sbl.am62x.r5f.ti-arm-clang.debug.lib : sciclient.obj (.text.CSL_secProxyGetMaxMsgSize)
                  43c1525e    00000002     --HOLE-- [fill = 0]
                  43c15260    0000002e                                                           : sciclient_direct_wrapper.obj (.text.Sciclient_secProxyReadThread32)
                  43c1528e    00000002     --HOLE-- [fill = 0]
                  43c15290    0000002e     drivers.am62x.r5f.ti-arm-clang.debug.lib : uart_v0.obj (.text.UART_deinit)
                  43c152be    00000002     --HOLE-- [fill = 0]
                  43c152c0    0000002e     nortos.am62x.r5f.ti-arm-clang.debug.lib : printf.obj (.text._is_digit)
                  43c152ee    0000002e     rm_pm_hal_sbl.am62x.r5f.ti-arm-clang.debug.lib : clk_pll_16fft.obj (.text.clk_pll_16fft_set_state)
                  43c1531c    00000004     --HOLE-- [fill = 0]
                  43c15320    0000002c     drivers.am62x.r5f.ti-arm-clang.debug.lib : bootloader_soc.obj (.text.Bootloader_socInitHSMM4fIram)
                  43c1534c    00000004     --HOLE-- [fill = 0]
                  43c15350    0000002c                                              : lpddr4.obj (.text.CPS_FldSet)
                  43c1537c    00000004     --HOLE-- [fill = 0]
                  43c15380    0000002c                                              : lpddr4_16bit.obj (.text.CPS_FldSet)
                  43c153ac    00000004     --HOLE-- [fill = 0]
                  43c153b0    0000002c                                              : ddr_soc.obj (.text.DDR_ResetDDR_PLL)
                  43c153dc    00000004     --HOLE-- [fill = 0]
                  43c153e0    0000002c     nortos.am62x.r5f.ti-arm-clang.debug.lib : DebugP_log.obj (.text.DebugP_logZoneEnable)
                  43c1540c    00000004     --HOLE-- [fill = 0]
                  43c15410    0000002c                                             : SemaphoreP_nortos.obj (.text.SemaphoreP_constructBinary)
                  43c1543c    00000004     --HOLE-- [fill = 0]
                  43c15440    0000002c                                             : TimerP.obj (.text.TimerP_clearOverflowInt)
                  43c1546c    00000004     --HOLE-- [fill = 0]
                  43c15470    0000002c     drivers.am62x.r5f.ti-arm-clang.debug.lib : uart_v0.obj (.text.UART_moduleReset)
                  43c1549c    0000002c     rm_pm_hal_sbl.am62x.r5f.ti-arm-clang.debug.lib : clk_div.obj (.text.clk_get_div)
                  43c154c8    0000002c                                                    : clk.obj (.text.clk_lookup)
                  43c154f4    0000002c                                                    : clk_div.obj (.text.clk_lookup)
                  43c15520    0000002c                                                    : clk_mux.obj (.text.clk_lookup)
                  43c1554c    0000002c                                                    : clk_pll_16fft.obj (.text.clk_lookup)
                  43c15578    0000002c                                                    : device_clk.obj (.text.clk_lookup)
                  43c155a4    0000002c                                                    : psc.obj (.text.clk_lookup)
                  43c155d0    0000002c                                                    : psc.obj (.text.device_lookup)
                  43c155fc    0000002c                                                    : rm_irq.obj (.text.irq_is_evt_src)
                  43c15628    0000002c                                                    : psc.obj (.text.lpsc_module_get_state)
                  43c15654    0000000c     --HOLE-- [fill = 0]
                  43c15660    0000002a     drivers.am62x.r5f.ti-arm-clang.debug.lib : bootloader_soc.obj (.text.Bootloader_socInitM4fIram)
                  43c1568a    00000006     --HOLE-- [fill = 0]
                  43c15690    0000002a     nortos.am62x.r5f.ti-arm-clang.debug.lib : ClockP_nortos.obj (.text.ClockP_sleepTicks)
                  43c156ba    00000006     --HOLE-- [fill = 0]
                  43c156c0    0000002a     drivers.am62x.r5f.ti-arm-clang.debug.lib : soc.obj (.text.SOC_setDevStat)
                  43c156ea    00000006     --HOLE-- [fill = 0]
                  43c156f0    0000002a     ti_drivers_config.obj (.text.System_deinit)
                  43c1571a    00000006     --HOLE-- [fill = 0]
                  43c15720    0000002a     drivers.am62x.r5f.ti-arm-clang.debug.lib : bootloader_xmodem.obj (.text.UART_Transaction_init)
                  43c1574a    00000006     --HOLE-- [fill = 0]
                  43c15750    0000002a     nortos.am62x.r5f.ti-arm-clang.debug.lib : DebugP_uartLogWriter.obj (.text.UART_Transaction_init)
                  43c1577a    00000006     --HOLE-- [fill = 0]
                  43c15780    0000002a     drivers.am62x.r5f.ti-arm-clang.debug.lib : uart_v0.obj (.text.UART_intr2Disable)
                  43c157aa    00000006     --HOLE-- [fill = 0]
[...]
43c115d1  Pinmux_config                        
43c11641  Sciclient_getDefaultBoardCfgInfo     
43c116b1  UART_dmaOpen                         
43c11791  Bootloader_getX509CertLen            
43c11801  LPDDR4_EnablePIInitiator             
43c118e1  Bootloader_socCpuRelease             
43c11a29  device_clk_init                      
43c11a95  get_dev_clk                          
43c11b01  lpsc_module_set_reset_iso            
43c11b71  Bootloader_socCpuRequest             
43c11be1  LPDDR4_WriteCtlConfig                
43c11c51  LPDDR4_WritePhyConfig                
43c11cc1  LPDDR4_WritePhyIndepConfig           
43c11da1  Bootloader_loadCpu                   
43c11e11  Sciclient_procBootSetProcessorCfg    
43c11ee9  rm_core_validate_devgrp              
43c11f51  rm_ir_get_outp                       
43c11fc1  Bootloader_socInitR5FAtcmBtcm        
43c12105  clk_div_reg_get_div                  
43c12295  rm_core_resasg_get_utype_index       
43c12301  _inbyte                              
43c12371  Bootloader_xmodemReceive             
43c12431  clk_notify_freq                      
43c12491  soc_device_get_state                 
43c12671  LPDDR4_CheckPhyIndepInterrupt        
43c12731  Module_clockSetFrequency             
43c12791  Sciclient_abiCheck                   
43c127ed  clk_div_reg_go_get_div               
43c128a5  device_clk_get_hw_ready              
43c12901  get_freq_handler                     
43c1295d  set_device_resets_handler            
43c129b9  soc_device_disable                   
43c12a21  SemaphoreP_post                      
43c12ae1  Bootloader_socRprcToCslCoreId        
43c12b41  Bootloader_xmodemTransmit            
43c12b99  lib_itoa                             
43c12bf1  mmr_unlock_all                       
43c12c49  pll_init                             
43c12d01  Bootloader_BootImageInfo_init        
43c12d61  SemaphoreP_construct                 
43c12dc1  UART_readInterruptDma                
43c12e21  UART_writeInterruptDma               
43c12e75  clk_div_init                         
43c12ec9  device_clk_set_freq_change           
43c12f1d  device_clk_set_ssc                   
43c12f71  lpsc_module_get_local_reset          
43c12fc5  rm_irq_oes_src_register              
43c13019  soc_device_enable                    
43c13071  App_loadImages                       
43c130d1  LPDDR4_AckPhyIndepInterrupt          
43c13131  SOC_controlModuleLockMMR             
43c13191  crc16_ccitt                          
43c13241  DDR_unlockPLLMMR                     
43c13291  Drivers_uartClose                    
43c13331  soc_device_get_context_loss_count    
43c13381  soc_device_set_resets                
43c13420  __TI_auto_init_nobinit_nopinit       
43c13471  Bootloader_socCpuPowerOnReset        
43c134c1  UART_getHandle                       
43c135b1  Module_clockDisable                  
43c13601  Module_clockEnable                   
43c13739  lpsc_module_get_reset_iso            
43c137d1  soc_device_get_resets                
43c1381d  soc_device_ret_disable               
43c13869  soc_device_ret_enable                
43c13961  DDR_readMMR                          
43c13a01  LPDDR4_Init                          
43c13a91  clk_put                              
43c13ad9  get_dev_clk_data                     
43c13b21  Dpl_init                             
43c13ce1  App_loadLinuxImages                  
43c13d31  App_loadSelfcoreImage                
43c13d81  Sciclient_query_fw_caps_handler      
43c13dd1  _DebugP_logZone                      
43c13ea9  clk_get_state                        
43c13eed  rm_ia_is_managed_resasg_utype        
43c13f31  ClockP_start                         
43c13fd1  _outbyte                             
43c14063  device_clk_disable                   
43c140a5  device_clk_enable                    
43c140f1  DDR_writeMMR                         
43c14171  clk_get_parent                       
43c141b0  memcmp                               
43c14231  rm_irq_is_managed_resasg_utype       
43c14271  soc_device_set_reset_iso             
43c142f1  Bootloader_socMemInitCpu             
43c14371  DebugP_uartLogWriterPutChar          
43c143f1  Sciclient_waitThread                 
43c14431  System_init                          
43c144af  device_clk_get_num_parents           
43c14571  Bootloader_socGetR5fBtcmAddrAndSize  
43c145b1  Bootloader_socIsAuthRequired         
43c145f1  Bootloader_socIsMCUResetIsoEnabled   
43c146ed  device_disable                       
43c147a1  mmr_unlock                           
43c147dd  psc_lookup_lpsc                      
43c14819  soc_device_get_reset_iso             
43c14891  Bootloader_rprcImageParseEntryPoint  
43c148d1  Bootloader_socGetR5fAtcmAddrAndSize  
43c1498b  boardcfg_pm_receive_and_validate     
43c14a09  clk_drop_pwr_up_en                   
43c14a79  clk_value_set_freq                   
43c14ab1  device_clk_get_freq                  
43c14ae9  rm_ir_init                           
43c14b21  App_runLinuxCpu                      
43c14be1  Bootloader_close                     
43c14c21  Bootloader_socGetSciclientCpuClkId   
43c14c61  Bootloader_socGetSciclientCpuDevId   
43c14ca1  GTC_setFID                           
43c14d21  TimerP_Params_init                   
43c14d95  devices_init_rw                      
43c14dc9  psc_lookup                           
43c14dfd  psc_lookup_pd                        
43c14e31  rm_init                              
43c14e71  Bootloader_socGetSciclientCpuProcId  
43c14eb1  ClockP_sleep                         
43c14f31  Sciclient_flush                      
43c14fe3  device_set_retention                 
43c15021  LPDDR4_Start                         
43c15051  Sciclient_readThread32               
43c150e1  clk_get_freq                         
43c15111  clk_get_parent_freq                  
43c15141  clk_set_state                        
43c15171  trace_debug_uart                     
43c151a1  App_runCpus                          
43c151d1  Bootloader_socCpuGetClkDefault       
43c15201  Bootloader_socGetCoreName            
43c15291  UART_deinit                          
43c15321  Bootloader_socInitHSMM4fIram         
43c153b1  DDR_ResetDDR_PLL                     
43c153e1  DebugP_logZoneEnable                 
43c15411  SemaphoreP_constructBinary           
43c15441  TimerP_clearOverflowInt              
43c1549d  clk_get_div                          
43c15629  lpsc_module_get_state                
43c15661  Bootloader_socInitM4fIram            
43c156c1  SOC_setDevStat                       
43c156f1  System_deinit                        
43c15891  Sciclient_verifyThread               
43c158b9  clk_value_get_freq                   
43c158e1  query_fw_caps_handler                
43c15909  rm_ia_validate_vint                  
43c15931  rm_ir_is_managed_resasg_utype        
43c15959  rm_ir_validate_output                
43c159d1  vprintf_                             
43c159f8  __aeabi_llsl                         
43c159f8  __ashldi3                            
43c15a20  __aeabi_llsr                         
43c15a20  __lshrdi3                            
43c15a51  Bootloader_getBootMedia              
43c15a81  GTC_enable                           
43c15ab1  LPDDR4_Probe                         
43c15b71  Bootloader_CpuInfo_init              
43c15bd1  SOC_moduleGetClockFrequency          
43c15c01  SemaphoreP_constructMutex            
43c15c61  _system_pre_init                     
43c15c85  boardcfg_get_rm_devgrp               
43c15cf1  device_prepare_exclusive             
43c15d15  device_suspend                       
43c15d39  dmsc_init                            
43c15d5d  lpsc_module_idx                      
43c15d81  osal_delay                           
43c15da5  rm_ia_vint_get_info                  
43c15dc9  rm_irq_init                          
43c15e58  __aeabi_uldivmod                     
43c15e81  Bootloader_JumpSelfCpu               
43c15eb1  Bootloader_socAuthImage              
43c15ee1  GTC_init                             
43c15f63  clk_ssc_allow                        
43c15f85  device_clk_set_input_term            
43c16031  Pinmux_init                          
43c16071  clk_ssc_block                        
43c160f1  ClockP_Params_init                   
43c1612f  device_resource_mem                  
43c1616b  sys_reset_handler                    
43c16189  u32map_get                           
43c161b1  Bootloader_socCpuSetEntryPoint       
43c161d1  CSL_secProxyGetDataAddr              
43c16225  sleep_modes_register                 
43c16240  TI_memcpy_small                      
43c1625c  __aeabi_memset                       
43c1625c  __aeabi_memset4                      
43c1625c  __aeabi_memset8                      
43c1626c  __aeabi_memclr                       
43c1626c  __aeabi_memclr4                      
43c1626c  __aeabi_memclr8                      
43c162a1  LPDDR4_AddOffset                     
43c16321  Sciclient_threadStatusReg            
43c1635b  notifier_call                        
43c16391  ClockP_ticksToUsec                   
43c163d1  SemaphoreP_Params_init               
43c163f1  TimerP_start                         
43c16411  TimerP_stop                          
43c16489  boardcfg_get_rm_resasg_size          
43c164d1  dev_get_clk                          
43c16500  TI_memset_small                      
43c16521  ClockP_isActive                      
43c16541  Sciclient_readThreadCount            
43c16597  clk_div_get_freq                     
43c165c3  device_clk_set_freq                  
43c16601  Bootloader_Params_init               
43c16661  DebugP_uartSetDrvIndex               
43c16695  boardcfg_get_rm_resasg               
43c166bd  device_clk_get_freq_change           
43c166d1  device_clk_get_input_term            
43c166e5  device_clk_get_ssc                   
43c166f9  device_clk_get_sw_gated              
43c16711  putchar_                             
43c16725  rm_core_unmap_region                 
43c16739  system_reset                         
43c16751  Sciclient_TisciMsgSetAckResp         
43c16771  Sciclient_TisciMsgSetNakResp         
43c16791  TimerP_getCount                      
43c167b1  TimerP_getReloadCount                
43c167f1  CPS_UncachedWrite32                  
43c16831  ClockP_getTimerCount                 
43c16841  ClockP_timerClearOverflowInt         
43c16901  device_clk_query_freq                
43c16921  pm_devgroup_is_enabled               
43c16931  pm_devgroup_set_enabled              
43c16941  rm_core_map_region                   
43c16951  Board_driversOpen                    
43c16961  Bootloader_socSelfCPUjump            
43c16971  CPS_UncachedRead32                   
43c169b1  ClockP_getTicks                      
43c169c1  PowerClock_init                      
43c169e1  Bootloader_socGetSBLMem              
43c16a01  Bootloader_socWaitForFWBoot          
43c16a11  Drivers_close                        
43c16a21  Drivers_open                         
43c16a31  Drivers_uartInit                     
43c16a41  PowerClock_deinit                    
43c16a51  SemaphoreP_destruct                  
43c16a60  __aeabi_ldiv0                        
43c16a71  DDR_socEnableVttRegulator            
43c16a81  Dpl_deinit                           
43c16a91  TaskP_yield                          
43c181d1  HwiP_enableInt                       
43c18211  HwiP_disableInt                      
43c18271  HwiP_restoreInt                      
43c182a1  HwiP_clearInt                        
43c182e1  HwiP_post                            
43c18321  HwiP_Params_init                     
43c18351  HwiP_construct                       
43c18551  HwiP_destruct                        
43c185c1  HwiP_init                            
43c18731  HwiP_inISR                           
43c18791  HwiP_irq_handler_c                   
43c188d1  HwiP_fiq_handler                     
43c18a11  HwiP_reserved_handler                
43c18a51  HwiP_undefined_handler               
43c18a91  HwiP_svc_handler                     
43c18ad1  HwiP_prefetch_abort_handler          
43c18b11  HwiP_data_abort_handler              
43c18b68  HwiP_irq_handler                     
43c18be0  HwiP_disable                         
43c18bf0  HwiP_disableFIQ                      
43c18c00  HwiP_enable                          
43c18c10  HwiP_enableFIQ                       
43c18c20  HwiP_restore                         
43c18c28  HwiP_enableVIC                       
43c18c38  HwiP_disableVIC                      
43c18c48  HwiP_getCPSR                         
43c18c50  CacheP_disableL1d                    
43c18c78  CacheP_disableL1p                    
43c18c90  CacheP_enableL1d                     
43c18ca8  CacheP_enableL1p                     
43c18cc0  CacheP_invL1d                        
43c18cf8  CacheP_invL1p                        
43c18d34  CacheP_invL1dAll                     
43c18d3c  CacheP_invL1pAll                     
43c18d44  CacheP_wb                            
43c18d80  CacheP_wbInv                         
43c18dbc  CacheP_wbAll                         
43c18e64  CacheP_wbInvAll                      
43c18e7c  CacheP_wbInvAllAsm                   
43c18f1c  CacheP_getEnabled                    
43c18f54  CacheP_getCacheLevelInfo             
43c18f60  CacheP_configForceWrThru             
43c18f80  CacheP_setDLFO                       
43c18f91  CacheP_init                          
43c19011  CacheP_disable                       
43c19061  CacheP_enable                        
43c190a1  CacheP_inv                           
43c190e1  MpuP_RegionAttrs_init                
43c19111  MpuP_setRegion                       
43c19201  MpuP_enable                          
43c19251  MpuP_disable                         
43c19291  MpuP_isEnable                        
43c192a1  MpuP_init                            
43c19338  MpuP_disableAsm                      
43c19350  MpuP_disableBRAsm                    
43c19360  MpuP_enableAsm                       
43c19378  MpuP_enableBRAsm                     
43c19388  MpuP_isEnableAsm                     
43c1939c  MpuP_setRegionAsm                    
43c193b0  _c_int00_sbl                         
43c193d4  _c_int00                             
43c194b1  _DebugP_assertNoLog                  
43c194e1  __mpu_init                           
43c194f0  gUartDmaConfig                       
43c19fec  DDRSS_phyReg                         
43c1a7d8  DDRSS_ctlReg                         
43c1ae74  DDRSS_phyIndepReg                    
43c1b3d8  DDRSS_phyRegNum                      
43c1b7ce  DDRSS_ctlRegNum                      
43c1bb1c  DDRSS_phyIndepRegNum                 
43c1bdd0  resasg_indexer                       
43c1c0f0  ra_inst                              
43c1c21c  udmap_inst                           
43c1c30c  gAddrTranslateInfo                   
43c1c3d0  gCoreBootInfo                        
43c1c514  gMpuRegionConfig                     
43c1c5a4  ir_inst                              
43c1c614  gSciclientHandle                     
43c1c670  ia_inst                              
43c1c6cc  gUartParams                          
43c1c724  gBootloaderConfig                    
43c1c7e8  gSciclientRomSecProxyCfg             
43c1c808  gSciclient_secProxyCfg               
43c1c828  gClockConfig                         
43c1c858  gSocModulesClockFrequency            
43c1c888  gBootloaderMemFxns                   
43c1c89c  gResMemSection                       
43c1c8c0  gSocModules                          
43c1c8d0  gAddrTranslateConfig                 
43c1c8dc  gMpuConfig                           
43c1c8f8  gBootloader0Args                     
43c1c900  gBootloader1Args                     
43c1c908  gBootloader2Args                     
43c1c910  gCacheConfig                         
43c1c928  gUartConfig                          
43c1c930  gBootloaderConfigNum                 
43c1c934  gCacheL1dCacheLineSize               
43c1c938  gCacheL1pCacheLineSize               
43c1c93c  gDebugLogZone                        
43c1c940  gDebugP_uartDrvIndex                 
43c1c944  gHwiConfig                           
43c1c94c  gUartConfigNum                       
43c1c950  gUartDmaConfigNum                    
43c1c954  operatingMode                        
43c1c958  pSciclient_secProxyCfg               
43c1c964  selfcoreEntry                        
43c1c968  soc_clock_data                       
43c1c968  soc_psc_multiple_domains             
43c1ddb8  soc_device_data_arr                  
43c1e4ea  irq_global_event_types_count         
43c1e4ec  soc_pll_table                        
43c1ea1c  soc_host_indexes                     
43c1ec0a  soc_host_indexes_sz                  
43c1ec0c  gSciclientMap                        
43c1ee90  soc_clock_freq_defaults              
43c1f114  gSOC_r5fVectors                      
43c1f15c  soc_devgroups                        
43c1f2b6  ia_soc_pe_init_list                  
43c1f3e0  soc_clock_ranges                     
43c1f408  clk_drv_div_fixed                    
43c1f42c  clk_drv_div_pll_16fft_hsdiv          
43c1f450  clk_drv_div_pll_16fft_postdiv        
43c1f474  clk_drv_div_reg                      
43c1f498  clk_drv_div_reg_go                   
43c1f4fc  clk_drv_mux_reg                      
43c1f51c  clk_drv_pllctrl_mux_reg_ro           
43c1f53c  irq_global_event_types               
43c1f5ac  clk_drv_fixed                        
43c1f5c4  clk_drv_from_device                  
43c1f5dc  clk_drv_pll_16fft                    
43c1f5f4  clk_drv_soc_hfosc0                   
43c1f60c  clk_drv_soc_lfosc0                   
43c1f640  soc_fw_caps                          
43c1fec0  psc_drv                              
43c201d4  gSOC_a53WhileLoop                    
43c201dc  gcSciclientDirectExtBootX509MagicWord
43c20428  evt_rt_srcs                          
43c2042c  evt_rt_srcs_count                    
43c20450  ra_inst_count                        
43c20454  soc_clock_count                      
43c20458  soc_devgroup_count                   
43c2045c  soc_device_count                     
43c20464  udmap_inst_count                     
43c20480  gSciclient_boardCfgLow               
43c20500  gSciclient_boardCfgLow_rm            
43c20a80  gSciclient_boardCfgLow_sec           
43c20c00  gSciclient_boardCfgLow_pm            
43c20c80  __stack                              
43c24c80  __BSS_START                          
43c24c80  __STACK_END                          
43c24c80  gHwiCtrl                             
43c265bc  soc_clocks                           
43c269c0  soc_devices                          
43c26fd4  soc_clock_values                     
43c27384  _freertosresetvectors                
43c273c8  gClockCtrl                           
43c27440  gUartHandle                          
43c27448  __BSS_END                            
43c27448  __IRQ_STACK_START                    
43c28448  __FIQ_STACK_START                    
43c28448  __IRQ_STACK_END                      
43c28548  __FIQ_STACK_END                      
43c28548  __SVC_STACK_START                    
43c28648  __ABORT_STACK_START                  
43c28648  __SVC_STACK_END                      
43c28748  __ABORT_STACK_END                    
43c28748  __UNDEFINED_STACK_START              
43c28848  __UNDEFINED_STACK_END                
a0000000  gAppImageBuf                         
ffffffff  __TI_pprof_out_hndl                  
ffffffff  __TI_prof_data_size                  
ffffffff  __TI_prof_data_start                 
ffffffff  __binit__                            
ffffffff  binit                                
UNDEFED   __TI_CINIT_Base                      
UNDEFED   __TI_CINIT_Limit                     
UNDEFED   __TI_Handler_Table_Base              
UNDEFED   __TI_Handler_Table_Limit             
UNDEFED   _system_post_cinit                   

[598 symbols]
