******************************************************************************
            TI ARM Clang Linker Unix v2.1.2                    
******************************************************************************
>> Linked Fri Feb 24 09:07:31 2023

OUTPUT FILE NAME:   <sbl_null.release.out>
ENTRY POINT SYMBOL: "_vectors_sbl"  address: 43c00040


MEMORY CONFIGURATION

         name            origin    length      used     unused   attr    fill
----------------------  --------  ---------  --------  --------  ----  --------
  HSM_RAM_VECS          43c00000   00000100  00000080  00000080  RWIX
  HSM_RAM               43c00100   0003c700  0002af80  00011780  RWIX
  APPIMAGE              82000000   00800000  00800000  00000000  RWIX


SEGMENT ALLOCATION MAP

run origin  load origin   length   init length attrs members
----------  ----------- ---------- ----------- ----- -------
43c00000    43c00000    00000080   00000080    r-x
  43c00000    43c00000    00000080   00000080    r-x .vectors
43c00100    43c00100    00018d38   00018d38    r-x
  43c00100    43c00100    00017610   00017610    r-x .text
  43c17710    43c17710    00001728   00001728    r-- .const
43c18e40    43c18e40    00000f60   00000f60    r-x
  43c18e40    43c18e40    00000790   00000790    r-x .text.hwi
  43c195d0    43c195d0    00000460   00000460    r-x .text.cache
  43c19a30    43c19a30    00000240   00000240    r-x .text.mpu
  43c19c70    43c19c70    00000130   00000130    r-x .text.boot
43c19da0    43c19da0    00003858   00003858    rw-
  43c19da0    43c19da0    00003858   00003858    rw- .data
43c1d5f8    43c1d5f8    000045a0   000045a0    r--
  43c1d5f8    43c1d5f8    000045a0   000045a0    r-- .rodata
43c21c00    43c21c00    00000800   00000800    r--
  43c21c00    43c21c00    00000800   00000800    r-- .boardcfg_data
43c22400    43c22400    00007880   00000000    rw-
  43c22400    43c22400    00004000   00000000    rw- .stack
  43c26400    43c26400    00003880   00000000    rw- .bss
43c29c80    43c29c80    00001400   00000000    r--
  43c29c80    43c29c80    00001000   00000000    r-- .irqstack
  43c2ac80    43c2ac80    00000100   00000000    r-- .fiqstack
  43c2ad80    43c2ad80    00000100   00000000    r-- .svcstack
  43c2ae80    43c2ae80    00000100   00000000    r-- .abortstack
  43c2af80    43c2af80    00000100   00000000    r-- .undefinedstack
82000000    82000000    00800000   00000000    rw-
  82000000    82000000    00800000   00000000    rw- .app


SECTION ALLOCATION MAP

 output                                  attributes/
section   page    origin      length       input sections
--------  ----  ----------  ----------   ----------------
.vectors   0    43c00000    00000080     
                  43c00000    00000040     nortos.am62x.r5f.ti-arm-clang.release.lib : HwiP_armv7r_vectors_nortos_asm.obj (.vectors)
                  43c00040    00000040                                               : HwiP_armv7r_vectors_nortos_sbl_asm.obj (.vectors)

.text      0    43c00100    00017610     
                  43c00100    00000754     rm_pm_hal_sbl.am62x.r5f.ti-arm-clang.release.lib : pll.obj (.text.pll_calc)
                  43c00854    000006d8                                                      : rm_udmap.obj (.text.rm_udmap_tx_ch_cfg)
                  43c00f2c    00000618                                                      : rm_udmap.obj (.text.rm_udmap_rx_ch_cfg)
                  43c01544    0000000c     sciclient_direct_sbl.am62x.r5f.ti-arm-clang.release.lib : sciclient_rm.obj (.text.Sciclient_rmIrqRelease)
                  43c01550    00000596     nortos.am62x.r5f.ti-arm-clang.release.lib : printf.obj (.text._vsnprintf)
                  43c01ae6    00000002     rm_pm_hal_sbl.am62x.r5f.ti-arm-clang.release.lib : ioremap.obj (.text.ioremap_internal)
                  43c01ae8    0000053c     sciclient_direct_sbl.am62x.r5f.ti-arm-clang.release.lib : sciclient_rm_irq.obj (.text.Sciclient_rmIrqFindRoute)
                  43c02024    0000000c     rm_pm_hal_sbl.am62x.r5f.ti-arm-clang.release.lib : device_prepare.obj (.text.device_prepare_nonexclusive)
                  43c02030    00000522     drivers.am62x.r5f.ti-arm-clang.release.lib : udma_ch.obj (.text.Udma_chDisable)
                  43c02552    0000000e     sciclient_direct_sbl.am62x.r5f.ti-arm-clang.release.lib : sciclient_rm_irq.obj (.text.Sciclient_rmIrIsIr)
                  43c02560    000004ea     drivers.am62x.r5f.ti-arm-clang.release.lib : uart_v0.obj (.text.UART_open)
                  43c02a4a    00000006     rm_pm_hal_sbl.am62x.r5f.ti-arm-clang.release.lib : clk_pll_16fft.obj (.text.pll_16fft_bin)
                  43c02a50    0000046a     drivers.am62x.r5f.ti-arm-clang.release.lib : udma_event.obj (.text.Udma_eventRegister)
                  43c02eba    00000004     sciclient_direct_sbl.am62x.r5f.ti-arm-clang.release.lib : sciclient_direct_wrapper.obj (.text.Sciclient_getSelfDevIdCore)
                  43c02ebe    00000002     rm_pm_hal_sbl.am62x.r5f.ti-arm-clang.release.lib : mmr_lock.obj (.text.mmr_lock_all)
                  43c02ec0    0000042e     board.am62x.r5f.ti-arm-clang.release.lib : flash_nand_ospi.obj (.text.Flash_nandOspiOpen)
                  43c032ee    00000002     rm_pm_hal_sbl.am62x.r5f.ti-arm-clang.release.lib : map.obj (.text.u32_get_bytes)
                  43c032f0    00000428                                                      : rm_ra.obj (.text.rm_ra_cfg)
                  43c03718    00000008                                                      : clk.obj (.text.clk_freq_change_allow)
                  43c03720    000003b2     drivers.am62x.r5f.ti-arm-clang.release.lib : udma_rm.obj (.text.Udma_rmDeinit)
                  43c03ad2    00000002     --HOLE-- [fill = 0]
                  43c03ad4    0000000c     rm_pm_hal_sbl.am62x.r5f.ti-arm-clang.release.lib : sys-reset.obj (.text.sys_reset_handler_register)
                  43c03ae0    0000039c     drivers.am62x.r5f.ti-arm-clang.release.lib : udma_ch.obj (.text.Udma_chOpen)
                  43c03e7c    00000394     rm_pm_hal_sbl.am62x.r5f.ti-arm-clang.release.lib : psc.obj (.text.lpsc_module_sync_state)
                  43c04210    00000388     nortos.am62x.r5f.ti-arm-clang.release.lib : printf.obj (.text._ftoa)
                  43c04598    00000008     rm_pm_hal_sbl.am62x.r5f.ti-arm-clang.release.lib : clk.obj (.text.clk_freq_change_block)
                  43c045a0    00000366     drivers.am62x.r5f.ti-arm-clang.release.lib : udma_rm.obj (.text.Udma_rmInit)
                  43c04906    0000000a     rm_pm_hal_sbl.am62x.r5f.ti-arm-clang.release.lib : clk.obj (.text.clk_notify_children_freq)
                  43c04910    00000310     nortos.am62x.r5f.ti-arm-clang.release.lib : printf.obj (.text._etoa)
                  43c04c20    000002fa     drivers.am62x.r5f.ti-arm-clang.release.lib : ospi_v0.obj (.text.OSPI_open)
                  43c04f1a    00000002     --HOLE-- [fill = 0]
                  43c04f1c    000002f8     rm_pm_hal_sbl.am62x.r5f.ti-arm-clang.release.lib : clk_div.obj (.text.clk_div_set_freq)
                  43c05214    000002f8                                                      : rm_udmap.obj (.text.rm_udmap_flow_cfg)
                  43c0550c    00000004     sciclient_direct_sbl.am62x.r5f.ti-arm-clang.release.lib : sciclient_rm.obj (.text.Sciclient_rmIrqSet)
                  43c05510    000002f0     drivers.am62x.r5f.ti-arm-clang.release.lib : ddr.obj (.text.DDR_init)
                  43c05800    000002e8     rm_pm_hal_sbl.am62x.r5f.ti-arm-clang.release.lib : clk_pll_16fft.obj (.text.clk_pll_16fft_internal_set_freq)
                  43c05ae8    000002c8     sciclient_direct_sbl.am62x.r5f.ti-arm-clang.release.lib : sciclient.obj (.text.Sciclient_serviceSecureProxy)
                  43c05db0    00000292     drivers.am62x.r5f.ti-arm-clang.release.lib : udma_rmcfg_common.obj (.text.UdmaRmInitPrms_init)
                  43c06042    00000002     --HOLE-- [fill = 0]
                  43c06044    0000000c     rm_pm_hal_sbl.am62x.r5f.ti-arm-clang.release.lib : trace.obj (.text.trace_reconfigure)
                  43c06050    00000288     drivers.am62x.r5f.ti-arm-clang.release.lib : udma_soc.obj (.text.Udma_initDrvHandle)
                  43c062d8    00000282     rm_pm_hal_sbl.am62x.r5f.ti-arm-clang.release.lib : pll.obj (.text.pll_consider)
                  43c0655a    00000002     --HOLE-- [fill = 0]
                  43c0655c    00000280     sciclient_direct_sbl.am62x.r5f.ti-arm-clang.release.lib : sciclient_rm_irq.obj (.text.Sciclient_rmIrqGetRoute)
                  43c067dc    00000260     rm_pm_hal_sbl.am62x.r5f.ti-arm-clang.release.lib : clk_pll_16fft.obj (.text.clk_pll_16fft_init)
                  43c06a3c    00000244                                                      : device_clk.obj (.text.__device_clk_set_freq)
                  43c06c80    0000022c     sciclient_direct_sbl.am62x.r5f.ti-arm-clang.release.lib : sciclient_rm_irq.obj (.text.Sciclient_rmProgramInterruptRoute)
                  43c06eac    00000228     rm_pm_hal_sbl.am62x.r5f.ti-arm-clang.release.lib : device.obj (.text.devices_init)
                  43c070d4    00000224                                                      : rm_irq.obj (.text.rm_irq_release)
                  43c072f8    00000008                                                      : psc.obj (.text.lpsc_module_get)
                  43c07300    0000021c     drivers.am62x.r5f.ti-arm-clang.release.lib : uart_v0.obj (.text.UART_masterIsr)
                  43c0751c    00000004     sciclient_direct_sbl.am62x.r5f.ti-arm-clang.release.lib : sciclient_rm.obj (.text.Sciclient_rmIrqTranslateIaOutput)
                  43c07520    0000020a     drivers.am62x.r5f.ti-arm-clang.release.lib : udma_event.obj (.text.Udma_eventUnRegister)
                  43c0772a    00000004     rm_pm_hal_sbl.am62x.r5f.ti-arm-clang.release.lib : clk_fixed.obj (.text.clk_fixed_get_state)
                  43c0772e    00000002     --HOLE-- [fill = 0]
                  43c07730    000001fe     drivers.am62x.r5f.ti-arm-clang.release.lib : uart_v0.obj (.text.UART_write)
                  43c0792e    00000002     --HOLE-- [fill = 0]
                  43c07930    000001fc     rm_pm_hal_sbl.am62x.r5f.ti-arm-clang.release.lib : rm_irq.obj (.text.rm_irq_set)
                  43c07b2c    00000004                                                      : clk_dev.obj (.text.clk_from_device_notify_freq)
                  43c07b30    000001e2     board.am62x.r5f.ti-arm-clang.release.lib : flash_nand_ospi.obj (.text.Flash_nandOspiWrite)
                  43c07d12    00000002     --HOLE-- [fill = 0]
                  43c07d14    000001cc     sciclient_direct_sbl.am62x.r5f.ti-arm-clang.release.lib : sciclient_direct.obj (.text.Sciclient_service)
                  43c07ee0    000001ca     drivers.am62x.r5f.ti-arm-clang.release.lib : csl_bcdma.obj (.text.CSL_bcdmaChanOp)
                  43c080aa    00000002     --HOLE-- [fill = 0]
                  43c080ac    000001c8     sciclient_direct_sbl.am62x.r5f.ti-arm-clang.release.lib : sciclient.obj (.text.Sciclient_init)
                  43c08274    000001c0                                                             : sciclient_rm_irq.obj (.text.Sciclient_rmClearInterruptRoute)
                  43c08434    0000000a     rm_pm_hal_sbl.am62x.r5f.ti-arm-clang.release.lib : clk_div.obj (.text.readl)
                  43c0843e    00000002     --HOLE-- [fill = 0]
                  43c08440    000001c0     nortos.am62x.r5f.ti-arm-clang.release.lib : TimerP.obj (.text.TimerP_setup)
                  43c08600    000001ae     drivers.am62x.r5f.ti-arm-clang.release.lib : bootloader_soc.obj (.text.Bootloader_socCpuResetRelease)
                  43c087ae    00000002     --HOLE-- [fill = 0]
                  43c087b0    000001a8     rm_pm_hal_sbl.am62x.r5f.ti-arm-clang.release.lib : psc.obj (.text.psc_pre_init)
                  43c08958    00000008                                                      : psc.obj (.text.lpsc_module_get_module_reset)
                  43c08960    000001a0     drivers.am62x.r5f.ti-arm-clang.release.lib : ddr_soc.obj (.text.DDR_programPLL)
                  43c08b00    000001a0     board.am62x.r5f.ti-arm-clang.release.lib : flash_nand_ospi.obj (.text.Flash_nandOspiRead)
                  43c08ca0    0000019c     drivers.am62x.r5f.ti-arm-clang.release.lib : udma_ring_common.obj (.text.Udma_ringAlloc)
                  43c08e3c    00000004     rm_pm_hal_sbl.am62x.r5f.ti-arm-clang.release.lib : clk_dev.obj (.text.clk_from_device_set_state)
                  43c08e40    00000188     main.obj (.text.main)
                  43c08fc8    00000008     rm_pm_hal_sbl.am62x.r5f.ti-arm-clang.release.lib : psc.obj (.text.lpsc_module_put)
                  43c08fd0    0000017c     drivers.am62x.r5f.ti-arm-clang.release.lib : bootloader.obj (.text.Bootloader_verifyMulticoreImage)
                  43c0914c    00000164     rm_pm_hal_sbl.am62x.r5f.ti-arm-clang.release.lib : rm_udmap.obj (.text.rm_udmap_gcfg_cfg)
                  43c092b0    00000160                                                      : device_process.obj (.text.set_device_handler)
                  43c09410    00000158                                                      : rm_ir.obj (.text.rm_ir_configure)
                  43c09568    0000014c     sciclient_direct_sbl.am62x.r5f.ti-arm-clang.release.lib : uart_print.obj (.text.UART_printf)
                  43c096b4    0000000a     rm_pm_hal_sbl.am62x.r5f.ti-arm-clang.release.lib : clk_mux.obj (.text.readl)
                  43c096be    00000002     --HOLE-- [fill = 0]
                  43c096c0    00000148     drivers.am62x.r5f.ti-arm-clang.release.lib : csl_bcdma.obj (.text.CSL_bcdmaChanOpCfgChan)
                  43c09808    00000008     rm_pm_hal_sbl.am62x.r5f.ti-arm-clang.release.lib : psc.obj (.text.lpsc_module_ret_get)
                  43c09810    00000148     drivers.am62x.r5f.ti-arm-clang.release.lib : ospi_v0.obj (.text.OSPI_setProtocol)
                  43c09958    00000008     rm_pm_hal_sbl.am62x.r5f.ti-arm-clang.release.lib : psc.obj (.text.lpsc_module_ret_put)
                  43c09960    00000148     drivers.am62x.r5f.ti-arm-clang.release.lib : ospi_dma_udma.obj (.text.OspiDma_udmaOpen)
                  43c09aa8    00000146     sciclient_direct_sbl.am62x.r5f.ti-arm-clang.release.lib : sciclient_direct.obj (.text.Sciclient_ProcessPmMessage)
                  43c09bee    00000002     --HOLE-- [fill = 0]
                  43c09bf0    00000146     drivers.am62x.r5f.ti-arm-clang.release.lib : uart_v0.obj (.text.UART_close)
                  43c09d36    00000002     --HOLE-- [fill = 0]
                  43c09d38    00000144     rm_pm_hal_sbl.am62x.r5f.ti-arm-clang.release.lib : clk.obj (.text.clk_init)
                  43c09e7c    00000004                                                      : clk_soc_hfosc0.obj (.text.clk_soc_hfosc0_get_state)
                  43c09e80    0000013e     drivers.am62x.r5f.ti-arm-clang.release.lib : soc.obj (.text.SOC_moduleSetClockFrequency)
                  43c09fbe    00000002     --HOLE-- [fill = 0]
                  43c09fc0    0000013c                                                : udma_ch.obj (.text.Udma_chConfigRx)
                  43c0a0fc    00000004     rm_pm_hal_sbl.am62x.r5f.ti-arm-clang.release.lib : clk_soc_lfosc0.obj (.text.clk_soc_lfosc0_get_state)
                  43c0a100    00000132     drivers.am62x.r5f.ti-arm-clang.release.lib : ospi_v0.obj (.text.OSPI_readCmd)
                  43c0a232    0000000a     rm_pm_hal_sbl.am62x.r5f.ti-arm-clang.release.lib : clk_pll_16fft.obj (.text.readl)
                  43c0a23c    00000004                                                      : device_clk.obj (.text.device_clk_get_hw_ssc)
                  43c0a240    00000132     nortos.am62x.r5f.ti-arm-clang.release.lib : printf.obj (.text._ntoa_format)
                  43c0a372    0000000a     rm_pm_hal_sbl.am62x.r5f.ti-arm-clang.release.lib : clk_pllctrl.obj (.text.readl)
                  43c0a37c    00000004                                                      : clk_pll_16fft.obj (.text.pll_16fft_vco_fitness)
                  43c0a380    0000012c     board.am62x.r5f.ti-arm-clang.release.lib : flash_nand_ospi.obj (.text.Flash_nandOspiErase)
                  43c0a4ac    00000128     rm_pm_hal_sbl.am62x.r5f.ti-arm-clang.release.lib : rm_ra.obj (.text.ra_get_ring_evt)
                  43c0a5d4    0000000a                                                      : dmsc.obj (.text.readl)
                  43c0a5de    00000002     --HOLE-- [fill = 0]
                  43c0a5e0    00000126     drivers.am62x.r5f.ti-arm-clang.release.lib : bootloader_soc.obj (.text.Bootloader_socCpuPowerOnResetHSMM4f)
                  43c0a706    00000002     --HOLE-- [fill = 0]
                  43c0a708    00000124     rm_pm_hal_sbl.am62x.r5f.ti-arm-clang.release.lib : clk_pll_16fft.obj (.text.clk_pll_16fft_get_freq)
                  43c0a82c    00000124                                                      : rm_ra.obj (.text.ra_set_ring_evt)
                  43c0a950    00000122                                                      : rm_udmap.obj (.text.udmap_oes_index_validate)
                  43c0aa72    0000000a                                                      : mmr_lock.obj (.text.readl)
                  43c0aa7c    00000004                                                      : rm_udmap.obj (.text.rm_udmap_flow_size_thresh_cfg)
                  43c0aa80    00000120     drivers.am62x.r5f.ti-arm-clang.release.lib : lpddr4_16bit.obj (.text.LPDDR4_CheckCtlInterrupt)
                  43c0aba0    00000120     rm_pm_hal_sbl.am62x.r5f.ti-arm-clang.release.lib : rm_udmap.obj (.text.udmap_get_ch_evt)
                  43c0acc0    0000011e     drivers.am62x.r5f.ti-arm-clang.release.lib : ospi_dma_udma.obj (.text.OspiDma_udmaUpdateSubmitTR)
                  43c0adde    00000002     --HOLE-- [fill = 0]
                  43c0ade0    0000011a                                                : bootloader_soc.obj (.text.Bootloader_socCpuPowerOnResetM4f)
                  43c0aefa    00000002     --HOLE-- [fill = 0]
                  43c0aefc    00000118     rm_pm_hal_sbl.am62x.r5f.ti-arm-clang.release.lib : psc.obj (.text.psc_uninit)
                  43c0b014    00000118     libclang_rt.builtins.a : udivmoddi4.S.obj (.text)
                  43c0b12c    00000004     rm_pm_hal_sbl.am62x.r5f.ti-arm-clang.release.lib : device_psc.obj (.text.soc_device_init_complete)
                  43c0b130    00000112     drivers.am62x.r5f.ti-arm-clang.release.lib : lpddr4_16bit.obj (.text.LPDDR4_AckCtlInterrupt)
                  43c0b242    00000008     rm_pm_hal_sbl.am62x.r5f.ti-arm-clang.release.lib : rm_core.obj (.text.rm_core_param_is_valid)
                  43c0b24a    00000004                                                      : trace.obj (.text.trace_debug)
                  43c0b24e    00000002     --HOLE-- [fill = 0]
                  43c0b250    0000010e     drivers.am62x.r5f.ti-arm-clang.release.lib : ospi_v0.obj (.text.OSPI_writeCmd)
                  43c0b35e    00000002     --HOLE-- [fill = 0]
                  43c0b360    0000010c     sciclient_direct_sbl.am62x.r5f.ti-arm-clang.release.lib : sciclient_rm_irq.obj (.text.Sciclient_rmIrqDeleteRoute)
                  43c0b46c    0000010c                                                             : sciclient_rm_irq.obj (.text.Sciclient_rmIrqProgramRoute)
                  43c0b578    0000010c     rm_pm_hal_sbl.am62x.r5f.ti-arm-clang.release.lib : rm_ia.obj (.text.rm_ia_vint_map)
                  43c0b684    00000008     libc.a : exit.c.obj (.text:abort)
                  43c0b68c    00000004     libclang_rt.builtins.a : aeabi_memcpy.S.obj (.text)
                  43c0b690    00000106     drivers.am62x.r5f.ti-arm-clang.release.lib : udma_rm.obj (.text.Udma_rmSetSharedResRmInitPrms)
                  43c0b796    00000002     --HOLE-- [fill = 0]
                  43c0b798    00000104     rm_pm_hal_sbl.am62x.r5f.ti-arm-clang.release.lib : device_clk.obj (.text.device_clk_get_parent)
                  43c0b89c    00000100     sciclient_direct_sbl.am62x.r5f.ti-arm-clang.release.lib : sciclient_direct.obj (.text.Sciclient_ProcessRmMessage)
                  43c0b99c    00000100     rm_pm_hal_sbl.am62x.r5f.ti-arm-clang.release.lib : rm_core.obj (.text.rm_core_get_resource_range)
                  43c0ba9c    00000004     --HOLE-- [fill = 0]
                  43c0baa0    000000fc     drivers.am62x.r5f.ti-arm-clang.release.lib : csl_lcdma_ringacc.obj (.text.CSL_lcdma_ringaccPop64MultiAccess)
                  43c0bb9c    00000004     --HOLE-- [fill = 0]
                  43c0bba0    000000fc     nortos.am62x.r5f.ti-arm-clang.release.lib : ClockP_nortos_r5.obj (.text.ClockP_init)
                  43c0bc9c    00000004     --HOLE-- [fill = 0]
                  43c0bca0    000000fa     drivers.am62x.r5f.ti-arm-clang.release.lib : udma_flow.obj (.text.Udma_flowConfig)
                  43c0bd9a    00000002     --HOLE-- [fill = 0]
                  43c0bd9c    000000f8     rm_pm_hal_sbl.am62x.r5f.ti-arm-clang.release.lib : rm_udmap.obj (.text.udmap_set_ch_evt)
                  43c0be94    00000008     nortos.am62x.r5f.ti-arm-clang.release.lib : PmuP_armv7r_asm.obj (.tramp.PmuP_enableCounters.1)
                  43c0be9c    00000004     --HOLE-- [fill = 0]
                  43c0bea0    000000f6     drivers.am62x.r5f.ti-arm-clang.release.lib : udma_ch.obj (.text.Udma_chEnable)
                  43c0bf96    000000f2     rm_pm_hal_sbl.am62x.r5f.ti-arm-clang.release.lib : rm_ia.obj (.text.rm_ia_vint_unmap)
                  43c0c088    00000008     nortos.am62x.r5f.ti-arm-clang.release.lib : CacheP_armv7r_asm.obj (.tramp.CacheP_wb.1)
                  43c0c090    000000f0     drivers.am62x.r5f.ti-arm-clang.release.lib : udma_ch.obj (.text.Udma_chFreeResource)
                  43c0c180    000000ec     rm_pm_hal_sbl.am62x.r5f.ti-arm-clang.release.lib : clk_div.obj (.text.clk_div_notify_freq)
                  43c0c26c    000000e8                                                      : rm_udmap.obj (.text.rm_udmap_is_managed_resasg_utype)
                  43c0c354    000000e6                                                      : rm_ia.obj (.text.ia_validate_evt)
                  43c0c43a    00000002     --HOLE-- [fill = 0]
                  43c0c43c    000000e4                                                      : psc.obj (.text.psc_pd_get)
                  43c0c520    000000e0                                                      : clk.obj (.text.clk_set_freq)
                  43c0c600    000000e0                                                      : device_clk.obj (.text.device_clk_set_gated)
                  43c0c6e0    000000dc                                                      : psc.obj (.text.lpsc_module_wait)
                  43c0c7bc    000000dc                                                      : rm_ra.obj (.text.rm_ra_mon_cfg)
                  43c0c898    00000008     nortos.am62x.r5f.ti-arm-clang.release.lib : HwiP_armv7r_asm.obj (.tramp.HwiP_enable.1)
                  43c0c8a0    000000da     drivers.am62x.r5f.ti-arm-clang.release.lib : udma_ch.obj (.text.Udma_chConfigTx)
                  43c0c97a    00000006     --HOLE-- [fill = 0]
                  43c0c980    000000d4                                                : bootloader.obj (.text.Bootloader_rprcImageLoad)
                  43c0ca54    00000008     nortos.am62x.r5f.ti-arm-clang.release.lib : HwiP_armv7r_asm.obj (.tramp.HwiP_restore.1)
                  43c0ca5c    00000004     --HOLE-- [fill = 0]
                  43c0ca60    000000d4     drivers.am62x.r5f.ti-arm-clang.release.lib : csl_lcdma_ringacc.obj (.text.CSL_lcdma_ringaccPush64MultiAccess)
                  43c0cb34    000000d0     rm_pm_hal_sbl.am62x.r5f.ti-arm-clang.release.lib : psc.obj (.text.lpsc_module_put_internal)
                  43c0cc04    000000d0                                                      : rm_udmap.obj (.text.rm_udmap_flow_delegate)
                  43c0ccd4    000000cc                                                      : rm_ia.obj (.text.ia_set_oes_evt)
                  43c0cda0    000000cc                                                      : psc.obj (.text.psc_pd_put)
                  43c0ce6c    00000004     --HOLE-- [fill = 0]
                  43c0ce70    000000c8     drivers.am62x.r5f.ti-arm-clang.release.lib : ospi_v0.obj (.text.OSPI_writeDirect)
                  43c0cf38    000000c8     rm_pm_hal_sbl.am62x.r5f.ti-arm-clang.release.lib : rm_ia.obj (.text.rm_ia_init)
                  43c0d000    000000c6     board.am62x.r5f.ti-arm-clang.release.lib : flash_nand_ospi.obj (.text.Flash_nandOspiWaitReady)
                  43c0d0c6    000000c6     rm_pm_hal_sbl.am62x.r5f.ti-arm-clang.release.lib : rm_ia.obj (.text.ia_get_oes_evt)
                  43c0d18c    000000c4                                                      : device_clk.obj (.text.device_clk_set_parent)
                  43c0d250    000000c4                                                      : clock.obj (.text.query_freq_handler)
                  43c0d314    000000c4                                                      : clock.obj (.text.set_freq_handler)
                  43c0d3d8    00000008     --HOLE-- [fill = 0]
                  43c0d3e0    000000c2     drivers.am62x.r5f.ti-arm-clang.release.lib : bootloader.obj (.text.Bootloader_parseMultiCoreAppImage)
                  43c0d4a2    0000000e     --HOLE-- [fill = 0]
                  43c0d4b0    000000c2                                                : ospi_v0.obj (.text.OSPI_readDirect)
                  43c0d572    00000002     --HOLE-- [fill = 0]
                  43c0d574    000000c0     sciclient_direct_sbl.am62x.r5f.ti-arm-clang.release.lib : sciclient_direct.obj (.text.Sciclient_boardCfgParseHeader)
                  43c0d634    000000c0     rm_pm_hal_sbl.am62x.r5f.ti-arm-clang.release.lib : clk_pll_16fft.obj (.text.clk_pll_16fft_wait_for_lock)
                  43c0d6f4    000000c0                                                      : clk_mux.obj (.text.clk_set_parent)
                  43c0d7b4    000000c0                                                      : clock.obj (.text.get_clock_handler)
                  43c0d874    000000c0                                                      : psc.obj (.text.psc_post_init)
                  43c0d934    000000c0                                                      : clock.obj (.text.set_clock_handler)
                  43c0d9f4    000000bc     sciclient_direct_sbl.am62x.r5f.ti-arm-clang.release.lib : sciclient_pm.obj (.text.Sciclient_pmQueryModuleClkFreq)
                  43c0dab0    000000bc     rm_pm_hal_sbl.am62x.r5f.ti-arm-clang.release.lib : rm_core.obj (.text.rm_core_resasg_validate_resource)
                  43c0db6c    00000004     --HOLE-- [fill = 0]
                  43c0db70    000000ba     drivers.am62x.r5f.ti-arm-clang.release.lib : csl_bcdma.obj (.text.CSL_bcdmaChanOpTeardownChan)
                  43c0dc2a    00000006     --HOLE-- [fill = 0]
                  43c0dc30    000000b8                                                : csl_lcdma_ringacc.obj (.text.CSL_lcdma_ringaccDequeue)
                  43c0dce8    00000008     --HOLE-- [fill = 0]
                  43c0dcf0    000000b8                                                : uart_v0.obj (.text.UART_divisorLatchWrite)
                  43c0dda8    000000b8     rm_pm_hal_sbl.am62x.r5f.ti-arm-clang.release.lib : device_psc.obj (.text.soc_device_init)
                  43c0de60    000000b6                                                      : map.obj (.text.map_add)
                  43c0df16    000000b6                                                      : div64.obj (.text.pm_div64)
                  43c0dfcc    000000b4     sciclient_direct_sbl.am62x.r5f.ti-arm-clang.release.lib : sciclient_direct_wrapper.obj (.text.Sciclient_getVersionCheck)
                  43c0e080    000000b4     rm_pm_hal_sbl.am62x.r5f.ti-arm-clang.release.lib : clk_div.obj (.text.clk_div_reg_go_set_div)
                  43c0e134    000000b4                                                      : init.obj (.text.pm_init)
                  43c0e1e8    00000008     --HOLE-- [fill = 0]
                  43c0e1f0    000000b2     drivers.am62x.r5f.ti-arm-clang.release.lib : uart_v0.obj (.text.UART_flushTxFifo)
                  43c0e2a2    0000000e     --HOLE-- [fill = 0]
                  43c0e2b0    000000b0     nortos.am62x.r5f.ti-arm-clang.release.lib : printf.obj (.text._ntoa_long_long)
                  43c0e360    000000b0     rm_pm_hal_sbl.am62x.r5f.ti-arm-clang.release.lib : boardcfg-user.obj (.text.boardcfg_rm_receive_and_validate)
                  43c0e410    000000ac                                                      : psc.obj (.text.lpsc_module_get_internal)
                  43c0e4bc    000000ac                                                      : rm_udmap.obj (.text.rm_udmap_init)
                  43c0e568    000000aa     sciclient_direct_sbl.am62x.r5f.ti-arm-clang.release.lib : sciclient_pm.obj (.text.Sciclient_pmSetModuleClkFreq)
                  43c0e612    0000000e     --HOLE-- [fill = 0]
                  43c0e620    000000aa     drivers.am62x.r5f.ti-arm-clang.release.lib : uart_v0.obj (.text.UART_procLineStatusErr)
                  43c0e6ca    00000006     --HOLE-- [fill = 0]
                  43c0e6d0    000000aa                                                : udma_rm.obj (.text.Udma_rmAllocMappedRxCh)
                  43c0e77a    00000006     --HOLE-- [fill = 0]
                  43c0e780    000000aa                                                : udma_rm.obj (.text.Udma_rmAllocMappedTxCh)
                  43c0e82a    00000002     --HOLE-- [fill = 0]
                  43c0e82c    000000a8     rm_pm_hal_sbl.am62x.r5f.ti-arm-clang.release.lib : device_process.obj (.text.get_device_handler)
                  43c0e8d4    000000a8                                                      : rm_udmap.obj (.text.udmap_check_index_range)
                  43c0e97c    00000004     --HOLE-- [fill = 0]
                  43c0e980    000000a6     nortos.am62x.r5f.ti-arm-clang.release.lib : printf.obj (.text._out_rev)
                  43c0ea26    00000002     --HOLE-- [fill = 0]
                  43c0ea28    000000a4     rm_pm_hal_sbl.am62x.r5f.ti-arm-clang.release.lib : device_pm.obj (.text.device_set_state)
                  43c0eacc    00000004     --HOLE-- [fill = 0]
                  43c0ead0    000000a2     sciclient_direct_sbl.am62x.r5f.ti-arm-clang.release.lib : sciclient_direct.obj (.text.boardcfgRmFindCertSize)
                  43c0eb72    0000000e     --HOLE-- [fill = 0]
                  43c0eb80    000000a0     drivers.am62x.r5f.ti-arm-clang.release.lib : bootloader.obj (.text.Bootloader_loadSelfCpu)
                  43c0ec20    000000a0                                                : udma.obj (.text.Udma_init)
                  43c0ecc0    000000a0                                                : udma_rm.obj (.text.Udma_rmAllocBlkCopyCh)
                  43c0ed60    000000a0                                                : udma_rm.obj (.text.Udma_rmAllocBlkCopyHcCh)
                  43c0ee00    000000a0                                                : udma_rm.obj (.text.Udma_rmAllocBlkCopyUhcCh)
                  43c0eea0    000000a0                                                : udma_rm.obj (.text.Udma_rmAllocIrIntr)
                  43c0ef40    000000a0                                                : udma_rm.obj (.text.Udma_rmAllocRxCh)
                  43c0efe0    000000a0                                                : udma_rm.obj (.text.Udma_rmAllocRxHcCh)
                  43c0f080    000000a0                                                : udma_rm.obj (.text.Udma_rmAllocRxUhcCh)
                  43c0f120    000000a0                                                : udma_rm.obj (.text.Udma_rmAllocTxCh)
                  43c0f1c0    000000a0                                                : udma_rm.obj (.text.Udma_rmAllocTxHcCh)
                  43c0f260    000000a0                                                : udma_rm.obj (.text.Udma_rmAllocTxUhcCh)
                  43c0f300    000000a0     rm_pm_hal_sbl.am62x.r5f.ti-arm-clang.release.lib : rm_core.obj (.text.rm_core_init)
                  43c0f3a0    000000a0                                                      : rm_ra.obj (.text.rm_ra_validate_ring_index)
                  43c0f440    0000009e                                                      : rm_udmap.obj (.text.udmap_check_flow_index)
                  43c0f4de    0000009c                                                      : clk.obj (.text.clk_generic_set_freq_parent)
                  43c0f57a    00000002     --HOLE-- [fill = 0]
                  43c0f57c    0000009c                                                      : clk_pll_16fft.obj (.text.clk_pll_16fft_set_freq)
                  43c0f618    0000009c                                                      : psc.obj (.text.psc_pd_wait)
                  43c0f6b4    0000009c                                                      : rm_ir.obj (.text.rm_ir_clear)
                  43c0f750    00000098     sciclient_direct_sbl.am62x.r5f.ti-arm-clang.release.lib : sciclient.obj (.text.Sciclient_serviceGetThreadIds)
                  43c0f7e8    00000098     rm_pm_hal_sbl.am62x.r5f.ti-arm-clang.release.lib : device_prepare.obj (.text.device_prepare)
                  43c0f880    00000098                                                      : rm_ir.obj (.text.ir_clear_rom_mapping)
                  43c0f918    00000008     --HOLE-- [fill = 0]
                  43c0f920    00000096     nortos.am62x.r5f.ti-arm-clang.release.lib : SemaphoreP_nortos.obj (.text.SemaphoreP_pend)
                  43c0f9b6    0000000a     --HOLE-- [fill = 0]
                  43c0f9c0    00000094     drivers.am62x.r5f.ti-arm-clang.release.lib : bootloader.obj (.text.Bootloader_getMsgLen)
                  43c0fa54    0000000c     --HOLE-- [fill = 0]
                  43c0fa60    00000094                                                : uart_v0.obj (.text.UART_init)
                  43c0faf4    0000000c     --HOLE-- [fill = 0]
                  43c0fb00    00000094                                                : udma_rm.obj (.text.Udma_rmAllocMappedRing)
                  43c0fb94    00000094     rm_pm_hal_sbl.am62x.r5f.ti-arm-clang.release.lib : rm_irq.obj (.text.irq_trace_remaining_params)
                  43c0fc28    00000008     --HOLE-- [fill = 0]
                  43c0fc30    00000092     drivers.am62x.r5f.ti-arm-clang.release.lib : udma_ch.obj (.text.Udma_chClose)
                  43c0fcc2    0000000e     --HOLE-- [fill = 0]
                  43c0fcd0    00000092                                                : udma_event.obj (.text.Udma_eventFreeResource)
                  43c0fd62    0000000e     --HOLE-- [fill = 0]
                  43c0fd70    00000090     board.am62x.r5f.ti-arm-clang.release.lib : flash_nand_ospi.obj (.text.Flash_nandOspiReadId)
                  43c0fe00    00000090     drivers.am62x.r5f.ti-arm-clang.release.lib : ospi_dma_udma.obj (.text.OspiDma_udmaCopy)
                  43c0fe90    00000090     rm_pm_hal_sbl.am62x.r5f.ti-arm-clang.release.lib : psc.obj (.text.lpsc_module_set_local_reset)
                  43c0ff20    0000008e     drivers.am62x.r5f.ti-arm-clang.release.lib : csl_pktdma.obj (.text.CSL_pktdmaTeardownChan)
                  43c0ffae    00000002     --HOLE-- [fill = 0]
                  43c0ffb0    0000008e                                                : udma_ring_lcdma.obj (.text.Udma_ringSetCfgLcdma)
                  43c1003e    00000002     --HOLE-- [fill = 0]
                  43c10040    0000008c     sciclient_direct_sbl.am62x.r5f.ti-arm-clang.release.lib : uart_print.obj (.text.UART_convertVal)
                  43c100cc    00000004     --HOLE-- [fill = 0]
                  43c100d0    0000008c     nortos.am62x.r5f.ti-arm-clang.release.lib : printf.obj (.text._ntoa_long)
                  43c1015c    0000008c     rm_pm_hal_sbl.am62x.r5f.ti-arm-clang.release.lib : clk_mux.obj (.text.clk_mux_set_parent)
                  43c101e8    00000008     --HOLE-- [fill = 0]
                  43c101f0    0000008a     drivers.am62x.r5f.ti-arm-clang.release.lib : udma_event.obj (.text.Udma_eventIsrFxn)
                  43c1027a    0000008a     rm_pm_hal_sbl.am62x.r5f.ti-arm-clang.release.lib : rm_ra.obj (.text.ra_check_index_range)
                  43c10304    0000000c     --HOLE-- [fill = 0]
                  43c10310    00000088     drivers.am62x.r5f.ti-arm-clang.release.lib : udma_rm.obj (.text.Udma_rmGetSciclientDefaultBoardCfgRmRange)
                  43c10398    00000088     rm_pm_hal_sbl.am62x.r5f.ti-arm-clang.release.lib : psc.obj (.text.lpsc_module_set_module_reset)
                  43c10420    00000086     sciclient_direct_sbl.am62x.r5f.ti-arm-clang.release.lib : sciclient_pm.obj (.text.Sciclient_pmGetModuleClkNumParent)
                  43c104a6    00000086                                                             : sciclient_pm.obj (.text.Sciclient_pmGetModuleClkParent)
                  43c1052c    00000084                                                             : sciclient_boardcfg.obj (.text.Sciclient_boardCfgPm)
                  43c105b0    00000084                                                             : sciclient_boardcfg.obj (.text.Sciclient_boardCfgRm)
                  43c10634    00000084                                                             : sciclient_pm.obj (.text.Sciclient_pmGetModuleClkFreq)
                  43c106b8    00000084                                                             : sciclient_pm.obj (.text.Sciclient_pmModuleGetClkStatus)
                  43c1073c    00000004     --HOLE-- [fill = 0]
                  43c10740    00000082     drivers.am62x.r5f.ti-arm-clang.release.lib : ospi_v0.obj (.text.OSPI_init)
                  43c107c2    00000082     sciclient_direct_sbl.am62x.r5f.ti-arm-clang.release.lib : sciclient_pm.obj (.text.Sciclient_pmGetModuleState)
                  43c10844    0000000c     --HOLE-- [fill = 0]
                  43c10850    00000080     drivers.am62x.r5f.ti-arm-clang.release.lib : pinmux.obj (.text.Pinmux_config)
                  43c108d0    00000080     sciclient_direct_sbl.am62x.r5f.ti-arm-clang.release.lib : sciclient.obj (.text.Sciclient_ISR)
                  43c10950    00000080                                                             : sciclient_secureproxy.obj (.text.Sciclient_sendMessage)
                  43c109d0    00000080     rm_pm_hal_sbl.am62x.r5f.ti-arm-clang.release.lib : clk_div.obj (.text.clk_div_reg_set_div)
                  43c10a50    00000080                                                      : clk_pll_16fft.obj (.text.clk_pll_16fft_hsdiv_set_freq)
                  43c10ad0    00000080                                                      : clk_pll_16fft.obj (.text.clk_pll_16fft_postdiv_set_freq)
                  43c10b50    00000080                                                      : clock.obj (.text.set_clock_parent_handler)
                  43c10bd0    0000007e     drivers.am62x.r5f.ti-arm-clang.release.lib : bootloader_soc.obj (.text.Bootloader_socCpuSetClock)
                  43c10c4e    0000007e     sciclient_direct_sbl.am62x.r5f.ti-arm-clang.release.lib : sciclient_pm.obj (.text.Sciclient_pmModuleClkRequest)
                  43c10ccc    0000007e                                                             : sciclient_pm.obj (.text.Sciclient_pmSetModuleClkParent)
                  43c10d4a    0000007c                                                             : sciclient_rm_irq.obj (.text.Sciclient_rmIrInpIsFree)
                  43c10dc6    00000002     --HOLE-- [fill = 0]
                  43c10dc8    0000007c     rm_pm_hal_sbl.am62x.r5f.ti-arm-clang.release.lib : clk.obj (.text.clk_notify_sibling_freq)
                  43c10e44    0000007c                                                      : clk_pll_16fft.obj (.text.clk_pll_16fft_postdiv_set_div)
                  43c10ec0    0000007c                                                      : clock.obj (.text.get_clock_parent_handler)
                  43c10f3c    0000007c                                                      : clock.obj (.text.get_num_clock_parents_handler)
                  43c10fb8    0000007c                                                      : rm_ra.obj (.text.rm_ra_init)
                  43c11034    0000000c     --HOLE-- [fill = 0]
                  43c11040    0000007a     ti_drivers_config.obj (.text.System_init)
                  43c110ba    0000007a     rm_pm_hal_sbl.am62x.r5f.ti-arm-clang.release.lib : rm_udmap.obj (.text.udmap_clear_rom_oes)
                  43c11134    00000078                                                      : clk.obj (.text.clk_get)
                  43c111ac    00000078                                                      : psc.obj (.text.psc_drop_pwr_up_ref)
                  43c11224    00000078                                                      : rm_ra.obj (.text.rm_ra_is_managed_resasg_utype)
                  43c1129c    00000074     sciclient_direct_sbl.am62x.r5f.ti-arm-clang.release.lib : sciclient.obj (.text.Sciclient_servicePrepareHeader)
                  43c11310    00000074     rm_pm_hal_sbl.am62x.r5f.ti-arm-clang.release.lib : clk_dev.obj (.text.clk_from_device_get_state)
                  43c11384    00000074                                                      : rm_irq.obj (.text.irq_validate_global_event)
                  43c113f8    00000008     --HOLE-- [fill = 0]
                  43c11400    00000072     drivers.am62x.r5f.ti-arm-clang.release.lib : bootloader_soc.obj (.text.Bootloader_socCpuPowerOnResetA53)
                  43c11472    0000000e     --HOLE-- [fill = 0]
                  43c11480    00000072                                                : udma_rm.obj (.text.Udma_rmAllocVintrBit)
                  43c114f2    00000002     --HOLE-- [fill = 0]
                  43c114f4    00000070     sciclient_direct_sbl.am62x.r5f.ti-arm-clang.release.lib : sciclient.obj (.text.Sciclient_configPrmsInit)
                  43c11564    0000000c     --HOLE-- [fill = 0]
                  43c11570    0000006e     ti_board_open_close.obj (.text.Board_flashOpen)
                  43c115de    00000002     --HOLE-- [fill = 0]
                  43c115e0    0000006e     drivers.am62x.r5f.ti-arm-clang.release.lib : csl_pktdma.obj (.text.CSL_pktdmaAccessChanPeerReg)
                  43c1164e    00000002     --HOLE-- [fill = 0]
                  43c11650    0000006e                                                : ddr_soc.obj (.text.DDR_programHSDIV)
                  43c116be    00000002     --HOLE-- [fill = 0]
                  43c116c0    0000006e                                                : lpddr4.obj (.text.LPDDR4_Start)
                  43c1172e    00000002     --HOLE-- [fill = 0]
                  43c11730    0000006e                                                : soc.obj (.text.SOC_moduleClockEnable)
                  43c1179e    0000006e     rm_pm_hal_sbl.am62x.r5f.ti-arm-clang.release.lib : rm_core.obj (.text.core_resasg_get_range)
                  43c1180c    00000004     --HOLE-- [fill = 0]
                  43c11810    0000006c     drivers.am62x.r5f.ti-arm-clang.release.lib : bootloader.obj (.text.Bootloader_findSeq)
                  43c1187c    00000004     --HOLE-- [fill = 0]
                  43c11880    0000006c     nortos.am62x.r5f.ti-arm-clang.release.lib : ClockP_nortos.obj (.text.ClockP_timerTickIsr)
                  43c118ec    00000004     --HOLE-- [fill = 0]
                  43c118f0    0000006c     drivers.am62x.r5f.ti-arm-clang.release.lib : ospi_dma_udma.obj (.text.OspiDma_udmaClose)
                  43c1195c    0000006c     sciclient_direct_sbl.am62x.r5f.ti-arm-clang.release.lib : sciclient_rm_irq.obj (.text.Sciclient_rmIrqGetNode)
                  43c119c8    0000006c                                                             : sciclient_rm_irq.obj (.text.Sciclient_rmTranslateIntOutput)
                  43c11a34    0000000c     --HOLE-- [fill = 0]
                  43c11a40    0000006c     drivers.am62x.r5f.ti-arm-clang.release.lib : uart_v0.obj (.text.UART_writeCancelNoCB)
                  43c11aac    0000006c     rm_pm_hal_sbl.am62x.r5f.ti-arm-clang.release.lib : clk_mux.obj (.text.clk_mux_get_parent)
                  43c11b18    0000006c                                                      : device_clk.obj (.text.device_clk_init)
                  43c11b84    0000006c                                                      : device_clk.obj (.text.get_dev_clk)
                  43c11bf0    0000006c                                                      : psc.obj (.text.lpsc_module_set_reset_iso)
                  43c11c5c    0000006a                                                      : rm_ia.obj (.text.ia_unmap_clear_rom_mapping)
                  43c11cc6    0000000a     --HOLE-- [fill = 0]
                  43c11cd0    00000068     nortos.am62x.r5f.ti-arm-clang.release.lib : AddrTranslateP.obj (.text.AddrTranslateP_getLocalAddr)
                  43c11d38    00000008     --HOLE-- [fill = 0]
                  43c11d40    00000068     drivers.am62x.r5f.ti-arm-clang.release.lib : bootloader_soc.obj (.text.Bootloader_socCpuRelease)
                  43c11da8    00000068     rm_pm_hal_sbl.am62x.r5f.ti-arm-clang.release.lib : rm_core.obj (.text.rm_core_validate_devgrp)
                  43c11e10    00000068                                                      : rm_ir.obj (.text.rm_ir_get_outp)
                  43c11e78    00000008     --HOLE-- [fill = 0]
                  43c11e80    00000066     drivers.am62x.r5f.ti-arm-clang.release.lib : bootloader_soc.obj (.text.Bootloader_socCpuRequest)
                  43c11ee6    0000000a     --HOLE-- [fill = 0]
                  43c11ef0    00000066                                                : ospi_v0.obj (.text.OSPI_close)
                  43c11f56    0000000a     --HOLE-- [fill = 0]
                  43c11f60    00000064                                                : bootloader_soc.obj (.text.Bootloader_socCpuGetClock)
                  43c11fc4    0000000c     --HOLE-- [fill = 0]
                  43c11fd0    00000064                                                : bootloader_soc.obj (.text.Bootloader_socMemInitCpu)
                  43c12034    0000000c     --HOLE-- [fill = 0]
                  43c12040    00000064                                                : csl_bcdma.obj (.text.CSL_bcdmaDoChanOp)
                  43c120a4    0000000c     --HOLE-- [fill = 0]
                  43c120b0    00000064                                                : ospi_v0.obj (.text.OSPI_setXferOpCodes)
                  43c12114    00000064     sciclient_direct_sbl.am62x.r5f.ti-arm-clang.release.lib : sciclient_procboot.obj (.text.Sciclient_procBootSetSequenceCtrl)
                  43c12178    00000008     --HOLE-- [fill = 0]
                  43c12180    00000064     drivers.am62x.r5f.ti-arm-clang.release.lib : udma_ring_lcdma.obj (.text.Udma_ringFlushRawLcdma)
                  43c121e4    00000064     rm_pm_hal_sbl.am62x.r5f.ti-arm-clang.release.lib : clk_div.obj (.text.clk_div_reg_get_div)
                  43c12248    00000064                                                      : clk_pll_16fft.obj (.text.clk_pll_16fft_get_state)
                  43c122ac    00000064                                                      : psc.obj (.text.lpsc_module_clk_put)
                  43c12310    00000064                                                      : resource.obj (.text.resource_get)
                  43c12374    00000064                                                      : rm_core.obj (.text.rm_core_resasg_get_utype_index)
                  43c123d8    00000062     sciclient_direct_sbl.am62x.r5f.ti-arm-clang.release.lib : sciclient.obj (.text.Sciclient_setDebugConfig)
                  43c1243a    00000006     --HOLE-- [fill = 0]
                  43c12440    00000062     drivers.am62x.r5f.ti-arm-clang.release.lib : udma_utils.obj (.text.UdmaUtils_makeTrpd)
                  43c124a2    0000000e     --HOLE-- [fill = 0]
                  43c124b0    00000062                                                : udma_ring_common.obj (.text.Udma_ringFree)
                  43c12512    0000000e     --HOLE-- [fill = 0]
                  43c12520    00000062                                                : udma_ring_common.obj (.text.Udma_ringQueueRaw)
                  43c12582    00000002     --HOLE-- [fill = 0]
                  43c12584    00000060     sciclient_direct_sbl.am62x.r5f.ti-arm-clang.release.lib : sciclient_direct_wrapper.obj (.text.Sciclient_direct_init)
                  43c125e4    00000060                                                             : sciclient_pm.obj (.text.Sciclient_pmSetModuleState)
                  43c12644    0000000c     --HOLE-- [fill = 0]
                  43c12650    00000060     drivers.am62x.r5f.ti-arm-clang.release.lib : udma_rm.obj (.text.Udma_rmFreeMappedRing)
                  43c126b0    00000060     rm_pm_hal_sbl.am62x.r5f.ti-arm-clang.release.lib : clk.obj (.text.clk_notify_freq)
                  43c12710    00000060                                                      : device_psc.obj (.text.soc_device_get_state)
                  43c12770    0000005e     drivers.am62x.r5f.ti-arm-clang.release.lib : bootloader.obj (.text.Bootloader_runCpu)
                  43c127ce    0000005e     sciclient_direct_sbl.am62x.r5f.ti-arm-clang.release.lib : sciclient_procboot.obj (.text.Sciclient_procBootAuthAndStart)
                  43c1282c    00000004     --HOLE-- [fill = 0]
                  43c12830    0000005e     ti_drivers_config.obj (.text.System_deinit)
                  43c1288e    0000005e     rm_pm_hal_sbl.am62x.r5f.ti-arm-clang.release.lib : rm_ra.obj (.text.ra_check_monitor_index_range)
                  43c128ec    00000004     --HOLE-- [fill = 0]
                  43c128f0    0000005c     drivers.am62x.r5f.ti-arm-clang.release.lib : csl_bcdma.obj (.text.CSL_bcdmaChanOpGetChanStats)
                  43c1294c    00000004     --HOLE-- [fill = 0]
                  43c12950    0000005c                                                : csl_bcdma.obj (.text.CSL_bcdmaChanOpSetChanPause)
                  43c129ac    0000005c     sciclient_direct_sbl.am62x.r5f.ti-arm-clang.release.lib : sciclient_procboot.obj (.text.Sciclient_procBootReleaseProcessor)
                  43c12a08    0000005c                                                             : sciclient_rm_irq.obj (.text.Sciclient_rmIrOutpIsFree)
                  43c12a64    0000000c     --HOLE-- [fill = 0]
                  43c12a70    0000005c     drivers.am62x.r5f.ti-arm-clang.release.lib : udma_rm.obj (.text.Udma_rmAllocEvent)
                  43c12acc    00000004     --HOLE-- [fill = 0]
                  43c12ad0    0000005c                                                : udma_rm.obj (.text.Udma_rmAllocVintr)
                  43c12b2c    00000004     --HOLE-- [fill = 0]
                  43c12b30    0000005c     nortos.am62x.r5f.ti-arm-clang.release.lib : DebugP_log.obj (.text._DebugP_assert)
                  43c12b8c    0000005c     rm_pm_hal_sbl.am62x.r5f.ti-arm-clang.release.lib : clk_div.obj (.text.clk_div_reg_go_get_div)
                  43c12be8    0000005c                                                      : clk_pllctrl.obj (.text.clk_pllctrl_mux_get_parent)
                  43c12c44    0000005c                                                      : device_clk.obj (.text.device_clk_get_hw_ready)
                  43c12ca0    0000005c                                                      : clock.obj (.text.get_freq_handler)
                  43c12cfc    0000005c                                                      : device_process.obj (.text.set_device_resets_handler)
                  43c12d58    0000005c                                                      : device_psc.obj (.text.soc_device_disable)
                  43c12db4    0000005a     sciclient_direct_sbl.am62x.r5f.ti-arm-clang.release.lib : sciclient_rm.obj (.text.Sciclient_rmGetResourceRange)
                  43c12e0e    00000002     --HOLE-- [fill = 0]
                  43c12e10    0000005a     drivers.am62x.r5f.ti-arm-clang.release.lib : udma_ring_common.obj (.text.Udma_ringDequeueRaw)
                  43c12e6a    00000058     sciclient_direct_sbl.am62x.r5f.ti-arm-clang.release.lib : sciclient_procboot.obj (.text.Sciclient_procBootGetProcessorState)
                  43c12ec2    00000058     rm_pm_hal_sbl.am62x.r5f.ti-arm-clang.release.lib : itoa.obj (.text.lib_itoa)
                  43c12f1a    00000002     --HOLE-- [fill = 0]
                  43c12f1c    00000058                                                      : mmr_lock.obj (.text.mmr_unlock_all)
                  43c12f74    00000058                                                      : pll.obj (.text.pll_init)
                  43c12fcc    00000058                                                      : rm_udmap.obj (.text.udmap_get_inst)
                  43c13024    0000000c     --HOLE-- [fill = 0]
                  43c13030    00000056     drivers.am62x.r5f.ti-arm-clang.release.lib : uart_dma.obj (.text.UART_dmaDisableChannel)
                  43c13086    0000000a     --HOLE-- [fill = 0]
                  43c13090    00000056                                                : udma.obj (.text.Udma_deinit)
                  43c130e6    0000000a     --HOLE-- [fill = 0]
                  43c130f0    00000054                                                : csl_bcdma.obj (.text.CSL_bcdmaChanOpGetChanRT)
                  43c13144    0000000c     --HOLE-- [fill = 0]
                  43c13150    00000054                                                : csl_intaggr.obj (.text.CSL_intaggrIsIntrPending)
                  43c131a4    00000054     sciclient_direct_sbl.am62x.r5f.ti-arm-clang.release.lib : sciclient_pm.obj (.text.Sciclient_pmSetModuleRst)
                  43c131f8    00000054                                                             : sciclient_procboot.obj (.text.Sciclient_procBootRequestProcessor)
                  43c1324c    00000004     --HOLE-- [fill = 0]
                  43c13250    00000054     drivers.am62x.r5f.ti-arm-clang.release.lib : uart_dma.obj (.text.UART_dmaClose)
                  43c132a4    00000054     rm_pm_hal_sbl.am62x.r5f.ti-arm-clang.release.lib : clk_div.obj (.text.clk_div_init)
                  43c132f8    00000054                                                      : device_clk.obj (.text.device_clk_set_freq_change)
                  43c1334c    00000054                                                      : device_clk.obj (.text.device_clk_set_ssc)
                  43c133a0    00000054                                                      : psc.obj (.text.lpsc_module_get_local_reset)
                  43c133f4    00000054                                                      : rm_irq.obj (.text.rm_irq_oes_src_register)
                  43c13448    00000054                                                      : device_psc.obj (.text.soc_device_enable)
                  43c1349c    00000052                                                      : rm_ra.obj (.text.ra_clear_rom_oes)
                  43c134ee    00000002     --HOLE-- [fill = 0]
                  43c134f0    00000050     drivers.am62x.r5f.ti-arm-clang.release.lib : csl_bcdma.obj (.text.CSL_bcdmaChanOpDecChanStats)
                  43c13540    00000050     nortos.am62x.r5f.ti-arm-clang.release.lib : ClockP_nortos.obj (.text.ClockP_addToList)
                  43c13590    00000050                                               : ClockP_nortos.obj (.text.ClockP_construct)
                  43c135e0    00000050     drivers.am62x.r5f.ti-arm-clang.release.lib : bootloader_flash.obj (.text.Flash_imgRead)
                  43c13630    00000050     sciclient_direct_sbl.am62x.r5f.ti-arm-clang.release.lib : sciclient_rm_irq.obj (.text.Sciclient_rmIrqCfgIsEventToVintMappingOnly)
                  43c13680    00000050                                                             : sciclient_rm.obj (.text.Sciclient_rmIrqReleaseRaw)
                  43c136d0    00000050                                                             : sciclient_rm.obj (.text.Sciclient_rmIrqSetRaw)
                  43c13720    00000050                                                             : sciclient_rm.obj (.text.Sciclient_rmPsilPair)
                  43c13770    00000050                                                             : sciclient_rm.obj (.text.Sciclient_rmPsilUnpair)
                  43c137c0    00000050                                                             : sciclient_rm.obj (.text.Sciclient_rmRingCfg)
                  43c13810    00000050                                                             : sciclient_rm.obj (.text.Sciclient_rmUdmapFlowCfg)
                  43c13860    00000050                                                             : sciclient_rm.obj (.text.Sciclient_rmUdmapFlowSizeThreshCfg)
                  43c138b0    00000050                                                             : sciclient_rm.obj (.text.Sciclient_rmUdmapRxChCfg)
                  43c13900    00000050                                                             : sciclient_rm.obj (.text.Sciclient_rmUdmapTxChCfg)
                  43c13950    00000050                                                             : sciclient.obj (.text.Sciclient_serviceGetPayloadSize)
                  43c139a0    00000050     drivers.am62x.r5f.ti-arm-clang.release.lib : udma_rm.obj (.text.Udma_rmFreeVintrBit)
                  43c139f0    00000050     rm_pm_hal_sbl.am62x.r5f.ti-arm-clang.release.lib : clk_pll_16fft.obj (.text.clk_pll_16fft_postdiv_get_div)
                  43c13a40    00000050                                                      : device_psc.obj (.text.soc_device_get_context_loss_count)
                  43c13a90    00000050                                                      : device_psc.obj (.text.soc_device_set_resets)
                  43c13ae0    00000050                                                      : rm_udmap.obj (.text.udmap_validate_burst_size)
                  43c13b30    00000050     libc.a : autoinit.c.obj (.text:__TI_auto_init_nobinit_nopinit)
                  43c13b80    0000004e     drivers.am62x.r5f.ti-arm-clang.release.lib : bootloader_soc.obj (.text.Bootloader_socTranslateSectionAddr)
                  43c13bce    00000002     --HOLE-- [fill = 0]
                  43c13bd0    0000004e                                                : lpddr4.obj (.text.LPDDR4_ReadReg)
                  43c13c1e    0000004e     sciclient_direct_sbl.am62x.r5f.ti-arm-clang.release.lib : sciclient.obj (.text.Sciclient_abiCheck)
                  43c13c6c    00000004     --HOLE-- [fill = 0]
                  43c13c70    0000004e     drivers.am62x.r5f.ti-arm-clang.release.lib : udma_ch.obj (.text.UdmaChTxPrms_init)
                  43c13cbe    00000002     --HOLE-- [fill = 0]
                  43c13cc0    0000004e                                                : udma_soc.obj (.text.Udma_getMappedChRingAttributes)
                  43c13d0e    0000004e     rm_pm_hal_sbl.am62x.r5f.ti-arm-clang.release.lib : device_psc.obj (.text.soc_device_verify_mapping)
                  43c13d5c    00000004     --HOLE-- [fill = 0]
                  43c13d60    0000004c     nortos.am62x.r5f.ti-arm-clang.release.lib : ClockP_nortos.obj (.text.ClockP_getTimeUsec)
                  43c13dac    00000004     --HOLE-- [fill = 0]
                  43c13db0    0000004c     ti_drivers_open_close.obj (.text.Drivers_ospiOpen)
                  43c13dfc    00000004     --HOLE-- [fill = 0]
                  43c13e00    0000004c     ti_drivers_open_close.obj (.text.Drivers_uartOpen)
                  43c13e4c    0000004c     sciclient_direct_sbl.am62x.r5f.ti-arm-clang.release.lib : sciclient.obj (.text.Sciclient_deinit)
                  43c13e98    0000004c                                                             : sciclient_boardcfg.obj (.text.Sciclient_getDefaultBoardCfgInfo)
                  43c13ee4    0000004c                                                             : sciclient_procboot.obj (.text.Sciclient_procBootSetProcessorCfg)
                  43c13f30    0000004c     drivers.am62x.r5f.ti-arm-clang.release.lib : udma_ring_lcdma.obj (.text.Udma_ringSetDoorBellLcdma)
                  43c13f7c    0000004c     rm_pm_hal_sbl.am62x.r5f.ti-arm-clang.release.lib : clk_pll_16fft.obj (.text.clk_pll_16fft_cal_option4)
                  43c13fc8    0000004c                                                      : psc.obj (.text.lpsc_module_get_reset_iso)
                  43c14014    0000004c                                                      : rm_ra.obj (.text.ra_get_inst)
                  43c14060    0000004c                                                      : device_psc.obj (.text.soc_device_get_resets)
                  43c140ac    0000004c                                                      : device_psc.obj (.text.soc_device_ret_disable)
                  43c140f8    0000004c                                                      : device_psc.obj (.text.soc_device_ret_enable)
                  43c14144    0000000c     --HOLE-- [fill = 0]
                  43c14150    0000004a     drivers.am62x.r5f.ti-arm-clang.release.lib : soc.obj (.text.SOC_controlModuleUnlockMMR)
                  43c1419a    00000006     --HOLE-- [fill = 0]
                  43c141a0    0000004a                                                : udma_ch.obj (.text.UdmaChPrms_init)
                  43c141ea    00000006     --HOLE-- [fill = 0]
                  43c141f0    0000004a                                                : udma_rm.obj (.text.Udma_rmFreeMappedRxCh)
                  43c1423a    00000006     --HOLE-- [fill = 0]
                  43c14240    0000004a                                                : udma_rm.obj (.text.Udma_rmFreeMappedTxCh)
                  43c1428a    00000006     --HOLE-- [fill = 0]
                  43c14290    00000048                                                : csl_bcdma.obj (.text.CSL_bcdmaChanOpSetChanRT)
                  43c142d8    00000008     --HOLE-- [fill = 0]
                  43c142e0    00000048                                                : csl_intaggr.obj (.text.CSL_intaggrClrIntr)
                  43c14328    00000008     --HOLE-- [fill = 0]
                  43c14330    00000048                                                : lpddr4.obj (.text.LPDDR4_WritePhyIndepConfig)
                  43c14378    00000048     sciclient_direct_sbl.am62x.r5f.ti-arm-clang.release.lib : sciclient.obj (.text.Sciclient_getCurrentContext)
                  43c143c0    00000048                                                             : sciclient_rm_irq.obj (.text.Sciclient_rmPsPop)
                  43c14408    00000008     --HOLE-- [fill = 0]
                  43c14410    00000048     drivers.am62x.r5f.ti-arm-clang.release.lib : udma_ch.obj (.text.UdmaChRxPrms_init)
                  43c14458    00000048     rm_pm_hal_sbl.am62x.r5f.ti-arm-clang.release.lib : clk_pll_16fft.obj (.text.clk_pll_16fft_bypass)
                  43c144a0    00000048                                                      : clk.obj (.text.clk_put)
                  43c144e8    00000048                                                      : device_clk.obj (.text.get_dev_clk_data)
                  43c14530    00000046     ti_dpl_config.obj (.text.Dpl_init)
                  43c14576    0000000a     --HOLE-- [fill = 0]
                  43c14580    00000046     drivers.am62x.r5f.ti-arm-clang.release.lib : lpddr4.obj (.text.LPDDR4_WritePhyConfig)
                  43c145c6    00000046     rm_pm_hal_sbl.am62x.r5f.ti-arm-clang.release.lib : rm_irq.obj (.text.irq_cfg_is_ia_cfg)
                  43c1460c    00000046                                                      : rm_irq.obj (.text.irq_cfg_is_ir_cfg)
                  43c14652    00000046                                                      : rm_irq.obj (.text.irq_cfg_is_oes_only)
                  43c14698    00000008     --HOLE-- [fill = 0]
                  43c146a0    00000044     drivers.am62x.r5f.ti-arm-clang.release.lib : bootloader.obj (.text.Bootloader_loadCpu)
                  43c146e4    00000044     sciclient_direct_sbl.am62x.r5f.ti-arm-clang.release.lib : sciclient_direct_wrapper.obj (.text.Sciclient_waitForBootNotification)
                  43c14728    00000044     rm_pm_hal_sbl.am62x.r5f.ti-arm-clang.release.lib : dmsc.obj (.text.am62x_sys_reset_handler)
                  43c1476c    00000044                                                      : clk.obj (.text.clk_get_state)
                  43c147b0    00000044                                                      : rm_ia.obj (.text.rm_ia_is_managed_resasg_utype)
                  43c147f4    00000042                                                      : device_clk.obj (.text.device_clk_disable)
                  43c14836    00000042                                                      : device_clk.obj (.text.device_clk_enable)
                  43c14878    00000008     --HOLE-- [fill = 0]
                  43c14880    00000040     drivers.am62x.r5f.ti-arm-clang.release.lib : bootloader_profile.obj (.text.Bootloader_profileReset)
                  43c148c0    00000040                                                : csl_bcdma.obj (.text.CSL_bcdmaChanOpSetBurstSize)
                  43c14900    00000040     nortos.am62x.r5f.ti-arm-clang.release.lib : ClockP_nortos.obj (.text.ClockP_stop)
                  43c14940    00000040     board.am62x.r5f.ti-arm-clang.release.lib : flash_nand_ospi.obj (.text.Flash_nandOspiCmdWrite)
                  43c14980    00000040     drivers.am62x.r5f.ti-arm-clang.release.lib : lpddr4.obj (.text.LPDDR4_WriteCtlConfig)
                  43c149c0    00000040     sciclient_direct_sbl.am62x.r5f.ti-arm-clang.release.lib : sciclient_rm_irq.obj (.text.Sciclient_rmIrqUnmappedVintRouteDelete)
                  43c14a00    00000040     nortos.am62x.r5f.ti-arm-clang.release.lib : SemaphoreP_nortos.obj (.text.SemaphoreP_constructBinary)
                  43c14a40    00000040     drivers.am62x.r5f.ti-arm-clang.release.lib : udma_rm.obj (.text.Udma_rmFreeBlkCopyCh)
                  43c14a80    00000040                                                : udma_rm.obj (.text.Udma_rmFreeBlkCopyHcCh)
                  43c14ac0    00000040                                                : udma_rm.obj (.text.Udma_rmFreeBlkCopyUhcCh)
                  43c14b00    00000040                                                : udma_rm.obj (.text.Udma_rmFreeEvent)
                  43c14b40    00000040                                                : udma_rm.obj (.text.Udma_rmFreeIrIntr)
                  43c14b80    00000040                                                : udma_rm.obj (.text.Udma_rmFreeRxCh)
                  43c14bc0    00000040                                                : udma_rm.obj (.text.Udma_rmFreeRxHcCh)
                  43c14c00    00000040                                                : udma_rm.obj (.text.Udma_rmFreeRxUhcCh)
                  43c14c40    00000040                                                : udma_rm.obj (.text.Udma_rmFreeTxCh)
                  43c14c80    00000040                                                : udma_rm.obj (.text.Udma_rmFreeTxHcCh)
                  43c14cc0    00000040                                                : udma_rm.obj (.text.Udma_rmFreeTxUhcCh)
                  43c14d00    00000040                                                : udma_rm.obj (.text.Udma_rmFreeVintr)
                  43c14d40    00000040     rm_pm_hal_sbl.am62x.r5f.ti-arm-clang.release.lib : clk_mux.obj (.text.clk_get_parent)
                  43c14d80    00000040                                                      : psc.obj (.text.pd_initiate)
                  43c14dc0    00000040                                                      : rm_irq.obj (.text.rm_irq_is_managed_resasg_utype)
                  43c14e00    00000040                                                      : device_psc.obj (.text.soc_device_set_reset_iso)
                  43c14e40    00000040                                                      : trace.obj (.text.trace_debug_internal)
                  43c14e80    0000003e     drivers.am62x.r5f.ti-arm-clang.release.lib : bootloader.obj (.text.Bootloader_open)
                  43c14ebe    00000002     --HOLE-- [fill = 0]
                  43c14ec0    0000003e     nortos.am62x.r5f.ti-arm-clang.release.lib : SemaphoreP_nortos.obj (.text.SemaphoreP_constructMutex)
                  43c14efe    00000002     --HOLE-- [fill = 0]
                  43c14f00    0000003e     drivers.am62x.r5f.ti-arm-clang.release.lib : udma_flow.obj (.text.UdmaFlowPrms_init)
                  43c14f3e    00000002     --HOLE-- [fill = 0]
                  43c14f40    0000003e                                                : udma_ring_common.obj (.text.Udma_ringFlushRaw)
                  43c14f7e    0000003e     rm_pm_hal_sbl.am62x.r5f.ti-arm-clang.release.lib : device_clk.obj (.text.device_clk_get_num_parents)
                  43c14fbc    0000003e                                                      : device_psc.obj (.text.soc_device_ret_enable_internal)
                  43c14ffa    0000003e                                                      : rm_udmap.obj (.text.udmap_validate_chan_type)
                  43c15038    00000008     --HOLE-- [fill = 0]
                  43c15040    0000003c     drivers.am62x.r5f.ti-arm-clang.release.lib : csl_bcdma.obj (.text.CSL_bcdmaGetCfg)
                  43c1507c    00000004     --HOLE-- [fill = 0]
                  43c15080    0000003c                                                : udma_ring_lcdma.obj (.text.Udma_ringPrimeReadLcdma)
                  43c150bc    0000003c     rm_pm_hal_sbl.am62x.r5f.ti-arm-clang.release.lib : device_pm.obj (.text.device_disable)
                  43c150f8    0000003c                                                      : rm_ir.obj (.text.ir_get_inst)
                  43c15134    0000003c                                                      : psc.obj (.text.lpsc_module_clk_get)
                  43c15170    0000003c                                                      : mmr_lock.obj (.text.mmr_unlock)
                  43c151ac    0000003c                                                      : psc.obj (.text.psc_lookup_lpsc)
                  43c151e8    0000003c                                                      : device_psc.obj (.text.soc_device_get_reset_iso)
                  43c15224    0000003c                                                      : device_psc.obj (.text.soc_device_ret_disable_internal)
                  43c15260    0000003a     nortos.am62x.r5f.ti-arm-clang.release.lib : ClockP_nortos.obj (.text.ClockP_destruct)
                  43c1529a    00000006     --HOLE-- [fill = 0]
                  43c152a0    0000003a                                               : DebugP_uartLogWriter.obj (.text.DebugP_uartLogWriterPutChar)
                  43c152da    00000006     --HOLE-- [fill = 0]
                  43c152e0    0000003a     drivers.am62x.r5f.ti-arm-clang.release.lib : ospi_dma.obj (.text.OSPI_dmaOpen)
                  43c1531a    00000006     --HOLE-- [fill = 0]
                  43c15320    0000003a                                                : ospi_v0.obj (.text.OSPI_setDeviceSize)
                  43c1535a    00000006     --HOLE-- [fill = 0]
                  43c15360    0000003a                                                : uart_dma.obj (.text.UART_dmaOpen)
                  43c1539a    0000003a     rm_pm_hal_sbl.am62x.r5f.ti-arm-clang.release.lib : boardcfg-user.obj (.text.boardcfg_pm_receive_and_validate)
                  43c153d4    0000000c     --HOLE-- [fill = 0]
                  43c153e0    00000038     drivers.am62x.r5f.ti-arm-clang.release.lib : bootloader.obj (.text.Bootloader_getX509CertLen)
                  43c15418    00000008     --HOLE-- [fill = 0]
                  43c15420    00000038                                                : udma_ring_lcdma.obj (.text.Udma_lcdmaRingaccMemOps)
                  43c15458    00000008     --HOLE-- [fill = 0]
                  43c15460    00000038     nortos.am62x.r5f.ti-arm-clang.release.lib : DebugP_nortos.obj (.text._DebugP_logZone)
                  43c15498    00000038     rm_pm_hal_sbl.am62x.r5f.ti-arm-clang.release.lib : clk.obj (.text.clk_drop_pwr_up_en)
                  43c154d0    00000038                                                      : clk_pll_16fft.obj (.text.clk_pll_16fft_cal_option3)
                  43c15508    00000038                                                      : clk.obj (.text.clk_value_set_freq)
                  43c15540    00000038                                                      : device_clk.obj (.text.device_clk_get_freq)
                  43c15578    00000038                                                      : rm_ir.obj (.text.rm_ir_init)
                  43c155b0    00000036     drivers.am62x.r5f.ti-arm-clang.release.lib : csl_pktdma.obj (.text.CSL_pktdmaGetCfg)
                  43c155e6    0000000a     --HOLE-- [fill = 0]
                  43c155f0    00000036     board.am62x.r5f.ti-arm-clang.release.lib : flash.obj (.text.Flash_open)
                  43c15626    0000000a     --HOLE-- [fill = 0]
                  43c15630    00000036     ti_power_clock_config.obj (.text.Module_clockSetFrequency)
                  43c15666    0000000a     --HOLE-- [fill = 0]
                  43c15670    00000034     nortos.am62x.r5f.ti-arm-clang.release.lib : ClockP_nortos.obj (.text.ClockP_start)
                  43c156a4    0000000c     --HOLE-- [fill = 0]
                  43c156b0    00000034     drivers.am62x.r5f.ti-arm-clang.release.lib : lpddr4_16bit.obj (.text.LPDDR4_EnablePIInitiator)
                  43c156e4    0000000c     --HOLE-- [fill = 0]
                  43c156f0    00000034                                                : lpddr4.obj (.text.LPDDR4_PollCtlIrq)
                  43c15724    00000034     sciclient_direct_sbl.am62x.r5f.ti-arm-clang.release.lib : uart_print.obj (.text.UART_dataWrite)
                  43c15758    00000034     rm_pm_hal_sbl.am62x.r5f.ti-arm-clang.release.lib : device.obj (.text.devices_init_rw)
                  43c1578c    00000034                                                      : psc.obj (.text.psc_lookup)
                  43c157c0    00000034                                                      : psc.obj (.text.psc_lookup_pd)
                  43c157f4    00000034                                                      : rm.obj (.text.rm_init)
                  43c15828    00000008     --HOLE-- [fill = 0]
                  43c15830    00000032     drivers.am62x.r5f.ti-arm-clang.release.lib : bootloader.obj (.text.Bootloader_BootImageInfo_init)
                  43c15862    0000000e     --HOLE-- [fill = 0]
                  43c15870    00000032     nortos.am62x.r5f.ti-arm-clang.release.lib : ClockP_nortos.obj (.text.ClockP_usleep)
                  43c158a2    0000000e     --HOLE-- [fill = 0]
                  43c158b0    00000032                                               : SemaphoreP_nortos.obj (.text.SemaphoreP_post)
                  43c158e2    0000000e     --HOLE-- [fill = 0]
                  43c158f0    00000032     drivers.am62x.r5f.ti-arm-clang.release.lib : udma_event.obj (.text.UdmaEventPrms_init)
                  43c15922    00000032     rm_pm_hal_sbl.am62x.r5f.ti-arm-clang.release.lib : device_pm.obj (.text.device_set_retention)
                  43c15954    0000000c     --HOLE-- [fill = 0]
                  43c15960    00000030     board.am62x.r5f.ti-arm-clang.release.lib : flash_nand_ospi.obj (.text.Flash_nandOspiReset)
                  43c15990    00000030     rm_pm_hal_sbl.am62x.r5f.ti-arm-clang.release.lib : clk_fixed.obj (.text.clk_fixed_get_freq)
                  43c159c0    00000030                                                      : clk.obj (.text.clk_get_freq)
                  43c159f0    00000030                                                      : clk.obj (.text.clk_get_parent_freq)
                  43c15a20    00000030                                                      : clk.obj (.text.clk_set_state)
                  43c15a50    00000030     nortos.am62x.r5f.ti-arm-clang.release.lib : PmuP_armv7r_asm.obj (.text.pmu)
                  43c15a80    00000030     rm_pm_hal_sbl.am62x.r5f.ti-arm-clang.release.lib : trace-uart.obj (.text.trace_debug_uart)
                  43c15ab0    0000002e     main.obj (.text.App_loadSelfcoreImage)
                  43c15ade    00000002     --HOLE-- [fill = 0]
                  43c15ae0    0000002e     drivers.am62x.r5f.ti-arm-clang.release.lib : ddr.obj (.text.DDR_setFreq)
                  43c15b0e    00000002     --HOLE-- [fill = 0]
                  43c15b10    0000002e     ti_power_clock_config.obj (.text.Module_clockDisable)
                  43c15b3e    00000002     --HOLE-- [fill = 0]
                  43c15b40    0000002e     ti_power_clock_config.obj (.text.Module_clockEnable)
                  43c15b6e    00000002     --HOLE-- [fill = 0]
                  43c15b70    0000002e     drivers.am62x.r5f.ti-arm-clang.release.lib : uart_v0.obj (.text.UART_getHandle)
                  43c15b9e    00000002     --HOLE-- [fill = 0]
                  43c15ba0    0000002e                                                : udma_ring_common.obj (.text.UdmaRingPrms_init)
                  43c15bce    00000002     --HOLE-- [fill = 0]
                  43c15bd0    0000002e                                                : udma_ch.obj (.text.Udma_chGetCqRingNum)
                  43c15bfe    0000002e     rm_pm_hal_sbl.am62x.r5f.ti-arm-clang.release.lib : clk_pll_16fft.obj (.text.clk_pll_16fft_set_state)
                  43c15c2c    00000004     --HOLE-- [fill = 0]
                  43c15c30    0000002c     drivers.am62x.r5f.ti-arm-clang.release.lib : bootloader_soc.obj (.text.Bootloader_socIsMCUResetIsoEnabled)
                  43c15c5c    00000004     --HOLE-- [fill = 0]
                  43c15c60    0000002c                                                : csl_pktdma.obj (.text.CSL_pktdmaGetRxRT)
                  43c15c8c    00000004     --HOLE-- [fill = 0]
                  43c15c90    0000002c                                                : csl_pktdma.obj (.text.CSL_pktdmaGetTxRT)
                  43c15cbc    00000004     --HOLE-- [fill = 0]
                  43c15cc0    0000002c     ti_drivers_open_close.obj (.text.Drivers_close)
                  43c15cec    00000004     --HOLE-- [fill = 0]
                  43c15cf0    0000002c     drivers.am62x.r5f.ti-arm-clang.release.lib : ospi_v0.obj (.text.OSPI_getHandle)
                  43c15d1c    0000002c     sciclient_direct_sbl.am62x.r5f.ti-arm-clang.release.lib : sciclient_secureproxy.obj (.text.Sciclient_flush)
                  43c15d48    0000002c                                                             : sciclient_rm_irq.obj (.text.Sciclient_rmPsPush)
[...]
43c1c07e  DDRSS_ctlRegNum                                                               
43c1c3cc  DDRSS_phyIndepRegNum                                                          
43c1c680  resasg_indexer                                                                
43c1c86c  ra_inst                                                                       
43c1c998  udmap_inst                                                                    
43c1ca88  gAddrTranslateInfo                                                            
43c1cb4c  vint_usage_count_DMSS_AM62_0_INTAGGR_0                                        
43c1cc04  gCoreBootInfo                                                                 
43c1ccac  gMpuRegionConfig                                                              
43c1ce84  gFlashDevCfg_W35N01JWTBAG                                                     
43c1d00c  ir_inst                                                                       
43c1d080  gSciclientHandle                                                              
43c1d0dc  gRmIrInstances                                                                
43c1d13c  ia_inst                                                                       
43c1d198  gUartParams                                                                   
43c1d1f0  gUdmaRmSharedResPrms                                                          
43c1d2d8  gBootloaderConfig                                                             
43c1d340  gFlashAttrs_W35N01JWTBAG                                                      
43c1d398  gNandFlashToSpiProtocolMap                                                    
43c1d3bc  gSocModulesClockFrequency                                                     
43c1d3e0  gRmIaInstances                                                                
43c1d400  gSciclientRomSecProxyCfg                                                      
43c1d420  gSciclient_secProxyCfg                                                        
43c1d440  gFlashNandOspiFxns                                                            
43c1d45c  gOspiUdma0Args                                                                
43c1d478  gSocModules                                                                   
43c1d494  gClockConfig                                                                  
43c1d4c4  gBootloaderFlashFxns                                                          
43c1d4d8  gBootloaderMemFxns                                                            
43c1d4ec  gResMemSection                                                                
43c1d510  gFlashConfig                                                                  
43c1d530  gAddrTranslateConfig                                                          
43c1d53c  gBootloader0Args                                                              
43c1d548  gMpuConfig                                                                    
43c1d554  gOspiDmaUdmaFxns                                                              
43c1d570  gBootloader1Args                                                              
43c1d578  gCacheConfig                                                                  
43c1d580  gFlashParams                                                                  
43c1d588  gOspiConfig                                                                   
43c1d590  gOspiDmaConfig                                                                
43c1d5a8  gUartConfig                                                                   
43c1d5b0  gBootloaderConfigNum                                                          
43c1d5b4  gCacheL1dCacheLineSize                                                        
43c1d5b8  gCacheL1pCacheLineSize                                                        
43c1d5bc  gDebugLogZone                                                                 
43c1d5c0  gDebugP_uartDrvIndex                                                          
43c1d5c4  gFlashConfigNum                                                               
43c1d5c8  gHwiConfig                                                                    
43c1d5cc  gOspiConfigNum                                                                
43c1d5d0  gOspiDmaConfigNum                                                             
43c1d5d4  gOspiParams                                                                   
43c1d5d8  gUartConfigNum                                                                
43c1d5dc  gUartDmaConfigNum                                                             
43c1d5e0  operatingMode                                                                 
43c1d5e4  pSciclient_secProxyCfg                                                        
43c1d5f4  selfcoreEntry                                                                 
43c1d5f8  soc_clock_data                                                                
43c1d5f8  soc_psc_multiple_domains                                                      
43c1ea48  soc_device_data_arr                                                           
43c1edd8  gUdmaRmDefBoardCfg_Pktdma                                                     
43c1f11e  irq_global_event_types_count                                                  
43c1f120  soc_pll_table                                                                 
43c1f6a1  soc_host_indexes_sz                                                           
43c1f8d7  soc_host_indexes                                                              
43c1fac8  gSciclientMap                                                                 
43c1ff08  gUdmaRmDefBoardCfg_Bcdma                                                      
43c20010  gUdmaTxMappedChRingAttributes                                                 
43c200f4  soc_clock_freq_defaults                                                       
43c203e0  gRmIrqTree                                                                    
43c204c4  gSOC_r5fVectors                                                               
43c2050c  soc_devgroups                                                                 
43c205dc  gUdmaRxMappedChRingAttributes                                                 
43c20618  ia_soc_pe_init_list                                                           
43c20710  tisci_if_TIMESYNC_EVENT_ROUTER0                                               
43c20770  soc_clock_ranges                                                              
43c20798  clk_drv_div_fixed                                                             
43c207bc  clk_drv_div_pll_16fft_hsdiv                                                   
43c207e0  clk_drv_div_pll_16fft_postdiv                                                 
43c20804  clk_drv_div_reg                                                               
43c20828  clk_drv_div_reg_go                                                            
43c2084c  tisci_if_MAIN_GPIOMUX_INTROUTER0                                              
43c208b0  clk_drv_mux_reg                                                               
43c208d0  clk_drv_pllctrl_mux_reg_ro                                                    
43c208f0  tisci_if_DMASS0_INTAGGR_0                                                     
43c20910  tisci_if_WKUP_MCU_GPIOMUX_INTROUTER0                                          
43c20930  irq_global_event_types                                                        
43c209a0  clk_drv_fixed                                                                 
43c209b8  clk_drv_from_device                                                           
43c209d0  clk_drv_pll_16fft                                                             
43c209e8  clk_drv_soc_hfosc0                                                            
43c20a00  clk_drv_soc_lfosc0                                                            
43c20a30  soc_fw_caps                                                                   
43c20afc  tisci_if_CMP_EVENT_INTROUTER0                                                 
43c212d8  psc_drv                                                                       
43c212e8  tisci_if_CPSW0                                                                
43c212f8  tisci_if_ICSSM0                                                               
43c2159c  tisci_if_GPIO0                                                                
43c215b4  CMP_EVENT_INTROUTER0_outp_0_15_to_GICSS0_spi_48_63                            
43c215bc  CMP_EVENT_INTROUTER0_outp_16_23_to_R5FSS0_CORE0_intr_48_55                    
43c215c4  CMP_EVENT_INTROUTER0_outp_24_31_to_DMASS0_INTAGGR_0_intaggr_levi_pend_0_7     
43c215cc  CMP_EVENT_INTROUTER0_outp_34_37_to_MCU_M4FSS0_CORE0_nvic_58_61                
43c215d4  CMP_EVENT_INTROUTER0_outp_38_41_to_HSM0_nvic_51_54                            
43c215dc  CPSW0_cpts_comp_0_0_to_CMP_EVENT_INTROUTER0_in_24_24                          
43c215e4  CPSW0_cpts_genf0_1_1_to_TIMESYNC_EVENT_ROUTER0_in_16_16                       
43c215ec  CPSW0_cpts_genf1_2_2_to_TIMESYNC_EVENT_ROUTER0_in_17_17                       
43c215f4  CPSW0_cpts_sync_3_3_to_TIMESYNC_EVENT_ROUTER0_in_18_18                        
43c215fc  DEBUGSS0_davdma_level_0_0_to_DMASS0_INTAGGR_0_intaggr_levi_pend_27_27         
43c21604  DMASS0_INTAGGR_0_intaggr_vintr_pend_0_39_to_GICSS0_spi_64_103                 
43c2160c  DMASS0_INTAGGR_0_intaggr_vintr_pend_136_151_to_HSM0_nvic_176_191              
43c21614  DMASS0_INTAGGR_0_intaggr_vintr_pend_168_171_to_MCU_M4FSS0_CORE0_nvic_32_35    
43c2161c  DMASS0_INTAGGR_0_intaggr_vintr_pend_172_175_to_MCU_M4FSS0_CORE0_nvic_54_57    
43c21624  DMASS0_INTAGGR_0_intaggr_vintr_pend_40_71_to_R5FSS0_CORE0_intr_64_95          
43c2162c  DMASS0_INTAGGR_0_intaggr_vintr_pend_72_79_to_R5FSS0_CORE0_intr_8_15           
43c21634  DMASS0_INTAGGR_0_intaggr_vintr_pend_80_80_to_ICSSM0_pr1_slv_intr_21_21        
43c2163c  DMASS0_INTAGGR_0_intaggr_vintr_pend_81_83_to_ICSSM0_pr1_slv_intr_29_31        
43c21644  EPWM0_epwm_synco_o_0_0_to_TIMESYNC_EVENT_ROUTER0_in_8_8                       
43c2164c  GPIO0_gpio_0_89_to_MAIN_GPIOMUX_INTROUTER0_in_0_89                            
43c21654  GPIO0_gpio_90_91_to_MAIN_GPIOMUX_INTROUTER0_in_176_177                        
43c2165c  GPIO0_gpio_bank_92_97_to_MAIN_GPIOMUX_INTROUTER0_in_190_195                   
43c21664  GPIO1_gpio_0_71_to_MAIN_GPIOMUX_INTROUTER0_in_90_161                          
43c2166c  GPIO1_gpio_bank_72_76_to_MAIN_GPIOMUX_INTROUTER0_in_180_184                   
43c21674  GPMC0_gpmc_sdmareq_0_0_to_DMASS0_INTAGGR_0_intaggr_levi_pend_26_26            
43c2167c  ICSSM0_pr1_edc0_sync0_out_0_0_to_TIMESYNC_EVENT_ROUTER0_in_10_10              
43c21684  ICSSM0_pr1_edc0_sync1_out_1_1_to_TIMESYNC_EVENT_ROUTER0_in_9_9                
43c2168c  ICSSM0_pr1_host_intr_req_2_9_to_CMP_EVENT_INTROUTER0_in_0_7                   
43c21694  ICSSM0_pr1_iep0_cmp_intr_req_10_25_to_CMP_EVENT_INTROUTER0_in_8_23            
43c2169c  MAIN_GPIOMUX_INTROUTER0_outp_0_15_to_GICSS0_spi_32_47                         
43c216a4  MAIN_GPIOMUX_INTROUTER0_outp_0_15_to_R5FSS0_CORE0_intr_32_47                  
43c216ac  MAIN_GPIOMUX_INTROUTER0_outp_0_7_to_HSM0_nvic_208_215                         
43c216b4  MAIN_GPIOMUX_INTROUTER0_outp_16_21_to_ICSSM0_pr1_iep0_cap_intr_req_2_7        
43c216bc  MAIN_GPIOMUX_INTROUTER0_outp_22_23_to_DMASS0_INTAGGR_0_intaggr_levi_pend_24_25
43c216c4  MAIN_GPIOMUX_INTROUTER0_outp_24_31_to_DMASS0_INTAGGR_0_intaggr_levi_pend_16_23
43c216cc  MAIN_GPIOMUX_INTROUTER0_outp_32_32_to_ICSSM0_pr1_slv_intr_18_18               
43c216d4  MAIN_GPIOMUX_INTROUTER0_outp_33_33_to_ICSSM0_pr1_slv_intr_25_25               
43c216dc  MAIN_GPIOMUX_INTROUTER0_outp_34_35_to_MCU_M4FSS0_CORE0_nvic_15_16             
43c216e4  MCRC64_0_dma_event_0_3_to_DMASS0_INTAGGR_0_intaggr_levi_pend_28_31            
43c216ec  MCU_GPIO0_gpio_0_23_to_WKUP_MCU_GPIOMUX_INTROUTER0_in_0_23                    
43c216f4  MCU_GPIO0_gpio_bank_24_25_to_WKUP_MCU_GPIOMUX_INTROUTER0_in_30_31             
43c216fc  TIMER0_timer_pwm_0_0_to_TIMESYNC_EVENT_ROUTER0_in_0_0                         
43c21704  TIMER1_timer_pwm_0_0_to_TIMESYNC_EVENT_ROUTER0_in_1_1                         
43c2170c  TIMER2_timer_pwm_0_0_to_TIMESYNC_EVENT_ROUTER0_in_2_2                         
43c21714  TIMER3_timer_pwm_0_0_to_TIMESYNC_EVENT_ROUTER0_in_3_3                         
43c2171c  TIMESYNC_EVENT_ROUTER0_outl_0_7_to_DMASS0_INTAGGR_0_intaggr_levi_pend_8_15    
43c21724  TIMESYNC_EVENT_ROUTER0_outl_10_10_to_CPSW0_cpts_hw1_push_0_0                  
43c2172c  TIMESYNC_EVENT_ROUTER0_outl_11_11_to_CPSW0_cpts_hw2_push_1_1                  
43c21734  TIMESYNC_EVENT_ROUTER0_outl_12_12_to_CPSW0_cpts_hw3_push_2_2                  
43c2173c  TIMESYNC_EVENT_ROUTER0_outl_13_13_to_CPSW0_cpts_hw4_push_3_3                  
43c21744  TIMESYNC_EVENT_ROUTER0_outl_14_14_to_CPSW0_cpts_hw5_push_4_4                  
43c2174c  TIMESYNC_EVENT_ROUTER0_outl_15_15_to_CPSW0_cpts_hw6_push_5_5                  
43c21754  TIMESYNC_EVENT_ROUTER0_outl_16_16_to_CPSW0_cpts_hw7_push_6_6                  
43c2175c  TIMESYNC_EVENT_ROUTER0_outl_17_17_to_CPSW0_cpts_hw8_push_7_7                  
43c21764  TIMESYNC_EVENT_ROUTER0_outl_24_25_to_ICSSM0_pr1_slv_intr_9_10                 
43c2176c  TIMESYNC_EVENT_ROUTER0_outl_8_8_to_ICSSM0_pr1_edc0_latch0_in_0_0              
43c21774  TIMESYNC_EVENT_ROUTER0_outl_9_9_to_ICSSM0_pr1_edc0_latch1_in_1_1              
43c2177c  WKUP_GTC0_gtc_push_event_0_0_to_TIMESYNC_EVENT_ROUTER0_in_11_11               
43c21784  WKUP_MCU_GPIOMUX_INTROUTER0_outp_0_3_to_GICSS0_spi_104_107                    
43c2178c  WKUP_MCU_GPIOMUX_INTROUTER0_outp_0_3_to_R5FSS0_CORE0_intr_104_107             
43c21794  WKUP_MCU_GPIOMUX_INTROUTER0_outp_12_12_to_ICSSM0_pr1_slv_intr_8_8             
43c2179c  WKUP_MCU_GPIOMUX_INTROUTER0_outp_4_7_to_HSM0_nvic_78_81                       
43c217a4  WKUP_MCU_GPIOMUX_INTROUTER0_outp_4_7_to_MCU_M4FSS0_CORE0_nvic_0_3             
43c217ac  WKUP_MCU_GPIOMUX_INTROUTER0_outp_8_11_to_WKUP_ESM0_esm_pls_event0_88_91       
43c217b4  WKUP_MCU_GPIOMUX_INTROUTER0_outp_8_11_to_WKUP_ESM0_esm_pls_event1_92_95       
43c217bc  WKUP_MCU_GPIOMUX_INTROUTER0_outp_8_11_to_WKUP_ESM0_esm_pls_event2_96_99       
43c21834  gcSciclientDirectExtBootX509MagicWord                                         
43c2183c  tisci_if_GPIO1                                                                
43c21844  tisci_if_MCU_GPIO0                                                            
43c21b2c  evt_rt_srcs                                                                   
43c21b30  evt_rt_srcs_count                                                             
43c21b34  gRmIrqTreeCount                                                               
43c21b58  ra_inst_count                                                                 
43c21b5c  soc_clock_count                                                               
43c21b60  soc_devgroup_count                                                            
43c21b64  soc_device_count                                                              
43c21b6c  tisci_if_DEBUGSS0                                                             
43c21b70  tisci_if_EPWM0                                                                
43c21b74  tisci_if_GPMC0                                                                
43c21b78  tisci_if_MCRC64_0                                                             
43c21b7c  tisci_if_TIMER0                                                               
43c21b80  tisci_if_TIMER1                                                               
43c21b84  tisci_if_TIMER2                                                               
43c21b88  tisci_if_TIMER3                                                               
43c21b8c  tisci_if_WKUP_GTC0                                                            
43c21b90  udmap_inst_count                                                              
43c21c00  gSciclient_boardCfgLow                                                        
43c21c80  gSciclient_boardCfgLow_rm                                                     
43c22200  gSciclient_boardCfgLow_sec                                                    
43c22380  gSciclient_boardCfgLow_pm                                                     
43c22400  __stack                                                                       
43c26400  __BSS_START                                                                   
43c26400  __STACK_END                                                                   
43c26400  gHwiCtrl                                                                      
43c27408  gUdmaDrvObj                                                                   
43c28728  soc_clocks                                                                    
43c28b2c  soc_devices                                                                   
43c29398  soc_clock_values                                                              
43c296c0  gProfileObj                                                                   
43c29ab8  _freertosresetvectors                                                         
43c29b80  gClockCtrl                                                                    
43c29bf4  gFlashObject_W35N01JWTBAG                                                     
43c29c0c  gFlashHandle                                                                  
43c29c10  gOspiHandle                                                                   
43c29c14  gUartHandle                                                                   
43c29c80  __BSS_END                                                                     
43c29c80  __IRQ_STACK_START                                                             
43c2ac80  __FIQ_STACK_START                                                             
43c2ac80  __IRQ_STACK_END                                                               
43c2ad80  __FIQ_STACK_END                                                               
43c2ad80  __SVC_STACK_START                                                             
43c2ae80  __ABORT_STACK_START                                                           
43c2ae80  __SVC_STACK_END                                                               
43c2af80  __ABORT_STACK_END                                                             
43c2af80  __UNDEFINED_STACK_START                                                       
43c2b080  __UNDEFINED_STACK_END                                                         
82000000  gAppimage                                                                     
ffffffff  __TI_pprof_out_hndl                                                           
ffffffff  __TI_prof_data_size                                                           
ffffffff  __TI_prof_data_start                                                          
ffffffff  __binit__                                                                     
ffffffff  binit                                                                         
UNDEFED   __TI_CINIT_Base                                                               
UNDEFED   __TI_CINIT_Limit                                                              
UNDEFED   __TI_Handler_Table_Base                                                       
UNDEFED   __TI_Handler_Table_Limit                                                      
UNDEFED   _system_post_cinit                                                            

[858 symbols]
