******************************************************************************
            TI ARM Clang Linker Unix v2.1.2                    
******************************************************************************
>> Linked Fri Feb 24 09:07:59 2023

OUTPUT FILE NAME:   <sbl_uart_uniflash_stage1.release.out>
ENTRY POINT SYMBOL: "_vectors_sbl"  address: 43c00040


MEMORY CONFIGURATION

         name            origin    length      used     unused   attr    fill
----------------------  --------  ---------  --------  --------  ----  --------
  HSM_RAM_VECS          43c00000   00000100  00000080  00000080  RWIX
  HSM_RAM               43c00100   0003c700  0002a550  000121b0  RWIX
  DDR                   80000000   00800000  00800000  00000000  RWIX


SEGMENT ALLOCATION MAP

run origin  load origin   length   init length attrs members
----------  ----------- ---------- ----------- ----- -------
43c00000    43c00000    00000080   00000080    r-x
  43c00000    43c00000    00000080   00000080    r-x .vectors
43c00100    43c00100    00011f58   00011f58    r-x
  43c00100    43c00100    00010830   00010830    r-x .text
  43c10930    43c10930    00001728   00001728    r-- .const
43c12060    43c12060    00000f60   00000f60    r-x
  43c12060    43c12060    00000790   00000790    r-x .text.hwi
  43c127f0    43c127f0    00000460   00000460    r-x .text.cache
  43c12c50    43c12c50    00000240   00000240    r-x .text.mpu
  43c12e90    43c12e90    00000130   00000130    r-x .text.boot
43c12fc0    43c12fc0    00003500   00003500    rw-
  43c12fc0    43c12fc0    00003500   00003500    rw- .data
43c164c0    43c164c0    00003c20   00003c20    r--
  43c164c0    43c164c0    00003c20   00003c20    r-- .rodata
43c1a100    43c1a100    00000800   00000800    r--
  43c1a100    43c1a100    00000800   00000800    r-- .boardcfg_data
43c1a900    43c1a900    0000e950   00000000    rw-
  43c1a900    43c1a900    00008000   00000000    rw- .sysmem
  43c22900    43c22900    00004000   00000000    rw- .stack
  43c26900    43c26900    00002950   00000000    rw- .bss
43c29250    43c29250    00001400   00000000    r--
  43c29250    43c29250    00001000   00000000    r-- .irqstack
  43c2a250    43c2a250    00000100   00000000    r-- .fiqstack
  43c2a350    43c2a350    00000100   00000000    r-- .svcstack
  43c2a450    43c2a450    00000100   00000000    r-- .abortstack
  43c2a550    43c2a550    00000100   00000000    r-- .undefinedstack


SECTION ALLOCATION MAP

 output                                  attributes/
section   page    origin      length       input sections
--------  ----  ----------  ----------   ----------------
.vectors   0    43c00000    00000080     
                  43c00000    00000040     nortos.am62x.r5f.ti-arm-clang.release.lib : HwiP_armv7r_vectors_nortos_asm.obj (.vectors)
                  43c00040    00000040                                               : HwiP_armv7r_vectors_nortos_sbl_asm.obj (.vectors)

.text      0    43c00100    00010830     
                  43c00100    00000754     rm_pm_hal_sbl.am62x.r5f.ti-arm-clang.release.lib : pll.obj (.text.pll_calc)
                  43c00854    000006d8                                                      : rm_udmap.obj (.text.rm_udmap_tx_ch_cfg)
                  43c00f2c    00000618                                                      : rm_udmap.obj (.text.rm_udmap_rx_ch_cfg)
                  43c01544    0000000c                                                      : device_prepare.obj (.text.device_prepare_nonexclusive)
                  43c01550    00000596     nortos.am62x.r5f.ti-arm-clang.release.lib : printf.obj (.text._vsnprintf)
                  43c01ae6    0000000a     rm_pm_hal_sbl.am62x.r5f.ti-arm-clang.release.lib : clk.obj (.text.clk_notify_children_freq)
                  43c01af0    000004ea     drivers.am62x.r5f.ti-arm-clang.release.lib : uart_v0.obj (.text.UART_open)
                  43c01fda    00000002     rm_pm_hal_sbl.am62x.r5f.ti-arm-clang.release.lib : ioremap.obj (.text.ioremap_internal)
                  43c01fdc    00000428                                                      : rm_ra.obj (.text.rm_ra_cfg)
                  43c02404    00000394                                                      : psc.obj (.text.lpsc_module_sync_state)
                  43c02798    00000008                                                      : clk.obj (.text.clk_freq_change_allow)
                  43c027a0    00000388     nortos.am62x.r5f.ti-arm-clang.release.lib : printf.obj (.text._ftoa)
                  43c02b28    00000008     rm_pm_hal_sbl.am62x.r5f.ti-arm-clang.release.lib : clk.obj (.text.clk_freq_change_block)
                  43c02b30    00000310     nortos.am62x.r5f.ti-arm-clang.release.lib : printf.obj (.text._etoa)
                  43c02e40    000002f8     rm_pm_hal_sbl.am62x.r5f.ti-arm-clang.release.lib : clk_div.obj (.text.clk_div_set_freq)
                  43c03138    000002f8                                                      : rm_udmap.obj (.text.rm_udmap_flow_cfg)
                  43c03430    000002f0     drivers.am62x.r5f.ti-arm-clang.release.lib : ddr.obj (.text.DDR_init)
                  43c03720    000002e8     rm_pm_hal_sbl.am62x.r5f.ti-arm-clang.release.lib : clk_pll_16fft.obj (.text.clk_pll_16fft_internal_set_freq)
                  43c03a08    000002c8     sciclient_direct_sbl.am62x.r5f.ti-arm-clang.release.lib : sciclient.obj (.text.Sciclient_serviceSecureProxy)
                  43c03cd0    00000290     drivers.am62x.r5f.ti-arm-clang.release.lib : uart_v0.obj (.text.UART_read)
                  43c03f60    00000282     rm_pm_hal_sbl.am62x.r5f.ti-arm-clang.release.lib : pll.obj (.text.pll_consider)
                  43c041e2    00000002                                                      : mmr_lock.obj (.text.mmr_lock_all)
                  43c041e4    00000260                                                      : clk_pll_16fft.obj (.text.clk_pll_16fft_init)
                  43c04444    00000244                                                      : device_clk.obj (.text.__device_clk_set_freq)
                  43c04688    00000228                                                      : device.obj (.text.devices_init)
                  43c048b0    00000224                                                      : rm_irq.obj (.text.rm_irq_release)
                  43c04ad4    0000000c     libc.a : memory.c.obj (.text.malloc)
                  43c04ae0    0000021c     drivers.am62x.r5f.ti-arm-clang.release.lib : uart_v0.obj (.text.UART_masterIsr)
                  43c04cfc    00000004     libc.a : _lock.c.obj (.text._nop)
                  43c04d00    0000020a     drivers.am62x.r5f.ti-arm-clang.release.lib : xmodem.obj (.text.xmodemReceive)
                  43c04f0a    00000006     rm_pm_hal_sbl.am62x.r5f.ti-arm-clang.release.lib : clk_pll_16fft.obj (.text.pll_16fft_bin)
                  43c04f10    000001fe     drivers.am62x.r5f.ti-arm-clang.release.lib : uart_v0.obj (.text.UART_write)
                  43c0510e    00000002     rm_pm_hal_sbl.am62x.r5f.ti-arm-clang.release.lib : map.obj (.text.u32_get_bytes)
                  43c05110    000001fc                                                      : rm_irq.obj (.text.rm_irq_set)
                  43c0530c    00000004                                                      : clk_fixed.obj (.text.clk_fixed_get_state)
                  43c05310    000001f4     drivers.am62x.r5f.ti-arm-clang.release.lib : xmodem.obj (.text.xmodemTransmit)
                  43c05504    000001cc     sciclient_direct_sbl.am62x.r5f.ti-arm-clang.release.lib : sciclient_direct.obj (.text.Sciclient_service)
                  43c056d0    000001c8                                                             : sciclient.obj (.text.Sciclient_init)
                  43c05898    00000008     rm_pm_hal_sbl.am62x.r5f.ti-arm-clang.release.lib : psc.obj (.text.lpsc_module_get)
                  43c058a0    000001c0     nortos.am62x.r5f.ti-arm-clang.release.lib : TimerP.obj (.text.TimerP_setup)
                  43c05a60    000001b8     libc.a : memory.c.obj (.text.aligned_alloc)
                  43c05c18    000001b8            : memory.c.obj (.text.free)
                  43c05dd0    000001a8     rm_pm_hal_sbl.am62x.r5f.ti-arm-clang.release.lib : psc.obj (.text.psc_pre_init)
                  43c05f78    00000008                                                      : psc.obj (.text.lpsc_module_get_module_reset)
                  43c05f80    000001a0     drivers.am62x.r5f.ti-arm-clang.release.lib : ddr_soc.obj (.text.DDR_programPLL)
                  43c06120    0000017c                                                : bootloader.obj (.text.Bootloader_verifyMulticoreImage)
                  43c0629c    00000164     rm_pm_hal_sbl.am62x.r5f.ti-arm-clang.release.lib : rm_udmap.obj (.text.rm_udmap_gcfg_cfg)
                  43c06400    00000160                                                      : device_process.obj (.text.set_device_handler)
                  43c06560    00000158                                                      : rm_ir.obj (.text.rm_ir_configure)
                  43c066b8    0000014c     sciclient_direct_sbl.am62x.r5f.ti-arm-clang.release.lib : uart_print.obj (.text.UART_printf)
                  43c06804    00000146                                                             : sciclient_direct.obj (.text.Sciclient_ProcessPmMessage)
                  43c0694a    00000004     rm_pm_hal_sbl.am62x.r5f.ti-arm-clang.release.lib : clk_dev.obj (.text.clk_from_device_notify_freq)
                  43c0694e    00000002     --HOLE-- [fill = 0]
                  43c06950    00000146     drivers.am62x.r5f.ti-arm-clang.release.lib : uart_v0.obj (.text.UART_close)
                  43c06a96    00000002     --HOLE-- [fill = 0]
                  43c06a98    00000144     rm_pm_hal_sbl.am62x.r5f.ti-arm-clang.release.lib : clk.obj (.text.clk_init)
                  43c06bdc    00000144     libc.a : setvbuf.c.obj (.text.setvbuf)
                  43c06d20    0000013e     drivers.am62x.r5f.ti-arm-clang.release.lib : soc.obj (.text.SOC_moduleSetClockFrequency)
                  43c06e5e    00000002     --HOLE-- [fill = 0]
                  43c06e60    00000132     nortos.am62x.r5f.ti-arm-clang.release.lib : printf.obj (.text._ntoa_format)
                  43c06f92    00000002     --HOLE-- [fill = 0]
                  43c06f94    00000128     rm_pm_hal_sbl.am62x.r5f.ti-arm-clang.release.lib : rm_ra.obj (.text.ra_get_ring_evt)
                  43c070bc    00000124                                                      : clk_pll_16fft.obj (.text.clk_pll_16fft_get_freq)
                  43c071e0    00000124                                                      : rm_ra.obj (.text.ra_set_ring_evt)
                  43c07304    00000122                                                      : rm_udmap.obj (.text.udmap_oes_index_validate)
                  43c07426    0000000a                                                      : clk_div.obj (.text.readl)
                  43c07430    00000120     drivers.am62x.r5f.ti-arm-clang.release.lib : lpddr4_16bit.obj (.text.LPDDR4_CheckCtlInterrupt)
                  43c07550    00000120     rm_pm_hal_sbl.am62x.r5f.ti-arm-clang.release.lib : rm_udmap.obj (.text.udmap_get_ch_evt)
                  43c07670    00000118                                                      : psc.obj (.text.psc_uninit)
                  43c07788    00000118     libclang_rt.builtins.a : udivmoddi4.S.obj (.text)
                  43c078a0    00000112     drivers.am62x.r5f.ti-arm-clang.release.lib : lpddr4_16bit.obj (.text.LPDDR4_AckCtlInterrupt)
                  43c079b2    0000010c     rm_pm_hal_sbl.am62x.r5f.ti-arm-clang.release.lib : rm_ia.obj (.text.rm_ia_vint_map)
                  43c07abe    00000002     --HOLE-- [fill = 0]
                  43c07ac0    00000104                                                      : device_clk.obj (.text.device_clk_get_parent)
                  43c07bc4    00000100     sciclient_direct_sbl.am62x.r5f.ti-arm-clang.release.lib : sciclient_direct.obj (.text.Sciclient_ProcessRmMessage)
                  43c07cc4    00000100     rm_pm_hal_sbl.am62x.r5f.ti-arm-clang.release.lib : rm_core.obj (.text.rm_core_get_resource_range)
                  43c07dc4    0000000c                                                      : sys-reset.obj (.text.sys_reset_handler_register)
                  43c07dd0    000000fc     nortos.am62x.r5f.ti-arm-clang.release.lib : ClockP_nortos_r5.obj (.text.ClockP_init)
                  43c07ecc    00000004     rm_pm_hal_sbl.am62x.r5f.ti-arm-clang.release.lib : clk_dev.obj (.text.clk_from_device_set_state)
                  43c07ed0    000000fc     main.obj (.text.main)
                  43c07fcc    000000f8     rm_pm_hal_sbl.am62x.r5f.ti-arm-clang.release.lib : rm_udmap.obj (.text.udmap_set_ch_evt)
                  43c080c4    000000f2                                                      : rm_ia.obj (.text.rm_ia_vint_unmap)
                  43c081b6    00000002     --HOLE-- [fill = 0]
                  43c081b8    000000ec                                                      : clk_div.obj (.text.clk_div_notify_freq)
                  43c082a4    000000e8     libc.a : fputc.c.obj (.text.fputc)
                  43c0838c    000000e8     rm_pm_hal_sbl.am62x.r5f.ti-arm-clang.release.lib : rm_udmap.obj (.text.rm_udmap_is_managed_resasg_utype)
                  43c08474    000000e6                                                      : rm_ia.obj (.text.ia_validate_evt)
                  43c0855a    00000002     --HOLE-- [fill = 0]
                  43c0855c    000000e4                                                      : psc.obj (.text.psc_pd_get)
                  43c08640    000000e0                                                      : clk.obj (.text.clk_set_freq)
                  43c08720    000000e0                                                      : device_clk.obj (.text.device_clk_set_gated)
                  43c08800    000000dc                                                      : psc.obj (.text.lpsc_module_wait)
                  43c088dc    000000dc                                                      : rm_ra.obj (.text.rm_ra_mon_cfg)
                  43c089b8    00000008                                                      : psc.obj (.text.lpsc_module_put)
                  43c089c0    000000d4     drivers.am62x.r5f.ti-arm-clang.release.lib : bootloader.obj (.text.Bootloader_rprcImageLoad)
                  43c08a94    000000d0     rm_pm_hal_sbl.am62x.r5f.ti-arm-clang.release.lib : psc.obj (.text.lpsc_module_put_internal)
                  43c08b64    000000d0                                                      : rm_udmap.obj (.text.rm_udmap_flow_delegate)
                  43c08c34    000000cc                                                      : rm_ia.obj (.text.ia_set_oes_evt)
                  43c08d00    000000cc                                                      : psc.obj (.text.psc_pd_put)
                  43c08dcc    000000c8     libc.a : getdevice.c.obj (.text.getdevice)
                  43c08e94    000000c8     rm_pm_hal_sbl.am62x.r5f.ti-arm-clang.release.lib : rm_ia.obj (.text.rm_ia_init)
                  43c08f5c    000000c6                                                      : rm_ia.obj (.text.ia_get_oes_evt)
                  43c09022    00000002     --HOLE-- [fill = 0]
                  43c09024    000000c4                                                      : device_clk.obj (.text.device_clk_set_parent)
                  43c090e8    000000c4                                                      : clock.obj (.text.query_freq_handler)
                  43c091ac    000000c4                                                      : clock.obj (.text.set_freq_handler)
                  43c09270    000000c2     drivers.am62x.r5f.ti-arm-clang.release.lib : bootloader.obj (.text.Bootloader_parseMultiCoreAppImage)
                  43c09332    00000002     --HOLE-- [fill = 0]
                  43c09334    000000c0     sciclient_direct_sbl.am62x.r5f.ti-arm-clang.release.lib : sciclient_direct.obj (.text.Sciclient_boardCfgParseHeader)
                  43c093f4    000000c0     rm_pm_hal_sbl.am62x.r5f.ti-arm-clang.release.lib : clk_pll_16fft.obj (.text.clk_pll_16fft_wait_for_lock)
                  43c094b4    000000c0                                                      : clk_mux.obj (.text.clk_set_parent)
                  43c09574    000000c0                                                      : clock.obj (.text.get_clock_handler)
                  43c09634    000000c0                                                      : psc.obj (.text.psc_post_init)
                  43c096f4    000000c0                                                      : clock.obj (.text.set_clock_handler)
                  43c097b4    000000bc     sciclient_direct_sbl.am62x.r5f.ti-arm-clang.release.lib : sciclient_pm.obj (.text.Sciclient_pmQueryModuleClkFreq)
                  43c09870    000000bc     rm_pm_hal_sbl.am62x.r5f.ti-arm-clang.release.lib : rm_core.obj (.text.rm_core_resasg_validate_resource)
                  43c0992c    00000004                                                      : clk_soc_hfosc0.obj (.text.clk_soc_hfosc0_get_state)
                  43c09930    000000b8     drivers.am62x.r5f.ti-arm-clang.release.lib : uart_v0.obj (.text.UART_divisorLatchWrite)
                  43c099e8    000000b8     rm_pm_hal_sbl.am62x.r5f.ti-arm-clang.release.lib : device_psc.obj (.text.soc_device_init)
                  43c09aa0    000000b6                                                      : map.obj (.text.map_add)
                  43c09b56    000000b6                                                      : div64.obj (.text.pm_div64)
                  43c09c0c    000000b4     libc.a : fclose.c.obj (.text.__TI_closefile)
                  43c09cc0    000000b4     rm_pm_hal_sbl.am62x.r5f.ti-arm-clang.release.lib : clk_div.obj (.text.clk_div_reg_go_set_div)
                  43c09d74    000000b4     libc.a : fseek.c.obj (.text.fseeko)
                  43c09e28    000000b4     rm_pm_hal_sbl.am62x.r5f.ti-arm-clang.release.lib : init.obj (.text.pm_init)
                  43c09edc    00000004                                                      : clk_soc_lfosc0.obj (.text.clk_soc_lfosc0_get_state)
                  43c09ee0    000000b2     drivers.am62x.r5f.ti-arm-clang.release.lib : uart_v0.obj (.text.UART_flushTxFifo)
                  43c09f92    00000002     --HOLE-- [fill = 0]
                  43c09f94    0000000c     rm_pm_hal_sbl.am62x.r5f.ti-arm-clang.release.lib : trace.obj (.text.trace_reconfigure)
                  43c09fa0    000000b0     nortos.am62x.r5f.ti-arm-clang.release.lib : printf.obj (.text._ntoa_long_long)
                  43c0a050    000000b0     rm_pm_hal_sbl.am62x.r5f.ti-arm-clang.release.lib : boardcfg-user.obj (.text.boardcfg_rm_receive_and_validate)
                  43c0a100    000000ac                                                      : psc.obj (.text.lpsc_module_get_internal)
                  43c0a1ac    000000ac                                                      : rm_udmap.obj (.text.rm_udmap_init)
                  43c0a258    000000aa     sciclient_direct_sbl.am62x.r5f.ti-arm-clang.release.lib : sciclient_pm.obj (.text.Sciclient_pmSetModuleClkFreq)
                  43c0a302    0000000a     rm_pm_hal_sbl.am62x.r5f.ti-arm-clang.release.lib : clk_mux.obj (.text.readl)
                  43c0a30c    00000004                                                      : device_clk.obj (.text.device_clk_get_hw_ssc)
                  43c0a310    000000aa     drivers.am62x.r5f.ti-arm-clang.release.lib : uart_v0.obj (.text.UART_procLineStatusErr)
                  43c0a3ba    00000002     --HOLE-- [fill = 0]
                  43c0a3bc    000000a8     rm_pm_hal_sbl.am62x.r5f.ti-arm-clang.release.lib : device_process.obj (.text.get_device_handler)
                  43c0a464    000000a8                                                      : rm_udmap.obj (.text.udmap_check_index_range)
                  43c0a50c    00000004     libc.a : fseek.c.obj (.text.fseek)
                  43c0a510    000000a6     nortos.am62x.r5f.ti-arm-clang.release.lib : printf.obj (.text._out_rev)
                  43c0a5b6    00000002     --HOLE-- [fill = 0]
                  43c0a5b8    000000a4     rm_pm_hal_sbl.am62x.r5f.ti-arm-clang.release.lib : device_pm.obj (.text.device_set_state)
                  43c0a65c    000000a4     libc.a : memory.c.obj (.text.split)
                  43c0a700    000000a2     sciclient_direct_sbl.am62x.r5f.ti-arm-clang.release.lib : sciclient_direct.obj (.text.boardcfgRmFindCertSize)
                  43c0a7a2    0000000a     rm_pm_hal_sbl.am62x.r5f.ti-arm-clang.release.lib : clk_pll_16fft.obj (.text.readl)
                  43c0a7ac    00000004                                                      : clk_pll_16fft.obj (.text.pll_16fft_vco_fitness)
                  43c0a7b0    000000a0     drivers.am62x.r5f.ti-arm-clang.release.lib : bootloader.obj (.text.Bootloader_loadSelfCpu)
                  43c0a850    000000a0     libsysbm.a : hostrename.c.obj (.text.HOSTrename)
                  43c0a8f0    000000a0     rm_pm_hal_sbl.am62x.r5f.ti-arm-clang.release.lib : rm_core.obj (.text.rm_core_init)
                  43c0a990    000000a0                                                      : rm_ra.obj (.text.rm_ra_validate_ring_index)
                  43c0aa30    0000009e                                                      : rm_udmap.obj (.text.udmap_check_flow_index)
                  43c0aace    00000002     --HOLE-- [fill = 0]
                  43c0aad0    0000009c     libc.a : _io_perm.c.obj (.text.__TI_wrt_ok)
                  43c0ab6c    0000009c     rm_pm_hal_sbl.am62x.r5f.ti-arm-clang.release.lib : clk.obj (.text.clk_generic_set_freq_parent)
                  43c0ac08    0000009c                                                      : clk_pll_16fft.obj (.text.clk_pll_16fft_set_freq)
                  43c0aca4    0000009c                                                      : psc.obj (.text.psc_pd_wait)
                  43c0ad40    0000009c                                                      : rm_ir.obj (.text.rm_ir_clear)
                  43c0addc    00000098     libsysbm.a : hostlseek.c.obj (.text.HOSTlseek)
                  43c0ae74    00000098     sciclient_direct_sbl.am62x.r5f.ti-arm-clang.release.lib : sciclient.obj (.text.Sciclient_serviceGetThreadIds)
                  43c0af0c    00000098     rm_pm_hal_sbl.am62x.r5f.ti-arm-clang.release.lib : device_prepare.obj (.text.device_prepare)
                  43c0afa4    00000098                                                      : rm_ir.obj (.text.ir_clear_rom_mapping)
                  43c0b03c    00000004     libsysbm.a : remove.c.obj (.text.remove)
                  43c0b040    00000096     nortos.am62x.r5f.ti-arm-clang.release.lib : SemaphoreP_nortos.obj (.text.SemaphoreP_pend)
                  43c0b0d6    0000000a     rm_pm_hal_sbl.am62x.r5f.ti-arm-clang.release.lib : clk_pllctrl.obj (.text.readl)
                  43c0b0e0    00000094     drivers.am62x.r5f.ti-arm-clang.release.lib : bootloader.obj (.text.Bootloader_getMsgLen)
                  43c0b174    00000094     libsysbm.a : hostopen.c.obj (.text.HOSTopen)
                  43c0b208    00000008     rm_pm_hal_sbl.am62x.r5f.ti-arm-clang.release.lib : psc.obj (.text.lpsc_module_ret_get)
                  43c0b210    00000094     drivers.am62x.r5f.ti-arm-clang.release.lib : uart_v0.obj (.text.UART_init)
                  43c0b2a4    00000094     rm_pm_hal_sbl.am62x.r5f.ti-arm-clang.release.lib : rm_irq.obj (.text.irq_trace_remaining_params)
                  43c0b338    00000090                                                      : psc.obj (.text.lpsc_module_set_local_reset)
                  43c0b3c8    00000008                                                      : psc.obj (.text.lpsc_module_ret_put)
                  43c0b3d0    0000008e     drivers.am62x.r5f.ti-arm-clang.release.lib : uart_v0.obj (.text.UART_readCancelNoCB)
                  43c0b45e    00000002     --HOLE-- [fill = 0]
                  43c0b460    0000008c     sciclient_direct_sbl.am62x.r5f.ti-arm-clang.release.lib : uart_print.obj (.text.UART_convertVal)
                  43c0b4ec    00000004     rm_pm_hal_sbl.am62x.r5f.ti-arm-clang.release.lib : rm_udmap.obj (.text.rm_udmap_flow_size_thresh_cfg)
                  43c0b4f0    0000008c     nortos.am62x.r5f.ti-arm-clang.release.lib : printf.obj (.text._ntoa_long)
                  43c0b57c    0000008c     rm_pm_hal_sbl.am62x.r5f.ti-arm-clang.release.lib : clk_mux.obj (.text.clk_mux_set_parent)
                  43c0b608    0000008c     libsysbm.a : close.c.obj (.text.close)
                  43c0b694    0000008a     rm_pm_hal_sbl.am62x.r5f.ti-arm-clang.release.lib : rm_ra.obj (.text.ra_check_index_range)
                  43c0b71e    00000002     --HOLE-- [fill = 0]
                  43c0b720    00000088     libc.a : fflush.c.obj (.text.__TI_doflush)
                  43c0b7a8    00000088     rm_pm_hal_sbl.am62x.r5f.ti-arm-clang.release.lib : psc.obj (.text.lpsc_module_set_module_reset)
                  43c0b830    00000086     sciclient_direct_sbl.am62x.r5f.ti-arm-clang.release.lib : sciclient_pm.obj (.text.Sciclient_pmGetModuleClkNumParent)
                  43c0b8b6    00000086                                                             : sciclient_pm.obj (.text.Sciclient_pmGetModuleClkParent)
                  43c0b93c    00000084     libsysbm.a : hostread.c.obj (.text.HOSTread)
                  43c0b9c0    00000084                : hostwrite.c.obj (.text.HOSTwrite)
                  43c0ba44    00000084     sciclient_direct_sbl.am62x.r5f.ti-arm-clang.release.lib : sciclient_boardcfg.obj (.text.Sciclient_boardCfgPm)
                  43c0bac8    00000084                                                             : sciclient_boardcfg.obj (.text.Sciclient_boardCfgRm)
                  43c0bb4c    00000084                                                             : sciclient_pm.obj (.text.Sciclient_pmGetModuleClkFreq)
                  43c0bbd0    00000084                                                             : sciclient_pm.obj (.text.Sciclient_pmModuleGetClkStatus)
                  43c0bc54    00000082                                                             : sciclient_pm.obj (.text.Sciclient_pmGetModuleState)
                  43c0bcd6    0000000a     rm_pm_hal_sbl.am62x.r5f.ti-arm-clang.release.lib : dmsc.obj (.text.readl)
                  43c0bce0    00000080     drivers.am62x.r5f.ti-arm-clang.release.lib : pinmux.obj (.text.Pinmux_config)
                  43c0bd60    00000080     sciclient_direct_sbl.am62x.r5f.ti-arm-clang.release.lib : sciclient.obj (.text.Sciclient_ISR)
                  43c0bde0    00000080                                                             : sciclient_secureproxy.obj (.text.Sciclient_sendMessage)
                  43c0be60    00000080     rm_pm_hal_sbl.am62x.r5f.ti-arm-clang.release.lib : clk_div.obj (.text.clk_div_reg_set_div)
                  43c0bee0    00000080                                                      : clk_pll_16fft.obj (.text.clk_pll_16fft_hsdiv_set_freq)
                  43c0bf60    00000080                                                      : clk_pll_16fft.obj (.text.clk_pll_16fft_postdiv_set_freq)
                  43c0bfe0    00000080                                                      : clock.obj (.text.set_clock_parent_handler)
                  43c0c060    0000007e     drivers.am62x.r5f.ti-arm-clang.release.lib : bootloader_soc.obj (.text.Bootloader_socCpuSetClock)
                  43c0c0de    0000007e     sciclient_direct_sbl.am62x.r5f.ti-arm-clang.release.lib : sciclient_pm.obj (.text.Sciclient_pmModuleClkRequest)
                  43c0c15c    0000007e                                                             : sciclient_pm.obj (.text.Sciclient_pmSetModuleClkParent)
                  43c0c1da    00000002     --HOLE-- [fill = 0]
                  43c0c1dc    0000007c     rm_pm_hal_sbl.am62x.r5f.ti-arm-clang.release.lib : clk.obj (.text.clk_notify_sibling_freq)
                  43c0c258    0000007c                                                      : clk_pll_16fft.obj (.text.clk_pll_16fft_postdiv_set_div)
                  43c0c2d4    0000007c                                                      : clock.obj (.text.get_clock_parent_handler)
                  43c0c350    0000007c                                                      : clock.obj (.text.get_num_clock_parents_handler)
                  43c0c3cc    0000007c                                                      : rm_ra.obj (.text.rm_ra_init)
                  43c0c448    0000007a                                                      : rm_udmap.obj (.text.udmap_clear_rom_oes)
                  43c0c4c2    00000002     --HOLE-- [fill = 0]
                  43c0c4c4    00000078                                                      : clk.obj (.text.clk_get)
                  43c0c53c    00000078                                                      : psc.obj (.text.psc_drop_pwr_up_ref)
                  43c0c5b4    00000078                                                      : rm_ra.obj (.text.rm_ra_is_managed_resasg_utype)
                  43c0c62c    00000074     sciclient_direct_sbl.am62x.r5f.ti-arm-clang.release.lib : sciclient.obj (.text.Sciclient_servicePrepareHeader)
                  43c0c6a0    00000074     rm_pm_hal_sbl.am62x.r5f.ti-arm-clang.release.lib : clk_dev.obj (.text.clk_from_device_get_state)
                  43c0c714    00000074                                                      : rm_irq.obj (.text.irq_validate_global_event)
                  43c0c788    00000070     sciclient_direct_sbl.am62x.r5f.ti-arm-clang.release.lib : sciclient.obj (.text.Sciclient_configPrmsInit)
                  43c0c7f8    00000008     rm_pm_hal_sbl.am62x.r5f.ti-arm-clang.release.lib : rm_core.obj (.text.rm_core_param_is_valid)
                  43c0c800    0000006e     drivers.am62x.r5f.ti-arm-clang.release.lib : ddr_soc.obj (.text.DDR_programHSDIV)
                  43c0c86e    00000002     --HOLE-- [fill = 0]
                  43c0c870    0000006e                                                : lpddr4.obj (.text.LPDDR4_Start)
                  43c0c8de    00000002     --HOLE-- [fill = 0]
                  43c0c8e0    0000006e                                                : soc.obj (.text.SOC_moduleClockEnable)
                  43c0c94e    0000006e     rm_pm_hal_sbl.am62x.r5f.ti-arm-clang.release.lib : rm_core.obj (.text.core_resasg_get_range)
                  43c0c9bc    00000004                                                      : device_psc.obj (.text.soc_device_init_complete)
                  43c0c9c0    0000006c     drivers.am62x.r5f.ti-arm-clang.release.lib : bootloader.obj (.text.Bootloader_findSeq)
                  43c0ca2c    00000004     rm_pm_hal_sbl.am62x.r5f.ti-arm-clang.release.lib : trace.obj (.text.trace_debug)
                  43c0ca30    0000006c     nortos.am62x.r5f.ti-arm-clang.release.lib : ClockP_nortos.obj (.text.ClockP_timerTickIsr)
                  43c0ca9c    0000006c     libsysbm.a : hostunlink.c.obj (.text.HOSTunlink)
                  43c0cb08    00000008     libc.a : exit.c.obj (.text:abort)
                  43c0cb10    0000006c     drivers.am62x.r5f.ti-arm-clang.release.lib : uart_v0.obj (.text.UART_writeCancelNoCB)
                  43c0cb7c    0000006c     rm_pm_hal_sbl.am62x.r5f.ti-arm-clang.release.lib : clk_mux.obj (.text.clk_mux_get_parent)
                  43c0cbe8    0000006c                                                      : device_clk.obj (.text.device_clk_init)
                  43c0cc54    0000006c     libc.a : getdevice.c.obj (.text.finddevice)
                  43c0ccc0    0000006c     rm_pm_hal_sbl.am62x.r5f.ti-arm-clang.release.lib : device_clk.obj (.text.get_dev_clk)
                  43c0cd2c    0000006c                                                      : psc.obj (.text.lpsc_module_set_reset_iso)
                  43c0cd98    0000006a                                                      : rm_ia.obj (.text.ia_unmap_clear_rom_mapping)
                  43c0ce02    0000000a                                                      : mmr_lock.obj (.text.readl)
                  43c0ce0c    00000004     libclang_rt.builtins.a : aeabi_memcpy.S.obj (.text)
                  43c0ce10    00000068     nortos.am62x.r5f.ti-arm-clang.release.lib : AddrTranslateP.obj (.text.AddrTranslateP_getLocalAddr)
                  43c0ce78    00000068     rm_pm_hal_sbl.am62x.r5f.ti-arm-clang.release.lib : rm_core.obj (.text.rm_core_validate_devgrp)
                  43c0cee0    00000068                                                      : rm_ir.obj (.text.rm_ir_get_outp)
                  43c0cf48    00000008     libc.a : fputc.c.obj (.tramp.putchar.1)
                  43c0cf50    00000064     drivers.am62x.r5f.ti-arm-clang.release.lib : bootloader_soc.obj (.text.Bootloader_socCpuGetClock)
                  43c0cfb4    00000008     nortos.am62x.r5f.ti-arm-clang.release.lib : HwiP_armv7r_asm.obj (.tramp.HwiP_enable.1)
                  43c0cfbc    00000004     --HOLE-- [fill = 0]
                  43c0cfc0    00000064     drivers.am62x.r5f.ti-arm-clang.release.lib : bootloader_soc.obj (.text.Bootloader_socMemInitCpu)
                  43c0d024    00000064     sciclient_direct_sbl.am62x.r5f.ti-arm-clang.release.lib : sciclient_procboot.obj (.text.Sciclient_procBootSetSequenceCtrl)
                  43c0d088    00000064     rm_pm_hal_sbl.am62x.r5f.ti-arm-clang.release.lib : clk_div.obj (.text.clk_div_reg_get_div)
                  43c0d0ec    00000064                                                      : clk_pll_16fft.obj (.text.clk_pll_16fft_get_state)
                  43c0d150    00000064                                                      : psc.obj (.text.lpsc_module_clk_put)
                  43c0d1b4    00000064                                                      : resource.obj (.text.resource_get)
                  43c0d218    00000064                                                      : rm_core.obj (.text.rm_core_resasg_get_utype_index)
                  43c0d27c    00000062     sciclient_direct_sbl.am62x.r5f.ti-arm-clang.release.lib : sciclient.obj (.text.Sciclient_setDebugConfig)
                  43c0d2de    00000002     --HOLE-- [fill = 0]
                  43c0d2e0    00000060     libsysbm.a : hostclose.c.obj (.text.HOSTclose)
                  43c0d340    00000060     sciclient_direct_sbl.am62x.r5f.ti-arm-clang.release.lib : sciclient_direct_wrapper.obj (.text.Sciclient_direct_init)
                  43c0d3a0    00000060                                                             : sciclient_pm.obj (.text.Sciclient_pmSetModuleState)
                  43c0d400    00000060     rm_pm_hal_sbl.am62x.r5f.ti-arm-clang.release.lib : clk.obj (.text.clk_notify_freq)
                  43c0d460    00000060                                                      : device_psc.obj (.text.soc_device_get_state)
                  43c0d4c0    0000005e     sciclient_direct_sbl.am62x.r5f.ti-arm-clang.release.lib : sciclient_procboot.obj (.text.Sciclient_procBootAuthAndStart)
                  43c0d51e    0000005e     rm_pm_hal_sbl.am62x.r5f.ti-arm-clang.release.lib : rm_ra.obj (.text.ra_check_monitor_index_range)
                  43c0d57c    00000004     --HOLE-- [fill = 0]
                  43c0d580    0000005c     nortos.am62x.r5f.ti-arm-clang.release.lib : DebugP_log.obj (.text._DebugP_assert)
                  43c0d5dc    0000005c     rm_pm_hal_sbl.am62x.r5f.ti-arm-clang.release.lib : clk_div.obj (.text.clk_div_reg_go_get_div)
                  43c0d638    0000005c                                                      : clk_pllctrl.obj (.text.clk_pllctrl_mux_get_parent)
                  43c0d694    0000005c                                                      : device_clk.obj (.text.device_clk_get_hw_ready)
                  43c0d6f0    0000005c                                                      : clock.obj (.text.get_freq_handler)
                  43c0d74c    0000005c                                                      : device_process.obj (.text.set_device_resets_handler)
                  43c0d7a8    0000005c                                                      : device_psc.obj (.text.soc_device_disable)
                  43c0d804    00000058     libc.a : fopen.c.obj (.text.__TI_cleanup)
                  43c0d85c    00000058     libsysbm.a : trgmsg.c.obj (.text.__TI_readmsg)
                  43c0d8b4    00000058                : trgmsg.c.obj (.text.__TI_writemsg)
                  43c0d90c    00000058     rm_pm_hal_sbl.am62x.r5f.ti-arm-clang.release.lib : itoa.obj (.text.lib_itoa)
                  43c0d964    00000058                                                      : mmr_lock.obj (.text.mmr_unlock_all)
                  43c0d9bc    00000058                                                      : pll.obj (.text.pll_init)
                  43c0da14    00000058                                                      : rm_udmap.obj (.text.udmap_get_inst)
                  43c0da6c    00000004     --HOLE-- [fill = 0]
                  43c0da70    00000056     drivers.am62x.r5f.ti-arm-clang.release.lib : uart_dma.obj (.text.UART_dmaDisableChannel)
                  43c0dac6    00000054     sciclient_direct_sbl.am62x.r5f.ti-arm-clang.release.lib : sciclient_pm.obj (.text.Sciclient_pmSetModuleRst)
                  43c0db1a    00000006     --HOLE-- [fill = 0]
                  43c0db20    00000054     drivers.am62x.r5f.ti-arm-clang.release.lib : uart_dma.obj (.text.UART_dmaClose)
                  43c0db74    00000054     rm_pm_hal_sbl.am62x.r5f.ti-arm-clang.release.lib : clk_div.obj (.text.clk_div_init)
                  43c0dbc8    00000054                                                      : device_clk.obj (.text.device_clk_set_freq_change)
                  43c0dc1c    00000054                                                      : device_clk.obj (.text.device_clk_set_ssc)
                  43c0dc70    00000054     libc.a : exit.c.obj (.text.exit)
                  43c0dcc4    00000054     rm_pm_hal_sbl.am62x.r5f.ti-arm-clang.release.lib : psc.obj (.text.lpsc_module_get_local_reset)
                  43c0dd18    00000054                                                      : rm_irq.obj (.text.rm_irq_oes_src_register)
                  43c0dd6c    00000054                                                      : device_psc.obj (.text.soc_device_enable)
                  43c0ddc0    00000052                                                      : rm_ra.obj (.text.ra_clear_rom_oes)
                  43c0de12    00000002     --HOLE-- [fill = 0]
                  43c0de14    00000008     nortos.am62x.r5f.ti-arm-clang.release.lib : HwiP_armv7r_asm.obj (.tramp.HwiP_restore.1)
                  43c0de1c    00000004     --HOLE-- [fill = 0]
                  43c0de20    00000050                                               : ClockP_nortos.obj (.text.ClockP_addToList)
                  43c0de70    00000050                                               : ClockP_nortos.obj (.text.ClockP_construct)
                  43c0dec0    00000050     sciclient_direct_sbl.am62x.r5f.ti-arm-clang.release.lib : sciclient.obj (.text.Sciclient_serviceGetPayloadSize)
                  43c0df10    00000050     rm_pm_hal_sbl.am62x.r5f.ti-arm-clang.release.lib : clk_pll_16fft.obj (.text.clk_pll_16fft_postdiv_get_div)
                  43c0df60    00000050                                                      : device_psc.obj (.text.soc_device_get_context_loss_count)
                  43c0dfb0    00000050                                                      : device_psc.obj (.text.soc_device_set_resets)
                  43c0e000    00000050                                                      : rm_udmap.obj (.text.udmap_validate_burst_size)
                  43c0e050    00000050     libc.a : autoinit.c.obj (.text:__TI_auto_init_nobinit_nopinit)
                  43c0e0a0    0000004e     drivers.am62x.r5f.ti-arm-clang.release.lib : bootloader_soc.obj (.text.Bootloader_socTranslateSectionAddr)
                  43c0e0ee    00000002     --HOLE-- [fill = 0]
                  43c0e0f0    0000004e                                                : lpddr4.obj (.text.LPDDR4_ReadReg)
                  43c0e13e    0000004e     sciclient_direct_sbl.am62x.r5f.ti-arm-clang.release.lib : sciclient.obj (.text.Sciclient_abiCheck)
                  43c0e18c    0000004e     rm_pm_hal_sbl.am62x.r5f.ti-arm-clang.release.lib : device_psc.obj (.text.soc_device_verify_mapping)
                  43c0e1da    00000006     --HOLE-- [fill = 0]
                  43c0e1e0    0000004c     nortos.am62x.r5f.ti-arm-clang.release.lib : ClockP_nortos.obj (.text.ClockP_getTimeUsec)
                  43c0e22c    00000004     --HOLE-- [fill = 0]
                  43c0e230    0000004c     ti_drivers_open_close.obj (.text.Drivers_uartOpen)
                  43c0e27c    0000004c     sciclient_direct_sbl.am62x.r5f.ti-arm-clang.release.lib : sciclient.obj (.text.Sciclient_deinit)
                  43c0e2c8    0000004c                                                             : sciclient_boardcfg.obj (.text.Sciclient_getDefaultBoardCfgInfo)
                  43c0e314    0000004c     rm_pm_hal_sbl.am62x.r5f.ti-arm-clang.release.lib : clk_pll_16fft.obj (.text.clk_pll_16fft_cal_option4)
                  43c0e360    0000004c                                                      : psc.obj (.text.lpsc_module_get_reset_iso)
                  43c0e3ac    0000004c                                                      : rm_ra.obj (.text.ra_get_inst)
                  43c0e3f8    0000004c                                                      : device_psc.obj (.text.soc_device_get_resets)
                  43c0e444    0000004c                                                      : device_psc.obj (.text.soc_device_ret_disable)
                  43c0e490    0000004c                                                      : device_psc.obj (.text.soc_device_ret_enable)
                  43c0e4dc    00000004     --HOLE-- [fill = 0]
                  43c0e4e0    0000004a     drivers.am62x.r5f.ti-arm-clang.release.lib : soc.obj (.text.SOC_controlModuleUnlockMMR)
                  43c0e52a    00000006     --HOLE-- [fill = 0]
                  43c0e530    00000048                                                : lpddr4.obj (.text.LPDDR4_WritePhyIndepConfig)
                  43c0e578    00000048     sciclient_direct_sbl.am62x.r5f.ti-arm-clang.release.lib : sciclient.obj (.text.Sciclient_getCurrentContext)
                  43c0e5c0    00000048     rm_pm_hal_sbl.am62x.r5f.ti-arm-clang.release.lib : clk_pll_16fft.obj (.text.clk_pll_16fft_bypass)
                  43c0e608    00000048                                                      : clk.obj (.text.clk_put)
                  43c0e650    00000048                                                      : device_clk.obj (.text.get_dev_clk_data)
                  43c0e698    00000048     libsysbm.a : unlink.c.obj (.text.unlink)
                  43c0e6e0    00000046     drivers.am62x.r5f.ti-arm-clang.release.lib : lpddr4.obj (.text.LPDDR4_WritePhyConfig)
                  43c0e726    0000000a     --HOLE-- [fill = 0]
                  43c0e730    00000046                                                : bootloader_xmodem.obj (.text._inbyte)
                  43c0e776    00000046     rm_pm_hal_sbl.am62x.r5f.ti-arm-clang.release.lib : rm_irq.obj (.text.irq_cfg_is_ia_cfg)
                  43c0e7bc    00000046                                                      : rm_irq.obj (.text.irq_cfg_is_ir_cfg)
                  43c0e802    00000046                                                      : rm_irq.obj (.text.irq_cfg_is_oes_only)
                  43c0e848    00000044     sciclient_direct_sbl.am62x.r5f.ti-arm-clang.release.lib : sciclient_direct_wrapper.obj (.text.Sciclient_waitForBootNotification)
                  43c0e88c    00000044     rm_pm_hal_sbl.am62x.r5f.ti-arm-clang.release.lib : dmsc.obj (.text.am62x_sys_reset_handler)
                  43c0e8d0    00000044                                                      : clk.obj (.text.clk_get_state)
                  43c0e914    00000044                                                      : rm_ia.obj (.text.rm_ia_is_managed_resasg_utype)
                  43c0e958    00000042                                                      : device_clk.obj (.text.device_clk_disable)
                  43c0e99a    00000042                                                      : device_clk.obj (.text.device_clk_enable)
                  43c0e9dc    00000004     --HOLE-- [fill = 0]
                  43c0e9e0    00000040     nortos.am62x.r5f.ti-arm-clang.release.lib : ClockP_nortos.obj (.text.ClockP_stop)
                  43c0ea20    00000040     drivers.am62x.r5f.ti-arm-clang.release.lib : lpddr4.obj (.text.LPDDR4_WriteCtlConfig)
                  43c0ea60    00000040     nortos.am62x.r5f.ti-arm-clang.release.lib : SemaphoreP_nortos.obj (.text.SemaphoreP_constructBinary)
                  43c0eaa0    00000040     rm_pm_hal_sbl.am62x.r5f.ti-arm-clang.release.lib : clk_mux.obj (.text.clk_get_parent)
                  43c0eae0    00000040     libc.a : memory.c.obj (.text.free_list_insert)
                  43c0eb20    00000040     rm_pm_hal_sbl.am62x.r5f.ti-arm-clang.release.lib : psc.obj (.text.pd_initiate)
                  43c0eb60    00000040                                                      : rm_irq.obj (.text.rm_irq_is_managed_resasg_utype)
                  43c0eba0    00000040                                                      : device_psc.obj (.text.soc_device_set_reset_iso)
                  43c0ebe0    00000040                                                      : trace.obj (.text.trace_debug_internal)
                  43c0ec20    0000003e     drivers.am62x.r5f.ti-arm-clang.release.lib : bootloader.obj (.text.Bootloader_open)
                  43c0ec5e    00000002     --HOLE-- [fill = 0]
                  43c0ec60    0000003e     nortos.am62x.r5f.ti-arm-clang.release.lib : SemaphoreP_nortos.obj (.text.SemaphoreP_constructMutex)
                  43c0ec9e    0000003e     rm_pm_hal_sbl.am62x.r5f.ti-arm-clang.release.lib : device_clk.obj (.text.device_clk_get_num_parents)
                  43c0ecdc    0000003e                                                      : device_psc.obj (.text.soc_device_ret_enable_internal)
                  43c0ed1a    0000003e                                                      : rm_udmap.obj (.text.udmap_validate_chan_type)
                  43c0ed58    0000003c                                                      : device_pm.obj (.text.device_disable)
                  43c0ed94    0000003c                                                      : rm_ir.obj (.text.ir_get_inst)
                  43c0edd0    0000003c                                                      : psc.obj (.text.lpsc_module_clk_get)
                  43c0ee0c    0000003c                                                      : mmr_lock.obj (.text.mmr_unlock)
                  43c0ee48    0000003c                                                      : psc.obj (.text.psc_lookup_lpsc)
                  43c0ee84    0000003c                                                      : device_psc.obj (.text.soc_device_get_reset_iso)
                  43c0eec0    0000003c                                                      : device_psc.obj (.text.soc_device_ret_disable_internal)
                  43c0eefc    00000004     --HOLE-- [fill = 0]
                  43c0ef00    0000003a     nortos.am62x.r5f.ti-arm-clang.release.lib : ClockP_nortos.obj (.text.ClockP_destruct)
                  43c0ef3a    00000006     --HOLE-- [fill = 0]
                  43c0ef40    0000003a     ti_dpl_config.obj (.text.Dpl_init)
                  43c0ef7a    00000006     --HOLE-- [fill = 0]
                  43c0ef80    0000003a     drivers.am62x.r5f.ti-arm-clang.release.lib : uart_dma.obj (.text.UART_dmaOpen)
                  43c0efba    0000003a     rm_pm_hal_sbl.am62x.r5f.ti-arm-clang.release.lib : boardcfg-user.obj (.text.boardcfg_pm_receive_and_validate)
                  43c0eff4    0000000c     --HOLE-- [fill = 0]
                  43c0f000    00000038     drivers.am62x.r5f.ti-arm-clang.release.lib : bootloader.obj (.text.Bootloader_getX509CertLen)
                  43c0f038    00000008     --HOLE-- [fill = 0]
                  43c0f040    00000038     nortos.am62x.r5f.ti-arm-clang.release.lib : DebugP_nortos.obj (.text._DebugP_logZone)
                  43c0f078    00000038     rm_pm_hal_sbl.am62x.r5f.ti-arm-clang.release.lib : clk.obj (.text.clk_drop_pwr_up_en)
                  43c0f0b0    00000038                                                      : clk_pll_16fft.obj (.text.clk_pll_16fft_cal_option3)
                  43c0f0e8    00000038                                                      : clk.obj (.text.clk_value_set_freq)
                  43c0f120    00000038                                                      : device_clk.obj (.text.device_clk_get_freq)
                  43c0f158    00000038                                                      : rm_ir.obj (.text.rm_ir_init)
                  43c0f190    00000036     ti_power_clock_config.obj (.text.Module_clockSetFrequency)
                  43c0f1c6    0000000a     --HOLE-- [fill = 0]
                  43c0f1d0    00000036     drivers.am62x.r5f.ti-arm-clang.release.lib : bootloader_xmodem.obj (.text._outbyte)
                  43c0f206    0000000a     --HOLE-- [fill = 0]
                  43c0f210    00000034     nortos.am62x.r5f.ti-arm-clang.release.lib : ClockP_nortos.obj (.text.ClockP_start)
                  43c0f244    0000000c     --HOLE-- [fill = 0]
                  43c0f250    00000034     drivers.am62x.r5f.ti-arm-clang.release.lib : lpddr4_16bit.obj (.text.LPDDR4_EnablePIInitiator)
                  43c0f284    0000000c     --HOLE-- [fill = 0]
                  43c0f290    00000034                                                : lpddr4.obj (.text.LPDDR4_PollCtlIrq)
                  43c0f2c4    00000034     sciclient_direct_sbl.am62x.r5f.ti-arm-clang.release.lib : uart_print.obj (.text.UART_dataWrite)
                  43c0f2f8    00000034     rm_pm_hal_sbl.am62x.r5f.ti-arm-clang.release.lib : device.obj (.text.devices_init_rw)
                  43c0f32c    00000034     libc.a : memory.c.obj (.text.free_list_remove)
                  43c0f360    00000034     libsysbm.a : lseek.c.obj (.text.lseek)
                  43c0f394    00000034     rm_pm_hal_sbl.am62x.r5f.ti-arm-clang.release.lib : psc.obj (.text.psc_lookup)
                  43c0f3c8    00000034                                                      : psc.obj (.text.psc_lookup_pd)
                  43c0f3fc    00000034                                                      : rm.obj (.text.rm_init)
                  43c0f430    00000034     libsysbm.a : write.c.obj (.text.write)
                  43c0f464    0000000c     --HOLE-- [fill = 0]
                  43c0f470    00000032     drivers.am62x.r5f.ti-arm-clang.release.lib : bootloader.obj (.text.Bootloader_BootImageInfo_init)
                  43c0f4a2    0000000e     --HOLE-- [fill = 0]
                  43c0f4b0    00000032                                                : bootloader_xmodem.obj (.text.Bootloader_xmodemReceive)
                  43c0f4e2    0000000e     --HOLE-- [fill = 0]
                  43c0f4f0    00000032                                                : bootloader_xmodem.obj (.text.Bootloader_xmodemTransmit)
                  43c0f522    0000000e     --HOLE-- [fill = 0]
                  43c0f530    00000032     nortos.am62x.r5f.ti-arm-clang.release.lib : ClockP_nortos.obj (.text.ClockP_usleep)
                  43c0f562    0000000e     --HOLE-- [fill = 0]
                  43c0f570    00000032                                               : SemaphoreP_nortos.obj (.text.SemaphoreP_post)
                  43c0f5a2    00000032     rm_pm_hal_sbl.am62x.r5f.ti-arm-clang.release.lib : device_pm.obj (.text.device_set_retention)
                  43c0f5d4    0000000c     --HOLE-- [fill = 0]
                  43c0f5e0    00000030     ti_drivers_config.obj (.text.System_init)
                  43c0f610    00000030     rm_pm_hal_sbl.am62x.r5f.ti-arm-clang.release.lib : clk_fixed.obj (.text.clk_fixed_get_freq)
                  43c0f640    00000030                                                      : clk.obj (.text.clk_get_freq)
                  43c0f670    00000030                                                      : clk.obj (.text.clk_get_parent_freq)
                  43c0f6a0    00000030                                                      : clk.obj (.text.clk_set_state)
                  43c0f6d0    00000030                                                      : trace-uart.obj (.text.trace_debug_uart)
                  43c0f700    0000002e     main.obj (.text.App_loadSelfcoreImage)
                  43c0f72e    00000002     --HOLE-- [fill = 0]
                  43c0f730    0000002e     drivers.am62x.r5f.ti-arm-clang.release.lib : ddr.obj (.text.DDR_setFreq)
                  43c0f75e    00000002     --HOLE-- [fill = 0]
                  43c0f760    0000002e     ti_power_clock_config.obj (.text.Module_clockDisable)
                  43c0f78e    00000002     --HOLE-- [fill = 0]
                  43c0f790    0000002e     ti_power_clock_config.obj (.text.Module_clockEnable)
                  43c0f7be    00000002     --HOLE-- [fill = 0]
                  43c0f7c0    0000002e     drivers.am62x.r5f.ti-arm-clang.release.lib : uart_v0.obj (.text.UART_getHandle)
                  43c0f7ee    0000002e     rm_pm_hal_sbl.am62x.r5f.ti-arm-clang.release.lib : clk_pll_16fft.obj (.text.clk_pll_16fft_set_state)
                  43c0f81c    0000002c     sciclient_direct_sbl.am62x.r5f.ti-arm-clang.release.lib : sciclient_secureproxy.obj (.text.Sciclient_flush)
                  43c0f848    0000002c     rm_pm_hal_sbl.am62x.r5f.ti-arm-clang.release.lib : clk_div.obj (.text.clk_get_div)
                  43c0f874    0000002c                                                      : clk.obj (.text.clk_lookup)
                  43c0f8a0    0000002c                                                      : clk_div.obj (.text.clk_lookup)
                  43c0f8cc    0000002c                                                      : clk_mux.obj (.text.clk_lookup)
                  43c0f8f8    0000002c                                                      : clk_pll_16fft.obj (.text.clk_lookup)
                  43c0f924    0000002c                                                      : device_clk.obj (.text.clk_lookup)
                  43c0f950    0000002c                                                      : psc.obj (.text.clk_lookup)
                  43c0f97c    00000004     --HOLE-- [fill = 0]
                  43c0f980    0000002c     drivers.am62x.r5f.ti-arm-clang.release.lib : crc16.obj (.text.crc16_ccitt)
                  43c0f9ac    0000002c     rm_pm_hal_sbl.am62x.r5f.ti-arm-clang.release.lib : psc.obj (.text.device_lookup)
                  43c0f9d8    0000002c                                                      : rm_irq.obj (.text.irq_is_evt_src)
                  43c0fa04    0000002c                                                      : psc.obj (.text.lpsc_module_get_state)
                  43c0fa30    0000002a     drivers.am62x.r5f.ti-arm-clang.release.lib : soc.obj (.text.SOC_controlModuleLockMMR)
                  43c0fa5a    0000002a     rm_pm_hal_sbl.am62x.r5f.ti-arm-clang.release.lib : rm_ir.obj (.text.ir_clear_outp)
                  43c0fa84    0000002a                                                      : device_psc.obj (.text.soc_device_get_state_internal)
                  43c0faae    00000002     --HOLE-- [fill = 0]
                  43c0fab0    00000028     nortos.am62x.r5f.ti-arm-clang.release.lib : ClockP_nortos.obj (.text.ClockP_sleepTicks)
                  43c0fad8    00000008     --HOLE-- [fill = 0]
                  43c0fae0    00000028     drivers.am62x.r5f.ti-arm-clang.release.lib : bootloader_mem.obj (.text.Mem_imgRead)
                  43c0fb08    00000008     --HOLE-- [fill = 0]
                  43c0fb10    00000028                                                : uart_v0.obj (.text.UART_statusIsDataReady)
                  43c0fb38    00000028     rm_pm_hal_sbl.am62x.r5f.ti-arm-clang.release.lib : clk.obj (.text.clk_value_get_freq)
                  43c0fb60    00000028                                                      : fw_caps.obj (.text.query_fw_caps_handler)
                  43c0fb88    00000028                                                      : rm_ia.obj (.text.rm_ia_validate_vint)
                  43c0fbb0    00000028                                                      : rm_ir.obj (.text.rm_ir_is_managed_resasg_utype)
                  43c0fbd8    00000028                                                      : rm_ir.obj (.text.rm_ir_validate_output)
                  43c0fc00    00000028                                                      : device_psc.obj (.text.soc_device_disable_internal)
                  43c0fc28    00000028                                                      : device_psc.obj (.text.soc_device_enable_internal)
                  43c0fc50    00000028     libclang_rt.builtins.a : ashldi3.S.obj (.text)
                  43c0fc78    00000028                            : lshrdi3.S.obj (.text)
                  43c0fca0    00000026     rm_pm_hal_sbl.am62x.r5f.ti-arm-clang.release.lib : rm_udmap.obj (.text.udmap_validate_ch_fetch_size)
                  43c0fcc6    00000026                                                      : rm_udmap.obj (.text.udmap_validate_orderid)
                  43c0fcec    00000026                                                      : rm_udmap.obj (.text.udmap_validate_priority)
                  43c0fd12    00000026                                                      : rm_udmap.obj (.text.udmap_validate_qos)
                  43c0fd38    00000024     sciclient_direct_sbl.am62x.r5f.ti-arm-clang.release.lib : sciclient_secureproxy.obj (.text.Sciclient_waitThread)
                  43c0fd5c    00000024     rm_pm_hal_sbl.am62x.r5f.ti-arm-clang.release.lib : boardcfg-user.obj (.text.boardcfg_get_rm_devgrp)
                  43c0fd80    00000024                                                      : clk_soc_hfosc0.obj (.text.clk_soc_hfosc0_get_freq)
                  43c0fda4    00000024                                                      : map.obj (.text.closest)
                  43c0fdc8    00000024                                                      : device_prepare.obj (.text.device_prepare_exclusive)
                  43c0fdec    00000024                                                      : device_pm.obj (.text.device_suspend)
                  43c0fe10    00000024                                                      : dmsc.obj (.text.dmsc_init)
                  43c0fe34    00000024                                                      : psc.obj (.text.lpsc_module_idx)
                  43c0fe58    00000024                                                      : osal_glue.obj (.text.osal_delay)
                  43c0fe7c    00000024                                                      : rm_ia.obj (.text.rm_ia_vint_get_info)
                  43c0fea0    00000024                                                      : rm_irq.obj (.text.rm_irq_init)
                  43c0fec4    00000024                                                      : rm_udmap.obj (.text.udmap_validate_atype)
                  43c0fee8    00000024                                                      : rm_udmap.obj (.text.udmap_validate_ch_pause_on_err)
                  43c0ff0c    00000024                                                      : rm_udmap.obj (.text.udmap_validate_sched_priority)
                  43c0ff30    00000024     nortos.am62x.r5f.ti-arm-clang.release.lib : printf.obj (.text.vprintf_)
                  43c0ff54    00000024     libclang_rt.builtins.a : aeabi_uldivmod.S.obj (.text)
                  43c0ff78    00000008     --HOLE-- [fill = 0]
                  43c0ff80    00000022     drivers.am62x.r5f.ti-arm-clang.release.lib : ddr_soc.obj (.text.DDR_ResetDDR_PLL)
                  43c0ffa2    0000000e     --HOLE-- [fill = 0]
                  43c0ffb0    00000022     ti_pinmux_config.obj (.text.Pinmux_init)
                  43c0ffd2    00000022     rm_pm_hal_sbl.am62x.r5f.ti-arm-clang.release.lib : clk.obj (.text.clk_ssc_allow)
                  43c0fff4    00000022                                                      : device_clk.obj (.text.device_clk_set_input_term)
                  43c10016    00000022                                                      : rm_ir.obj (.text.ir_get_inp)
                  43c10038    00000022                                                      : clk_div.obj (.text.pm_writel_verified)
                  43c1005a    00000022                                                      : clk_pll_16fft.obj (.text.pm_writel_verified)
                  43c1007c    00000004     --HOLE-- [fill = 0]
                  43c10080    00000020     drivers.am62x.r5f.ti-arm-clang.release.lib : bootloader_soc.obj (.text.Bootloader_socGetCoreName)
                  43c100a0    00000020                                                : bootloader_soc.obj (.text.Bootloader_socRprcToCslCoreId)
                  43c100c0    00000020     nortos.am62x.r5f.ti-arm-clang.release.lib : DebugP_log.obj (.text.DebugP_logZoneEnable)
                  43c100e0    00000020     sciclient_direct_sbl.am62x.r5f.ti-arm-clang.release.lib : sciclient_direct.obj (.text.Sciclient_query_fw_caps_handler)
                  43c10100    00000020     ti_drivers_config.obj (.text.System_deinit)
                  43c10120    00000020     nortos.am62x.r5f.ti-arm-clang.release.lib : TimerP.obj (.text.TimerP_Params_init)
                  43c10140    00000020     rm_pm_hal_sbl.am62x.r5f.ti-arm-clang.release.lib : clk_div.obj (.text.clk_div_fixed_get_div)
                  43c10160    00000020                                                      : clk.obj (.text.clk_ssc_block)
                  43c10180    00000020                                                      : rm_ia.obj (.text.ia_get_inst)
                  43c101a0    00000020                                                      : clk_pll_16fft.obj (.text.pll_16fft_pllm_valid)
                  43c101c0    00000020                                                      : device_psc.obj (.text.soc_device_get_context_loss_count_internal)
                  43c101e0    0000001e                                                      : resource.obj (.text.device_resource_mem)
                  43c101fe    0000001e                                                      : psc.obj (.text.psc_pd_clk_put)
                  43c1021c    0000001e                                                      : core.obj (.text.sys_reset_handler)
                  43c1023a    0000001e                                                      : map.obj (.text.u32map_get)
                  43c10258    00000008     --HOLE-- [fill = 0]
                  43c10260    0000001c     drivers.am62x.r5f.ti-arm-clang.release.lib : bootloader.obj (.text.Bootloader_JumpSelfCpu)
                  43c1027c    00000004     --HOLE-- [fill = 0]
                  43c10280    0000001c                                                : bootloader_soc.obj (.text.Bootloader_socCpuGetClkDefault)
                  43c1029c    00000004     --HOLE-- [fill = 0]
                  43c102a0    0000001c                                                : bootloader_soc.obj (.text.Bootloader_socIsAuthRequired)
                  43c102bc    00000004     --HOLE-- [fill = 0]
                  43c102c0    0000001c                                                : bootloader_mem.obj (.text.Mem_imgOpen)
                  43c102dc    0000001c     sciclient_direct_sbl.am62x.r5f.ti-arm-clang.release.lib : sciclient_secureproxy.obj (.text.Sciclient_readThread32)
                  43c102f8    00000008     --HOLE-- [fill = 0]
                  43c10300    0000001c     nortos.am62x.r5f.ti-arm-clang.release.lib : boot_armv7r.obj (.text._system_pre_init)
                  43c1031c    0000001c     rm_pm_hal_sbl.am62x.r5f.ti-arm-clang.release.lib : rm_irq.obj (.text.irq_oes_src_lookup)
                  43c10338    0000001c                                                      : psc.obj (.text.psc_read)
                  43c10354    0000001c                                                      : sleep.obj (.text.sleep_modes_register)
                  43c10370    0000001c     libsysbm.a : hostrename.c.obj (.text.strlen)
                  43c1038c    0000001c                : memcpy32.S.obj (.text:TI_memcpy_small)
                  43c103a8    0000001c     libclang_rt.builtins.a : aeabi_memset.S.obj (.text)
                  43c103c4    0000000c     --HOLE-- [fill = 0]
                  43c103d0    0000001a     drivers.am62x.r5f.ti-arm-clang.release.lib : uart_v0.obj (.text.UART_deinit)
                  43c103ea    00000006     --HOLE-- [fill = 0]
                  43c103f0    0000001a                                                : uart_dma.obj (.text.UART_readInterruptDma)
                  43c1040a    00000006     --HOLE-- [fill = 0]
                  43c10410    0000001a                                                : uart_dma.obj (.text.UART_writeInterruptDma)
                  43c1042a    0000001a     rm_pm_hal_sbl.am62x.r5f.ti-arm-clang.release.lib : notifier.obj (.text.notifier_call)
                  43c10444    0000001a                                                      : psc.obj (.text.psc_write)
                  43c1045e    00000002     --HOLE-- [fill = 0]
                  43c10460    00000018     drivers.am62x.r5f.ti-arm-clang.release.lib : bootloader_soc.obj (.text.Bootloader_socAuthImage)
                  43c10478    00000008     --HOLE-- [fill = 0]
                  43c10480    00000018     ti_drivers_open_close.obj (.text.Drivers_close)
                  43c10498    00000008     --HOLE-- [fill = 0]
                  43c104a0    00000018     drivers.am62x.r5f.ti-arm-clang.release.lib : lpddr4.obj (.text.LPDDR4_Init)
                  43c104b8    00000018     rm_pm_hal_sbl.am62x.r5f.ti-arm-clang.release.lib : boardcfg-user.obj (.text.boardcfg_get_rm_resasg_size)
                  43c104d0    00000018                                                      : clk_pll_16fft.obj (.text.clk_pll_16fft_postdiv_valid_div)
                  43c104e8    00000018                                                      : clk_soc_lfosc0.obj (.text.clk_soc_lfosc0_get_freq)
                  43c10500    00000018                                                      : device_clk.obj (.text.dev_get_clk)
                  43c10518    00000018                                                      : clk_pll_16fft.obj (.text.pll_16fft_clkod_valid)
                  43c10530    00000018     libsysbm.a : memset32.S.obj (.text:TI_memset_small)
                  43c10548    00000016     rm_pm_hal_sbl.am62x.r5f.ti-arm-clang.release.lib : clk_div.obj (.text.clk_div_get_freq)
                  43c1055e    00000016                                                      : clk_pll_16fft.obj (.text.clk_pll_16fft_check_lock)
                  43c10574    00000016                                                      : device_clk.obj (.text.device_clk_set_freq)
                  43c1058a    00000002     --HOLE-- [fill = 0]
                  43c1058c    00000014     sciclient_direct_sbl.am62x.r5f.ti-arm-clang.release.lib : sciclient_secureproxy.obj (.text.Sciclient_readThreadCount)
                  43c105a0    00000014                                                             : sciclient_secureproxy.obj (.text.Sciclient_verifyThread)
                  43c105b4    00000014     rm_pm_hal_sbl.am62x.r5f.ti-arm-clang.release.lib : boardcfg-user.obj (.text.boardcfg_get_rm_resasg)
                  43c105c8    00000014                                                      : clk_pll_16fft.obj (.text.clk_pll_16fft_is_bypass)
                  43c105dc    00000014                                                      : device_clk.obj (.text.device_clk_get_freq_change)
                  43c105f0    00000014                                                      : device_clk.obj (.text.device_clk_get_input_term)
                  43c10604    00000014                                                      : device_clk.obj (.text.device_clk_get_ssc)
                  43c10618    00000014                                                      : device_clk.obj (.text.device_clk_get_sw_gated)
                  43c1062c    00000014                                                      : rm_core.obj (.text.rm_core_unmap_region)
                  43c10640    00000014     libsysbm.a : hostrename.c.obj (.text.strcpy)
                  43c10654    00000014     rm_pm_hal_sbl.am62x.r5f.ti-arm-clang.release.lib : sys-reset.obj (.text.system_reset)
                  43c10668    00000008     --HOLE-- [fill = 0]
                  43c10670    00000012     nortos.am62x.r5f.ti-arm-clang.release.lib : TimerP.obj (.text.TimerP_clearOverflowInt)
                  43c10682    0000000e     --HOLE-- [fill = 0]
                  43c10690    00000010     drivers.am62x.r5f.ti-arm-clang.release.lib : bootloader.obj (.text.Bootloader_close)
                  43c106a0    00000010     nortos.am62x.r5f.ti-arm-clang.release.lib : ClockP_nortos.obj (.text.ClockP_ticksToUsec)
                  43c106b0    00000010     drivers.am62x.r5f.ti-arm-clang.release.lib : lpddr4.obj (.text.LPDDR4_Probe)
                  43c106c0    00000010     sciclient_direct_sbl.am62x.r5f.ti-arm-clang.release.lib : sciclient_secureproxy.obj (.text.Sciclient_threadStatusReg)
                  43c106d0    00000010                                                             : sciclient.obj (.text.Sciclient_utilByteCopy)
                  43c106e0    00000010     rm_pm_hal_sbl.am62x.r5f.ti-arm-clang.release.lib : device_clk.obj (.text.device_clk_query_freq)
                  43c106f0    00000010                                                      : device_pm.obj (.text.device_notify)
                  43c10700    00000010                                                      : device.obj (.text.pm_devgroup_is_enabled)
                  43c10710    00000010                                                      : device.obj (.text.pm_devgroup_set_enabled)
                  43c10720    00000010     libc.a : fputc.c.obj (.text.putchar)
                  43c10730    00000010     rm_pm_hal_sbl.am62x.r5f.ti-arm-clang.release.lib : rm_core.obj (.text.rm_core_map_region)
                  43c10740    0000000e     drivers.am62x.r5f.ti-arm-clang.release.lib : bootloader_soc.obj (.text.Bootloader_socCpuSetEntryPoint)
                  43c1074e    00000002     --HOLE-- [fill = 0]
                  43c10750    0000000e     ti_power_clock_config.obj (.text.PowerClock_init)
                  43c1075e    00000002     --HOLE-- [fill = 0]
                  43c10760    0000000c     drivers.am62x.r5f.ti-arm-clang.release.lib : bootloader.obj (.text.Bootloader_Params_init)
                  43c1076c    00000004     --HOLE-- [fill = 0]
                  43c10770    0000000c                                                : bootloader_soc.obj (.text.Bootloader_socSelfCPUjump)
                  43c1077c    00000004     --HOLE-- [fill = 0]
                  43c10780    0000000c     nortos.am62x.r5f.ti-arm-clang.release.lib : ClockP_nortos.obj (.text.ClockP_getTicks)
                  43c1078c    00000004     --HOLE-- [fill = 0]
                  43c10790    0000000a     drivers.am62x.r5f.ti-arm-clang.release.lib : bootloader_soc.obj (.text.Bootloader_socGetSBLMem)
                  43c1079a    00000006     --HOLE-- [fill = 0]
                  43c107a0    0000000a                                                : csl_sec_proxy.obj (.text.CSL_secProxyGetDataAddr)
                  43c107aa    00000006     --HOLE-- [fill = 0]
                  43c107b0    0000000a     nortos.am62x.r5f.ti-arm-clang.release.lib : ClockP_nortos.obj (.text.ClockP_Params_init)
                  43c107ba    00000006     --HOLE-- [fill = 0]
                  43c107c0    0000000a                                               : ClockP_nortos.obj (.text.ClockP_isActive)
                  43c107ca    00000006     --HOLE-- [fill = 0]
                  43c107d0    0000000a                                               : TimerP.obj (.text.TimerP_start)
                  43c107da    00000006     --HOLE-- [fill = 0]
                  43c107e0    00000008                                               : printf.obj (.text._out_char)
                  43c107e8    00000008     --HOLE-- [fill = 0]
                  43c107f0    00000004     ti_board_open_close.obj (.text.Board_driversOpen)
                  43c107f4    0000000c     --HOLE-- [fill = 0]
                  43c10800    00000004     drivers.am62x.r5f.ti-arm-clang.release.lib : bootloader_soc.obj (.text.Bootloader_socWaitForFWBoot)
                  43c10804    0000000c     --HOLE-- [fill = 0]
                  43c10810    00000004                                                : lpddr4.obj (.text.CPS_UncachedRead32)
                  43c10814    0000000c     --HOLE-- [fill = 0]
                  43c10820    00000004                                                : lpddr4.obj (.text.CPS_UncachedWrite32)
                  43c10824    0000000c     --HOLE-- [fill = 0]
                  43c10830    00000004     nortos.am62x.r5f.ti-arm-clang.release.lib : ClockP_nortos_r5.obj (.text.ClockP_getTimerCount)
                  43c10834    0000000c     --HOLE-- [fill = 0]
                  43c10840    00000004                                               : ClockP_nortos_r5.obj (.text.ClockP_timerClearOverflowInt)
                  43c10844    0000000c     --HOLE-- [fill = 0]
                  43c10850    00000004     ti_drivers_open_close.obj (.text.Drivers_open)
                  43c10854    0000000c     --HOLE-- [fill = 0]
                  43c10860    00000004     drivers.am62x.r5f.ti-arm-clang.release.lib : bootloader_mem.obj (.text.Mem_imgGetCurOffset)
                  43c10864    0000000c     --HOLE-- [fill = 0]
                  43c10870    00000004                                                : bootloader_mem.obj (.text.Mem_imgSeek)
                  43c10874    0000000c     --HOLE-- [fill = 0]
                  43c10880    00000004     ti_power_clock_config.obj (.text.PowerClock_deinit)
                  43c10884    0000000c     --HOLE-- [fill = 0]
                  43c10890    00000004     nortos.am62x.r5f.ti-arm-clang.release.lib : TimerP.obj (.text.TimerP_getCount)
                  43c10894    0000000c     --HOLE-- [fill = 0]
                  43c108a0    00000004                                               : TimerP.obj (.text.TimerP_getReloadCount)
                  43c108a4    0000000c     --HOLE-- [fill = 0]
                  43c108b0    00000004     libclang_rt.builtins.a : aeabi_div0.c.obj (.text.__aeabi_ldiv0)
                  43c108b4    0000000c     --HOLE-- [fill = 0]
                  43c108c0    00000004     ti_dpl_config.obj (.text.putchar_)
                  43c108c4    0000000c     --HOLE-- [fill = 0]
                  43c108d0    00000002     drivers.am62x.r5f.ti-arm-clang.release.lib : ddr_soc.obj (.text.DDR_socEnableVttRegulator)
                  43c108d2    0000000e     --HOLE-- [fill = 0]
                  43c108e0    00000002     ti_dpl_config.obj (.text.Dpl_deinit)
                  43c108e2    0000000e     --HOLE-- [fill = 0]
                  43c108f0    00000002     drivers.am62x.r5f.ti-arm-clang.release.lib : bootloader_mem.obj (.text.Mem_imgClose)
                  43c108f2    0000000e     --HOLE-- [fill = 0]
                  43c10900    00000002     nortos.am62x.r5f.ti-arm-clang.release.lib : SemaphoreP_nortos.obj (.text.SemaphoreP_destruct)
                  43c10902    0000000e     --HOLE-- [fill = 0]
                  43c10910    00000002                                               : TaskP_nortos.obj (.text.TaskP_yield)
                  43c10912    0000000e     --HOLE-- [fill = 0]
                  43c10920    00000002                                               : printf.obj (.text._out_null)
                  43c10922    0000000e     --HOLE-- [fill = 0]

.const     0    43c10930    00001728     
                  43c10930    00001328     rm_pm_hal_sbl.am62x.r5f.ti-arm-clang.release.lib : devices.obj (.const.devgroup.MAIN)
                  43c11c58    000003f6                                                      : devices.obj (.const.devgroup.MCU_WAKEUP)
                  43c1204e    0000000a                                                      : devices.obj (.const.devgroup.TIFS_INTERNAL)

.text.hwi 
*          0    43c12060    00000790     
                  43c12060    00000452     nortos.am62x.r5f.ti-arm-clang.release.lib : HwiP_armv7r_vim.obj (.text.hwi)
                  43c124b2    00000002     --HOLE-- [fill = 0]
                  43c124b4    00000008                                               : HwiP_armv7r_asm.obj (.tramp.HwiP_enableFIQ.1)
                  43c124bc    00000004     --HOLE-- [fill = 0]
                  43c124c0    0000023e                                               : HwiP_armv7r_handlers_nortos.obj (.text.hwi)
                  43c126fe    00000002     --HOLE-- [fill = 0]
                  43c12700    00000078                                               : HwiP_armv7r_handlers_nortos_asm.obj (.text.hwi)
                  43c12778    00000070                                               : HwiP_armv7r_asm.obj (.text.hwi)
                  43c127e8    00000008     --HOLE-- [fill = 0]

.text.cache 
*          0    43c127f0    00000460     
                  43c127f0    00000340     nortos.am62x.r5f.ti-arm-clang.release.lib : CacheP_armv7r_asm.obj (.text.cache)
                  43c12b30    00000106                                               : CacheP_armv7r.obj (.text.cache)
                  43c12c36    00000002     --HOLE-- [fill = 0]
                  43c12c38    00000008                                               : CacheP_armv7r_asm.obj (.tramp.CacheP_invL1d.1)
                  43c12c40    00000008                                               : HwiP_armv7r_asm.obj (.tramp.HwiP_restore.2)
                  43c12c48    00000008                                               : CacheP_armv7r_asm.obj (.tramp.CacheP_enableL1p.1)

.text.mpu 
*          0    43c12c50    00000240     
                  43c12c50    000001b4     nortos.am62x.r5f.ti-arm-clang.release.lib : MpuP_armv7r.obj (.text.mpu)
                  43c12e04    00000078                                               : MpuP_armv7r_asm.obj (.text.mpu)
                  43c12e7c    00000008                                               : MpuP_armv7r_asm.obj (.tramp.MpuP_isEnableAsm.1)
                  43c12e84    00000008                                               : HwiP_armv7r_asm.obj (.tramp.HwiP_restore.3)
                  43c12e8c    00000004     --HOLE-- [fill = 0]

.text.boot 
*          0    43c12e90    00000130     
[...]
43c0ce0c  __aeabi_memcpy                       
43c0ce0c  __aeabi_memcpy4                      
43c0ce0c  __aeabi_memcpy8                      
43c0ce11  AddrTranslateP_getLocalAddr          
43c0ce79  rm_core_validate_devgrp              
43c0cee1  rm_ir_get_outp                       
43c0cf51  Bootloader_socCpuGetClock            
43c0cfc1  Bootloader_socMemInitCpu             
43c0d025  Sciclient_procBootSetSequenceCtrl    
43c0d089  clk_div_reg_get_div                  
43c0d219  rm_core_resasg_get_utype_index       
43c0d27d  Sciclient_setDebugConfig             
43c0d2e0  HOSTclose                            
43c0d341  Sciclient_direct_init                
43c0d3a1  Sciclient_pmSetModuleState           
43c0d401  clk_notify_freq                      
43c0d461  soc_device_get_state                 
43c0d4c1  Sciclient_procBootAuthAndStart       
43c0d581  _DebugP_assert                       
43c0d5dd  clk_div_reg_go_get_div               
43c0d695  device_clk_get_hw_ready              
43c0d6f1  get_freq_handler                     
43c0d74d  set_device_resets_handler            
43c0d7a9  soc_device_disable                   
43c0d804  __TI_cleanup                         
43c0d85c  __TI_readmsg                         
43c0d8b4  __TI_writemsg                        
43c0d900  C$$IO$$                              
43c0d90d  lib_itoa                             
43c0d965  mmr_unlock_all                       
43c0d9bd  pll_init                             
43c0da71  UART_dmaDisableChannel               
43c0dac7  Sciclient_pmSetModuleRst             
43c0db21  UART_dmaClose                        
43c0db75  clk_div_init                         
43c0dbc9  device_clk_set_freq_change           
43c0dc1d  device_clk_set_ssc                   
43c0dc70  exit                                 
43c0dcc5  lpsc_module_get_local_reset          
43c0dd19  rm_irq_oes_src_register              
43c0dd6d  soc_device_enable                    
43c0de71  ClockP_construct                     
43c0dec1  Sciclient_serviceGetPayloadSize      
43c0df61  soc_device_get_context_loss_count    
43c0dfb1  soc_device_set_resets                
43c0e050  __TI_auto_init_nobinit_nopinit       
43c0e0a1  Bootloader_socTranslateSectionAddr   
43c0e0f1  LPDDR4_ReadReg                       
43c0e13f  Sciclient_abiCheck                   
43c0e1e1  ClockP_getTimeUsec                   
43c0e231  Drivers_uartOpen                     
43c0e27d  Sciclient_deinit                     
43c0e2c9  Sciclient_getDefaultBoardCfgInfo     
43c0e361  lpsc_module_get_reset_iso            
43c0e3f9  soc_device_get_resets                
43c0e445  soc_device_ret_disable               
43c0e491  soc_device_ret_enable                
43c0e4e1  SOC_controlModuleUnlockMMR           
43c0e531  LPDDR4_WritePhyIndepConfig           
43c0e579  Sciclient_getCurrentContext          
43c0e609  clk_put                              
43c0e651  get_dev_clk_data                     
43c0e698  unlink                               
43c0e6e1  LPDDR4_WritePhyConfig                
43c0e731  _inbyte                              
43c0e849  Sciclient_waitForBootNotification    
43c0e8d1  clk_get_state                        
43c0e915  rm_ia_is_managed_resasg_utype        
43c0e959  device_clk_disable                   
43c0e99b  device_clk_enable                    
43c0e9e1  ClockP_stop                          
43c0ea21  LPDDR4_WriteCtlConfig                
43c0ea61  SemaphoreP_constructBinary           
43c0eaa1  clk_get_parent                       
43c0eb61  rm_irq_is_managed_resasg_utype       
43c0eba1  soc_device_set_reset_iso             
43c0ec21  Bootloader_open                      
43c0ec61  SemaphoreP_constructMutex            
43c0ec9f  device_clk_get_num_parents           
43c0ed59  device_disable                       
43c0ee0d  mmr_unlock                           
43c0ee49  psc_lookup_lpsc                      
43c0ee85  soc_device_get_reset_iso             
43c0ef01  ClockP_destruct                      
43c0ef41  Dpl_init                             
43c0ef81  UART_dmaOpen                         
43c0efbb  boardcfg_pm_receive_and_validate     
43c0f001  Bootloader_getX509CertLen            
43c0f041  _DebugP_logZone                      
43c0f079  clk_drop_pwr_up_en                   
43c0f0e9  clk_value_set_freq                   
43c0f121  device_clk_get_freq                  
43c0f159  rm_ir_init                           
43c0f191  Module_clockSetFrequency             
43c0f1d1  _outbyte                             
43c0f211  ClockP_start                         
43c0f251  LPDDR4_EnablePIInitiator             
43c0f291  LPDDR4_PollCtlIrq                    
43c0f2f9  devices_init_rw                      
43c0f360  lseek                                
43c0f395  psc_lookup                           
43c0f3c9  psc_lookup_pd                        
43c0f3fd  rm_init                              
43c0f430  write                                
43c0f471  Bootloader_BootImageInfo_init        
43c0f4b1  Bootloader_xmodemReceive             
43c0f4f1  Bootloader_xmodemTransmit            
43c0f531  ClockP_usleep                        
43c0f571  SemaphoreP_post                      
43c0f5a3  device_set_retention                 
43c0f5e1  System_init                          
43c0f641  clk_get_freq                         
43c0f671  clk_get_parent_freq                  
43c0f6a1  clk_set_state                        
43c0f6d1  trace_debug_uart                     
43c0f701  App_loadSelfcoreImage                
43c0f761  Module_clockDisable                  
43c0f791  Module_clockEnable                   
43c0f7c1  UART_getHandle                       
43c0f81d  Sciclient_flush                      
43c0f849  clk_get_div                          
43c0f981  crc16_ccitt                          
43c0fa05  lpsc_module_get_state                
43c0fa31  SOC_controlModuleLockMMR             
43c0fb39  clk_value_get_freq                   
43c0fb61  query_fw_caps_handler                
43c0fb89  rm_ia_validate_vint                  
43c0fbb1  rm_ir_is_managed_resasg_utype        
43c0fbd9  rm_ir_validate_output                
43c0fc50  __aeabi_llsl                         
43c0fc50  __ashldi3                            
43c0fc78  __aeabi_llsr                         
43c0fc78  __lshrdi3                            
43c0fd39  Sciclient_waitThread                 
43c0fd5d  boardcfg_get_rm_devgrp               
43c0fdc9  device_prepare_exclusive             
43c0fded  device_suspend                       
43c0fe11  dmsc_init                            
43c0fe35  lpsc_module_idx                      
43c0fe59  osal_delay                           
43c0fe7d  rm_ia_vint_get_info                  
43c0fea1  rm_irq_init                          
43c0ff31  vprintf_                             
43c0ff54  __aeabi_uldivmod                     
43c0ff81  DDR_ResetDDR_PLL                     
43c0ffb1  Pinmux_init                          
43c0ffd3  clk_ssc_allow                        
43c0fff5  device_clk_set_input_term            
43c10081  Bootloader_socGetCoreName            
43c100a1  Bootloader_socRprcToCslCoreId        
43c100c1  DebugP_logZoneEnable                 
43c100e1  Sciclient_query_fw_caps_handler      
43c10101  System_deinit                        
43c10121  TimerP_Params_init                   
43c10161  clk_ssc_block                        
43c101e1  device_resource_mem                  
43c1021d  sys_reset_handler                    
43c1023b  u32map_get                           
43c10261  Bootloader_JumpSelfCpu               
43c10281  Bootloader_socCpuGetClkDefault       
43c102a1  Bootloader_socIsAuthRequired         
43c102dd  Sciclient_readThread32               
43c10301  _system_pre_init                     
43c10355  sleep_modes_register                 
43c1038c  TI_memcpy_small                      
43c103a8  __aeabi_memset                       
43c103a8  __aeabi_memset4                      
43c103a8  __aeabi_memset8                      
43c103b8  __aeabi_memclr                       
43c103b8  __aeabi_memclr4                      
43c103b8  __aeabi_memclr8                      
43c103d1  UART_deinit                          
43c103f1  UART_readInterruptDma                
43c10411  UART_writeInterruptDma               
43c1042b  notifier_call                        
43c10461  Bootloader_socAuthImage              
43c10481  Drivers_close                        
43c104a1  LPDDR4_Init                          
43c104b9  boardcfg_get_rm_resasg_size          
43c10501  dev_get_clk                          
43c10530  TI_memset_small                      
43c10549  clk_div_get_freq                     
43c10575  device_clk_set_freq                  
43c1058d  Sciclient_readThreadCount            
43c105a1  Sciclient_verifyThread               
43c105b5  boardcfg_get_rm_resasg               
43c105dd  device_clk_get_freq_change           
43c105f1  device_clk_get_input_term            
43c10605  device_clk_get_ssc                   
43c10619  device_clk_get_sw_gated              
43c1062d  rm_core_unmap_region                 
43c10655  system_reset                         
43c10671  TimerP_clearOverflowInt              
43c10691  Bootloader_close                     
43c106a1  ClockP_ticksToUsec                   
43c106b1  LPDDR4_Probe                         
43c106c1  Sciclient_threadStatusReg            
43c106e1  device_clk_query_freq                
43c10701  pm_devgroup_is_enabled               
43c10711  pm_devgroup_set_enabled              
43c10720  putchar                              
43c10731  rm_core_map_region                   
43c10741  Bootloader_socCpuSetEntryPoint       
43c10751  PowerClock_init                      
43c10761  Bootloader_Params_init               
43c10771  Bootloader_socSelfCPUjump            
43c10781  ClockP_getTicks                      
43c10791  Bootloader_socGetSBLMem              
43c107a1  CSL_secProxyGetDataAddr              
43c107b1  ClockP_Params_init                   
43c107c1  ClockP_isActive                      
43c107d1  TimerP_start                         
43c107f1  Board_driversOpen                    
43c10801  Bootloader_socWaitForFWBoot          
43c10811  CPS_UncachedRead32                   
43c10821  CPS_UncachedWrite32                  
43c10831  ClockP_getTimerCount                 
43c10841  ClockP_timerClearOverflowInt         
43c10851  Drivers_open                         
43c10881  PowerClock_deinit                    
43c10891  TimerP_getCount                      
43c108a1  TimerP_getReloadCount                
43c108b0  __aeabi_ldiv0                        
43c108c1  putchar_                             
43c108d1  DDR_socEnableVttRegulator            
43c108e1  Dpl_deinit                           
43c10901  SemaphoreP_destruct                  
43c10911  TaskP_yield                          
43c12061  HwiP_enableInt                       
43c12091  HwiP_disableInt                      
43c120d1  HwiP_restoreInt                      
43c12131  HwiP_clearInt                        
43c12151  HwiP_post                            
43c12181  HwiP_Params_init                     
43c121a1  HwiP_construct                       
43c122f1  HwiP_destruct                        
43c123d1  HwiP_init                            
43c124a1  HwiP_inISR                           
43c124c1  HwiP_irq_handler_c                   
43c12551  HwiP_fiq_handler                     
43c12611  HwiP_reserved_handler                
43c12641  HwiP_undefined_handler               
43c12671  HwiP_svc_handler                     
43c126a1  HwiP_prefetch_abort_handler          
43c126d1  HwiP_data_abort_handler              
43c12700  HwiP_irq_handler                     
43c12778  HwiP_disable                         
43c12788  HwiP_disableFIQ                      
43c12798  HwiP_enable                          
43c127a8  HwiP_enableFIQ                       
43c127b8  HwiP_restore                         
43c127c0  HwiP_enableVIC                       
43c127d0  HwiP_disableVIC                      
43c127e0  HwiP_getCPSR                         
43c127f0  CacheP_disableL1d                    
43c12818  CacheP_disableL1p                    
43c12830  CacheP_enableL1d                     
43c12848  CacheP_enableL1p                     
43c12860  CacheP_invL1d                        
43c12898  CacheP_invL1p                        
43c128d4  CacheP_invL1dAll                     
43c128dc  CacheP_invL1pAll                     
43c128e4  CacheP_wb                            
43c12920  CacheP_wbInv                         
43c1295c  CacheP_wbAll                         
43c12a04  CacheP_wbInvAll                      
43c12a1c  CacheP_wbInvAllAsm                   
43c12abc  CacheP_getEnabled                    
43c12af4  CacheP_getCacheLevelInfo             
43c12b00  CacheP_configForceWrThru             
43c12b20  CacheP_setDLFO                       
43c12b31  CacheP_init                          
43c12bb1  CacheP_disable                       
43c12bf1  CacheP_enable                        
43c12c11  CacheP_inv                           
43c12c51  MpuP_RegionAttrs_init                
43c12c61  MpuP_setRegion                       
43c12d11  MpuP_enable                          
43c12d51  MpuP_disable                         
43c12d91  MpuP_isEnable                        
43c12da1  MpuP_init                            
43c12e04  MpuP_disableAsm                      
43c12e1c  MpuP_disableBRAsm                    
43c12e2c  MpuP_enableAsm                       
43c12e44  MpuP_enableBRAsm                     
43c12e54  MpuP_isEnableAsm                     
43c12e68  MpuP_setRegionAsm                    
43c12e90  _c_int00_sbl                         
43c12eb4  _c_int00                             
43c12f91  _DebugP_assertNoLog                  
43c12fb1  __mpu_init                           
43c12fc0  gUartDmaConfig                       
43c13abc  DDRSS_phyReg                         
43c142a8  DDRSS_ctlReg                         
43c14944  DDRSS_phyIndepReg                    
43c14ea8  DDRSS_phyRegNum                      
43c1529e  DDRSS_ctlRegNum                      
43c155ec  DDRSS_phyIndepRegNum                 
43c158a0  resasg_indexer                       
43c15a8c  ra_inst                              
43c15bb8  _ftable                              
43c15ca8  udmap_inst                           
43c15d98  gAddrTranslateInfo                   
43c15e5c  gMpuRegionConfig                     
43c15f1c  gCoreBootInfo                        
43c16060  _device                              
43c160d8  ir_inst                              
43c1614c  gSciclientHandle                     
43c161a8  ia_inst                              
43c16204  gUartParams                          
43c1625c  _stream                              
43c162f4  __TI_ft_end                          
43c16328  gSciclientRomSecProxyCfg             
43c16348  gSciclient_secProxyCfg               
43c16368  gBootloaderConfig                    
43c16384  gClockConfig                         
43c163b4  gSocModulesClockFrequency            
43c163e4  gBootloaderMemFxns                   
43c163f8  gResMemSection                       
43c1641c  gSocModules                          
43c1642c  _lock                                
43c16430  gAddrTranslateConfig                 
43c1643c  gMpuConfig                           
43c16448  __TI_cleanup_ptr                     
43c1644c  __TI_dtors_ptr                       
43c16460  gBootloader0Args                     
43c16468  gCacheConfig                         
43c16480  gUartConfig                          
43c16488  _unlock                              
43c1648c  gBootloaderConfigNum                 
43c16490  gCacheL1dCacheLineSize               
43c16494  gCacheL1pCacheLineSize               
43c16498  gDebugLogZone                        
43c1649c  gHwiConfig                           
43c164a0  gUartConfigNum                       
43c164a4  gUartDmaConfigNum                    
43c164a8  operatingMode                        
43c164ac  pSciclient_secProxyCfg               
43c164b8  selfcoreEntry                        
43c164c0  soc_clock_data                       
43c164c0  soc_psc_multiple_domains             
43c17910  soc_device_data_arr                  
43c18042  irq_global_event_types_count         
43c18044  soc_pll_table                        
43c18471  soc_host_indexes_sz                  
43c186a7  soc_host_indexes                     
43c18898  gSciclientMap                        
43c18b1c  soc_clock_freq_defaults              
43c18d9c  gSOC_r5fVectors                      
43c18de4  soc_devgroups                        
43c18efa  ia_soc_pe_init_list                  
43c1904c  soc_clock_ranges                     
43c19074  clk_drv_div_fixed                    
43c19098  clk_drv_div_pll_16fft_hsdiv          
43c190bc  clk_drv_div_pll_16fft_postdiv        
43c190e0  clk_drv_div_reg                      
43c19104  clk_drv_div_reg_go                   
43c19168  clk_drv_mux_reg                      
43c19188  clk_drv_pllctrl_mux_reg_ro           
43c191a8  irq_global_event_types               
43c19218  clk_drv_fixed                        
43c19230  clk_drv_from_device                  
43c19248  clk_drv_pll_16fft                    
43c19260  clk_drv_soc_hfosc0                   
43c19278  clk_drv_soc_lfosc0                   
43c192a8  soc_fw_caps                          
43c19b30  psc_drv                              
43c19e50  gcSciclientDirectExtBootX509MagicWord
43c1a09c  evt_rt_srcs                          
43c1a0a0  evt_rt_srcs_count                    
43c1a0c4  ra_inst_count                        
43c1a0c8  soc_clock_count                      
43c1a0cc  soc_devgroup_count                   
43c1a0d0  soc_device_count                     
43c1a0d8  udmap_inst_count                     
43c1a100  gSciclient_boardCfgLow               
43c1a180  gSciclient_boardCfgLow_rm            
43c1a700  gSciclient_boardCfgLow_sec           
43c1a880  gSciclient_boardCfgLow_pm            
43c1a900  _sys_memory                          
43c22900  __stack                              
43c26900  __BSS_START                          
43c26900  __STACK_END                          
43c26900  gHwiCtrl                             
43c2823c  soc_clocks                           
43c28640  soc_devices                          
43c28c54  soc_clock_values                     
43c28df8  _CIOBUF_                             
43c28df8  __CIOBUF_                            
43c290e4  __TI_tmpnams                         
43c29184  _freertosresetvectors                
43c291c8  gClockCtrl                           
43c29224  parmbuf                              
43c29244  gUartHandle                          
43c29250  __BSS_END                            
43c29250  __IRQ_STACK_START                    
43c2a250  __FIQ_STACK_START                    
43c2a250  __IRQ_STACK_END                      
43c2a350  __FIQ_STACK_END                      
43c2a350  __SVC_STACK_START                    
43c2a450  __ABORT_STACK_START                  
43c2a450  __SVC_STACK_END                      
43c2a550  __ABORT_STACK_END                    
43c2a550  __UNDEFINED_STACK_START              
43c2a650  __UNDEFINED_STACK_END                
80000000  gUniflashFileBuf                     
ffffffff  __TI_pprof_out_hndl                  
ffffffff  __TI_prof_data_size                  
ffffffff  __TI_prof_data_start                 
ffffffff  __binit__                            
ffffffff  binit                                
UNDEFED   __TI_CINIT_Base                      
UNDEFED   __TI_CINIT_Limit                     
UNDEFED   __TI_Handler_Table_Base              
UNDEFED   __TI_Handler_Table_Limit             
UNDEFED   _system_post_cinit                   

[587 symbols]
