******************************************************************************
            TI ARM Clang Linker Unix v2.1.2                    
******************************************************************************
>> Linked Fri Feb 24 09:07:43 2023

OUTPUT FILE NAME:   <sbl_uart.release.out>
ENTRY POINT SYMBOL: "_vectors_sbl"  address: 43c00040


MEMORY CONFIGURATION

         name            origin    length      used     unused   attr    fill
----------------------  --------  ---------  --------  --------  ----  --------
  HSM_RAM_VECS          43c00000   00000100  00000080  00000080  RWIX
  HSM_RAM               43c00100   0003c700  00021a80  0001ac80  RWIX
  DDR                   a0000000   40000000  40000000  00000000  RWIX


SEGMENT ALLOCATION MAP

run origin  load origin   length   init length attrs members
----------  ----------- ---------- ----------- ----- -------
43c00000    43c00000    00000080   00000080    r-x
  43c00000    43c00000    00000080   00000080    r-x .vectors
43c00100    43c00100    00011808   00011808    r-x
  43c00100    43c00100    000100e0   000100e0    r-x .text
  43c101e0    43c101e0    00001728   00001728    r-- .const
43c11910    43c11910    00000f60   00000f60    r-x
  43c11910    43c11910    00000790   00000790    r-x .text.hwi
  43c120a0    43c120a0    00000460   00000460    r-x .text.cache
  43c12500    43c12500    00000240   00000240    r-x .text.mpu
  43c12740    43c12740    00000130   00000130    r-x .text.boot
43c12870    43c12870    00003328   00003328    rw-
  43c12870    43c12870    00003328   00003328    rw- .data
43c15b98    43c15b98    00003c38   00003c38    r--
  43c15b98    43c15b98    00003c38   00003c38    r-- .rodata
43c19800    43c19800    00000800   00000800    r--
  43c19800    43c19800    00000800   00000800    r-- .boardcfg_data
43c1a000    43c1a000    00006780   00000000    rw-
  43c1a000    43c1a000    00004000   00000000    rw- .stack
  43c1e000    43c1e000    00002780   00000000    rw- .bss
43c20780    43c20780    00001400   00000000    r--
  43c20780    43c20780    00001000   00000000    r-- .irqstack
  43c21780    43c21780    00000100   00000000    r-- .fiqstack
  43c21880    43c21880    00000100   00000000    r-- .svcstack
  43c21980    43c21980    00000100   00000000    r-- .abortstack
  43c21a80    43c21a80    00000100   00000000    r-- .undefinedstack


SECTION ALLOCATION MAP

 output                                  attributes/
section   page    origin      length       input sections
--------  ----  ----------  ----------   ----------------
.vectors   0    43c00000    00000080     
                  43c00000    00000040     nortos.am62x.r5f.ti-arm-clang.release.lib : HwiP_armv7r_vectors_nortos_asm.obj (.vectors)
                  43c00040    00000040                                               : HwiP_armv7r_vectors_nortos_sbl_asm.obj (.vectors)

.text      0    43c00100    000100e0     
                  43c00100    00000754     rm_pm_hal_sbl.am62x.r5f.ti-arm-clang.release.lib : pll.obj (.text.pll_calc)
                  43c00854    000006d8                                                      : rm_udmap.obj (.text.rm_udmap_tx_ch_cfg)
                  43c00f2c    00000618                                                      : rm_udmap.obj (.text.rm_udmap_rx_ch_cfg)
                  43c01544    0000000c                                                      : device_prepare.obj (.text.device_prepare_nonexclusive)
                  43c01550    00000596     nortos.am62x.r5f.ti-arm-clang.release.lib : printf.obj (.text._vsnprintf)
                  43c01ae6    0000000a     rm_pm_hal_sbl.am62x.r5f.ti-arm-clang.release.lib : clk.obj (.text.clk_notify_children_freq)
                  43c01af0    000004ea     drivers.am62x.r5f.ti-arm-clang.release.lib : uart_v0.obj (.text.UART_open)
                  43c01fda    00000002     rm_pm_hal_sbl.am62x.r5f.ti-arm-clang.release.lib : ioremap.obj (.text.ioremap_internal)
                  43c01fdc    00000428                                                      : rm_ra.obj (.text.rm_ra_cfg)
                  43c02404    00000394                                                      : psc.obj (.text.lpsc_module_sync_state)
                  43c02798    00000008                                                      : clk.obj (.text.clk_freq_change_allow)
                  43c027a0    00000388     nortos.am62x.r5f.ti-arm-clang.release.lib : printf.obj (.text._ftoa)
                  43c02b28    00000008     rm_pm_hal_sbl.am62x.r5f.ti-arm-clang.release.lib : clk.obj (.text.clk_freq_change_block)
                  43c02b30    00000310     nortos.am62x.r5f.ti-arm-clang.release.lib : printf.obj (.text._etoa)
                  43c02e40    000002f8     rm_pm_hal_sbl.am62x.r5f.ti-arm-clang.release.lib : clk_div.obj (.text.clk_div_set_freq)
                  43c03138    000002f8                                                      : rm_udmap.obj (.text.rm_udmap_flow_cfg)
                  43c03430    000002f0     drivers.am62x.r5f.ti-arm-clang.release.lib : ddr.obj (.text.DDR_init)
                  43c03720    000002e8     rm_pm_hal_sbl.am62x.r5f.ti-arm-clang.release.lib : clk_pll_16fft.obj (.text.clk_pll_16fft_internal_set_freq)
                  43c03a08    000002c8     sciclient_direct_sbl.am62x.r5f.ti-arm-clang.release.lib : sciclient.obj (.text.Sciclient_serviceSecureProxy)
                  43c03cd0    00000290     drivers.am62x.r5f.ti-arm-clang.release.lib : uart_v0.obj (.text.UART_read)
                  43c03f60    00000282     rm_pm_hal_sbl.am62x.r5f.ti-arm-clang.release.lib : pll.obj (.text.pll_consider)
                  43c041e2    00000002                                                      : mmr_lock.obj (.text.mmr_lock_all)
                  43c041e4    00000260                                                      : clk_pll_16fft.obj (.text.clk_pll_16fft_init)
                  43c04444    00000244                                                      : device_clk.obj (.text.__device_clk_set_freq)
                  43c04688    00000228                                                      : device.obj (.text.devices_init)
                  43c048b0    00000224                                                      : rm_irq.obj (.text.rm_irq_release)
                  43c04ad4    0000000c                                                      : sys-reset.obj (.text.sys_reset_handler_register)
                  43c04ae0    0000021c     drivers.am62x.r5f.ti-arm-clang.release.lib : uart_v0.obj (.text.UART_masterIsr)
                  43c04cfc    00000004     rm_pm_hal_sbl.am62x.r5f.ti-arm-clang.release.lib : clk_fixed.obj (.text.clk_fixed_get_state)
                  43c04d00    0000020a     drivers.am62x.r5f.ti-arm-clang.release.lib : xmodem.obj (.text.xmodemReceive)
                  43c04f0a    00000006     rm_pm_hal_sbl.am62x.r5f.ti-arm-clang.release.lib : clk_pll_16fft.obj (.text.pll_16fft_bin)
                  43c04f10    000001fe     drivers.am62x.r5f.ti-arm-clang.release.lib : uart_v0.obj (.text.UART_write)
                  43c0510e    00000002     rm_pm_hal_sbl.am62x.r5f.ti-arm-clang.release.lib : map.obj (.text.u32_get_bytes)
                  43c05110    000001fc                                                      : rm_irq.obj (.text.rm_irq_set)
                  43c0530c    00000004                                                      : clk_dev.obj (.text.clk_from_device_notify_freq)
                  43c05310    000001f4     drivers.am62x.r5f.ti-arm-clang.release.lib : xmodem.obj (.text.xmodemTransmit)
                  43c05504    000001cc     sciclient_direct_sbl.am62x.r5f.ti-arm-clang.release.lib : sciclient_direct.obj (.text.Sciclient_service)
                  43c056d0    000001c8                                                             : sciclient.obj (.text.Sciclient_init)
                  43c05898    00000008     rm_pm_hal_sbl.am62x.r5f.ti-arm-clang.release.lib : psc.obj (.text.lpsc_module_get)
                  43c058a0    000001c0     nortos.am62x.r5f.ti-arm-clang.release.lib : TimerP.obj (.text.TimerP_setup)
                  43c05a60    000001ae     drivers.am62x.r5f.ti-arm-clang.release.lib : bootloader_soc.obj (.text.Bootloader_socCpuResetRelease)
                  43c05c0e    00000002     --HOLE-- [fill = 0]
                  43c05c10    000001a8     rm_pm_hal_sbl.am62x.r5f.ti-arm-clang.release.lib : psc.obj (.text.psc_pre_init)
                  43c05db8    00000008                                                      : psc.obj (.text.lpsc_module_get_module_reset)
                  43c05dc0    000001a0     drivers.am62x.r5f.ti-arm-clang.release.lib : ddr_soc.obj (.text.DDR_programPLL)
                  43c05f60    0000018c     main.obj (.text.main)
                  43c060ec    00000004     rm_pm_hal_sbl.am62x.r5f.ti-arm-clang.release.lib : clk_dev.obj (.text.clk_from_device_set_state)
                  43c060f0    0000017c     drivers.am62x.r5f.ti-arm-clang.release.lib : bootloader.obj (.text.Bootloader_verifyMulticoreImage)
                  43c0626c    00000164     rm_pm_hal_sbl.am62x.r5f.ti-arm-clang.release.lib : rm_udmap.obj (.text.rm_udmap_gcfg_cfg)
                  43c063d0    00000160                                                      : device_process.obj (.text.set_device_handler)
                  43c06530    00000158                                                      : rm_ir.obj (.text.rm_ir_configure)
                  43c06688    0000014c     sciclient_direct_sbl.am62x.r5f.ti-arm-clang.release.lib : uart_print.obj (.text.UART_printf)
                  43c067d4    00000146                                                             : sciclient_direct.obj (.text.Sciclient_ProcessPmMessage)
                  43c0691a    00000004     rm_pm_hal_sbl.am62x.r5f.ti-arm-clang.release.lib : clk_soc_hfosc0.obj (.text.clk_soc_hfosc0_get_state)
                  43c0691e    00000002     --HOLE-- [fill = 0]
                  43c06920    00000146     drivers.am62x.r5f.ti-arm-clang.release.lib : uart_v0.obj (.text.UART_close)
                  43c06a66    00000002     --HOLE-- [fill = 0]
                  43c06a68    00000144     rm_pm_hal_sbl.am62x.r5f.ti-arm-clang.release.lib : clk.obj (.text.clk_init)
                  43c06bac    00000004                                                      : clk_soc_lfosc0.obj (.text.clk_soc_lfosc0_get_state)
                  43c06bb0    0000013e     drivers.am62x.r5f.ti-arm-clang.release.lib : soc.obj (.text.SOC_moduleSetClockFrequency)
                  43c06cee    00000002     --HOLE-- [fill = 0]
                  43c06cf0    00000132     nortos.am62x.r5f.ti-arm-clang.release.lib : printf.obj (.text._ntoa_format)
                  43c06e22    00000002     --HOLE-- [fill = 0]
                  43c06e24    00000128     rm_pm_hal_sbl.am62x.r5f.ti-arm-clang.release.lib : rm_ra.obj (.text.ra_get_ring_evt)
                  43c06f4c    00000004                                                      : device_clk.obj (.text.device_clk_get_hw_ssc)
                  43c06f50    00000126     drivers.am62x.r5f.ti-arm-clang.release.lib : bootloader_soc.obj (.text.Bootloader_socCpuPowerOnResetHSMM4f)
                  43c07076    00000002     --HOLE-- [fill = 0]
                  43c07078    00000124     rm_pm_hal_sbl.am62x.r5f.ti-arm-clang.release.lib : clk_pll_16fft.obj (.text.clk_pll_16fft_get_freq)
                  43c0719c    00000124                                                      : rm_ra.obj (.text.ra_set_ring_evt)
                  43c072c0    00000122                                                      : rm_udmap.obj (.text.udmap_oes_index_validate)
                  43c073e2    00000002     --HOLE-- [fill = 0]
                  43c073e4    0000000c                                                      : trace.obj (.text.trace_reconfigure)
                  43c073f0    00000120     drivers.am62x.r5f.ti-arm-clang.release.lib : lpddr4_16bit.obj (.text.LPDDR4_CheckCtlInterrupt)
                  43c07510    00000120     rm_pm_hal_sbl.am62x.r5f.ti-arm-clang.release.lib : rm_udmap.obj (.text.udmap_get_ch_evt)
                  43c07630    0000011a     drivers.am62x.r5f.ti-arm-clang.release.lib : bootloader_soc.obj (.text.Bootloader_socCpuPowerOnResetM4f)
                  43c0774a    00000002     --HOLE-- [fill = 0]
                  43c0774c    00000118     rm_pm_hal_sbl.am62x.r5f.ti-arm-clang.release.lib : psc.obj (.text.psc_uninit)
                  43c07864    00000118     libclang_rt.builtins.a : udivmoddi4.S.obj (.text)
                  43c0797c    00000004     rm_pm_hal_sbl.am62x.r5f.ti-arm-clang.release.lib : clk_pll_16fft.obj (.text.pll_16fft_vco_fitness)
                  43c07980    00000112     drivers.am62x.r5f.ti-arm-clang.release.lib : lpddr4_16bit.obj (.text.LPDDR4_AckCtlInterrupt)
                  43c07a92    0000010c     rm_pm_hal_sbl.am62x.r5f.ti-arm-clang.release.lib : rm_ia.obj (.text.rm_ia_vint_map)
                  43c07b9e    00000002     --HOLE-- [fill = 0]
                  43c07ba0    00000104                                                      : device_clk.obj (.text.device_clk_get_parent)
                  43c07ca4    00000100     sciclient_direct_sbl.am62x.r5f.ti-arm-clang.release.lib : sciclient_direct.obj (.text.Sciclient_ProcessRmMessage)
                  43c07da4    00000100     rm_pm_hal_sbl.am62x.r5f.ti-arm-clang.release.lib : rm_core.obj (.text.rm_core_get_resource_range)
                  43c07ea4    0000000a                                                      : clk_div.obj (.text.readl)
                  43c07eae    00000002     --HOLE-- [fill = 0]
                  43c07eb0    000000fc     nortos.am62x.r5f.ti-arm-clang.release.lib : ClockP_nortos_r5.obj (.text.ClockP_init)
                  43c07fac    000000f8     rm_pm_hal_sbl.am62x.r5f.ti-arm-clang.release.lib : rm_udmap.obj (.text.udmap_set_ch_evt)
                  43c080a4    000000f2                                                      : rm_ia.obj (.text.rm_ia_vint_unmap)
                  43c08196    00000002     --HOLE-- [fill = 0]
                  43c08198    000000ec                                                      : clk_div.obj (.text.clk_div_notify_freq)
                  43c08284    000000e8                                                      : rm_udmap.obj (.text.rm_udmap_is_managed_resasg_utype)
                  43c0836c    000000e6                                                      : rm_ia.obj (.text.ia_validate_evt)
                  43c08452    00000002     --HOLE-- [fill = 0]
                  43c08454    000000e4                                                      : psc.obj (.text.psc_pd_get)
                  43c08538    000000e0                                                      : clk.obj (.text.clk_set_freq)
                  43c08618    000000e0                                                      : device_clk.obj (.text.device_clk_set_gated)
                  43c086f8    000000dc                                                      : psc.obj (.text.lpsc_module_wait)
                  43c087d4    000000dc                                                      : rm_ra.obj (.text.rm_ra_mon_cfg)
                  43c088b0    000000d4     drivers.am62x.r5f.ti-arm-clang.release.lib : bootloader.obj (.text.Bootloader_rprcImageLoad)
                  43c08984    000000d0     rm_pm_hal_sbl.am62x.r5f.ti-arm-clang.release.lib : psc.obj (.text.lpsc_module_put_internal)
                  43c08a54    000000d0                                                      : rm_udmap.obj (.text.rm_udmap_flow_delegate)
                  43c08b24    000000cc                                                      : rm_ia.obj (.text.ia_set_oes_evt)
                  43c08bf0    000000cc                                                      : psc.obj (.text.psc_pd_put)
                  43c08cbc    000000c8                                                      : rm_ia.obj (.text.rm_ia_init)
                  43c08d84    000000c6                                                      : rm_ia.obj (.text.ia_get_oes_evt)
                  43c08e4a    00000002     --HOLE-- [fill = 0]
                  43c08e4c    000000c4                                                      : device_clk.obj (.text.device_clk_set_parent)
                  43c08f10    000000c4                                                      : clock.obj (.text.query_freq_handler)
                  43c08fd4    000000c4                                                      : clock.obj (.text.set_freq_handler)
                  43c09098    00000008                                                      : psc.obj (.text.lpsc_module_put)
                  43c090a0    000000c2     drivers.am62x.r5f.ti-arm-clang.release.lib : bootloader.obj (.text.Bootloader_parseMultiCoreAppImage)
                  43c09162    00000002     --HOLE-- [fill = 0]
                  43c09164    000000c0     sciclient_direct_sbl.am62x.r5f.ti-arm-clang.release.lib : sciclient_direct.obj (.text.Sciclient_boardCfgParseHeader)
                  43c09224    000000c0     rm_pm_hal_sbl.am62x.r5f.ti-arm-clang.release.lib : clk_pll_16fft.obj (.text.clk_pll_16fft_wait_for_lock)
                  43c092e4    000000c0                                                      : clk_mux.obj (.text.clk_set_parent)
                  43c093a4    000000c0                                                      : clock.obj (.text.get_clock_handler)
                  43c09464    000000c0                                                      : psc.obj (.text.psc_post_init)
                  43c09524    000000c0                                                      : clock.obj (.text.set_clock_handler)
                  43c095e4    000000bc     sciclient_direct_sbl.am62x.r5f.ti-arm-clang.release.lib : sciclient_pm.obj (.text.Sciclient_pmQueryModuleClkFreq)
                  43c096a0    000000bc     rm_pm_hal_sbl.am62x.r5f.ti-arm-clang.release.lib : rm_core.obj (.text.rm_core_resasg_validate_resource)
                  43c0975c    00000004                                                      : rm_udmap.obj (.text.rm_udmap_flow_size_thresh_cfg)
                  43c09760    000000b8     drivers.am62x.r5f.ti-arm-clang.release.lib : uart_v0.obj (.text.UART_divisorLatchWrite)
                  43c09818    000000b8     rm_pm_hal_sbl.am62x.r5f.ti-arm-clang.release.lib : device_psc.obj (.text.soc_device_init)
                  43c098d0    000000b6                                                      : map.obj (.text.map_add)
                  43c09986    000000b6                                                      : div64.obj (.text.pm_div64)
                  43c09a3c    000000b4                                                      : clk_div.obj (.text.clk_div_reg_go_set_div)
                  43c09af0    000000b4                                                      : init.obj (.text.pm_init)
                  43c09ba4    0000000a                                                      : clk_mux.obj (.text.readl)
                  43c09bae    00000002     --HOLE-- [fill = 0]
                  43c09bb0    000000b2     drivers.am62x.r5f.ti-arm-clang.release.lib : uart_v0.obj (.text.UART_flushTxFifo)
                  43c09c62    0000000a     rm_pm_hal_sbl.am62x.r5f.ti-arm-clang.release.lib : clk_pll_16fft.obj (.text.readl)
                  43c09c6c    00000004                                                      : device_psc.obj (.text.soc_device_init_complete)
                  43c09c70    000000b0     nortos.am62x.r5f.ti-arm-clang.release.lib : printf.obj (.text._ntoa_long_long)
                  43c09d20    000000b0     rm_pm_hal_sbl.am62x.r5f.ti-arm-clang.release.lib : boardcfg-user.obj (.text.boardcfg_rm_receive_and_validate)
                  43c09dd0    000000ac                                                      : psc.obj (.text.lpsc_module_get_internal)
                  43c09e7c    000000ac                                                      : rm_udmap.obj (.text.rm_udmap_init)
                  43c09f28    000000aa     sciclient_direct_sbl.am62x.r5f.ti-arm-clang.release.lib : sciclient_pm.obj (.text.Sciclient_pmSetModuleClkFreq)
                  43c09fd2    0000000a     rm_pm_hal_sbl.am62x.r5f.ti-arm-clang.release.lib : clk_pllctrl.obj (.text.readl)
                  43c09fdc    00000004                                                      : trace.obj (.text.trace_debug)
                  43c09fe0    000000aa     drivers.am62x.r5f.ti-arm-clang.release.lib : uart_v0.obj (.text.UART_procLineStatusErr)
                  43c0a08a    00000002     --HOLE-- [fill = 0]
                  43c0a08c    000000a8     rm_pm_hal_sbl.am62x.r5f.ti-arm-clang.release.lib : device_process.obj (.text.get_device_handler)
                  43c0a134    000000a8                                                      : rm_udmap.obj (.text.udmap_check_index_range)
                  43c0a1dc    00000004     libclang_rt.builtins.a : aeabi_memcpy.S.obj (.text)
                  43c0a1e0    000000a6     nortos.am62x.r5f.ti-arm-clang.release.lib : printf.obj (.text._out_rev)
                  43c0a286    00000002     --HOLE-- [fill = 0]
                  43c0a288    000000a4     rm_pm_hal_sbl.am62x.r5f.ti-arm-clang.release.lib : device_pm.obj (.text.device_set_state)
                  43c0a32c    00000004     --HOLE-- [fill = 0]
                  43c0a330    000000a2     sciclient_direct_sbl.am62x.r5f.ti-arm-clang.release.lib : sciclient_direct.obj (.text.boardcfgRmFindCertSize)
                  43c0a3d2    0000000a     rm_pm_hal_sbl.am62x.r5f.ti-arm-clang.release.lib : dmsc.obj (.text.readl)
                  43c0a3dc    00000004     --HOLE-- [fill = 0]
                  43c0a3e0    000000a0     drivers.am62x.r5f.ti-arm-clang.release.lib : bootloader.obj (.text.Bootloader_loadSelfCpu)
                  43c0a480    000000a0     rm_pm_hal_sbl.am62x.r5f.ti-arm-clang.release.lib : rm_core.obj (.text.rm_core_init)
                  43c0a520    000000a0                                                      : rm_ra.obj (.text.rm_ra_validate_ring_index)
                  43c0a5c0    0000009e                                                      : rm_udmap.obj (.text.udmap_check_flow_index)
                  43c0a65e    0000009c                                                      : clk.obj (.text.clk_generic_set_freq_parent)
                  43c0a6fa    00000002     --HOLE-- [fill = 0]
                  43c0a6fc    0000009c                                                      : clk_pll_16fft.obj (.text.clk_pll_16fft_set_freq)
                  43c0a798    0000009c                                                      : psc.obj (.text.psc_pd_wait)
                  43c0a834    0000009c                                                      : rm_ir.obj (.text.rm_ir_clear)
                  43c0a8d0    00000098     sciclient_direct_sbl.am62x.r5f.ti-arm-clang.release.lib : sciclient.obj (.text.Sciclient_serviceGetThreadIds)
                  43c0a968    00000098     rm_pm_hal_sbl.am62x.r5f.ti-arm-clang.release.lib : device_prepare.obj (.text.device_prepare)
                  43c0aa00    00000098                                                      : rm_ir.obj (.text.ir_clear_rom_mapping)
                  43c0aa98    00000008                                                      : psc.obj (.text.lpsc_module_ret_get)
                  43c0aaa0    00000096     nortos.am62x.r5f.ti-arm-clang.release.lib : SemaphoreP_nortos.obj (.text.SemaphoreP_pend)
                  43c0ab36    0000000a     rm_pm_hal_sbl.am62x.r5f.ti-arm-clang.release.lib : mmr_lock.obj (.text.readl)
                  43c0ab40    00000094     drivers.am62x.r5f.ti-arm-clang.release.lib : bootloader.obj (.text.Bootloader_getMsgLen)
                  43c0abd4    00000008     rm_pm_hal_sbl.am62x.r5f.ti-arm-clang.release.lib : psc.obj (.text.lpsc_module_ret_put)
                  43c0abdc    00000004     --HOLE-- [fill = 0]
                  43c0abe0    00000094     drivers.am62x.r5f.ti-arm-clang.release.lib : uart_v0.obj (.text.UART_init)
                  43c0ac74    00000094     rm_pm_hal_sbl.am62x.r5f.ti-arm-clang.release.lib : rm_irq.obj (.text.irq_trace_remaining_params)
                  43c0ad08    00000090                                                      : psc.obj (.text.lpsc_module_set_local_reset)
                  43c0ad98    00000008                                                      : rm_core.obj (.text.rm_core_param_is_valid)
                  43c0ada0    0000008e     drivers.am62x.r5f.ti-arm-clang.release.lib : uart_v0.obj (.text.UART_readCancelNoCB)
                  43c0ae2e    00000002     --HOLE-- [fill = 0]
                  43c0ae30    0000008c     sciclient_direct_sbl.am62x.r5f.ti-arm-clang.release.lib : uart_print.obj (.text.UART_convertVal)
                  43c0aebc    00000004     --HOLE-- [fill = 0]
                  43c0aec0    0000008c     nortos.am62x.r5f.ti-arm-clang.release.lib : printf.obj (.text._ntoa_long)
                  43c0af4c    0000008c     rm_pm_hal_sbl.am62x.r5f.ti-arm-clang.release.lib : clk_mux.obj (.text.clk_mux_set_parent)
                  43c0afd8    0000008a                                                      : rm_ra.obj (.text.ra_check_index_range)
                  43c0b062    00000002     --HOLE-- [fill = 0]
                  43c0b064    00000088                                                      : psc.obj (.text.lpsc_module_set_module_reset)
                  43c0b0ec    00000086     sciclient_direct_sbl.am62x.r5f.ti-arm-clang.release.lib : sciclient_pm.obj (.text.Sciclient_pmGetModuleClkNumParent)
                  43c0b172    00000086                                                             : sciclient_pm.obj (.text.Sciclient_pmGetModuleClkParent)
                  43c0b1f8    00000084                                                             : sciclient_boardcfg.obj (.text.Sciclient_boardCfgPm)
                  43c0b27c    00000084                                                             : sciclient_boardcfg.obj (.text.Sciclient_boardCfgRm)
                  43c0b300    00000084                                                             : sciclient_pm.obj (.text.Sciclient_pmGetModuleClkFreq)
                  43c0b384    00000084                                                             : sciclient_pm.obj (.text.Sciclient_pmModuleGetClkStatus)
                  43c0b408    00000082                                                             : sciclient_pm.obj (.text.Sciclient_pmGetModuleState)
                  43c0b48a    00000006     --HOLE-- [fill = 0]
                  43c0b490    00000080     drivers.am62x.r5f.ti-arm-clang.release.lib : pinmux.obj (.text.Pinmux_config)
                  43c0b510    00000080     sciclient_direct_sbl.am62x.r5f.ti-arm-clang.release.lib : sciclient.obj (.text.Sciclient_ISR)
                  43c0b590    00000080                                                             : sciclient_secureproxy.obj (.text.Sciclient_sendMessage)
                  43c0b610    00000080     rm_pm_hal_sbl.am62x.r5f.ti-arm-clang.release.lib : clk_div.obj (.text.clk_div_reg_set_div)
                  43c0b690    00000080                                                      : clk_pll_16fft.obj (.text.clk_pll_16fft_hsdiv_set_freq)
                  43c0b710    00000080                                                      : clk_pll_16fft.obj (.text.clk_pll_16fft_postdiv_set_freq)
                  43c0b790    00000080                                                      : clock.obj (.text.set_clock_parent_handler)
                  43c0b810    0000007e     drivers.am62x.r5f.ti-arm-clang.release.lib : bootloader_soc.obj (.text.Bootloader_socCpuSetClock)
                  43c0b88e    0000007e     sciclient_direct_sbl.am62x.r5f.ti-arm-clang.release.lib : sciclient_pm.obj (.text.Sciclient_pmModuleClkRequest)
                  43c0b90c    0000007e                                                             : sciclient_pm.obj (.text.Sciclient_pmSetModuleClkParent)
                  43c0b98a    00000002     --HOLE-- [fill = 0]
                  43c0b98c    0000007c     rm_pm_hal_sbl.am62x.r5f.ti-arm-clang.release.lib : clk.obj (.text.clk_notify_sibling_freq)
                  43c0ba08    0000007c                                                      : clk_pll_16fft.obj (.text.clk_pll_16fft_postdiv_set_div)
                  43c0ba84    0000007c                                                      : clock.obj (.text.get_clock_parent_handler)
                  43c0bb00    0000007c                                                      : clock.obj (.text.get_num_clock_parents_handler)
                  43c0bb7c    0000007c                                                      : rm_ra.obj (.text.rm_ra_init)
                  43c0bbf8    0000007a                                                      : rm_udmap.obj (.text.udmap_clear_rom_oes)
                  43c0bc72    00000002     --HOLE-- [fill = 0]
                  43c0bc74    00000078                                                      : clk.obj (.text.clk_get)
                  43c0bcec    00000078                                                      : psc.obj (.text.psc_drop_pwr_up_ref)
                  43c0bd64    00000078                                                      : rm_ra.obj (.text.rm_ra_is_managed_resasg_utype)
                  43c0bddc    00000074     sciclient_direct_sbl.am62x.r5f.ti-arm-clang.release.lib : sciclient.obj (.text.Sciclient_servicePrepareHeader)
                  43c0be50    00000074     rm_pm_hal_sbl.am62x.r5f.ti-arm-clang.release.lib : clk_dev.obj (.text.clk_from_device_get_state)
                  43c0bec4    00000074                                                      : rm_irq.obj (.text.irq_validate_global_event)
                  43c0bf38    00000008     libc.a : exit.c.obj (.text:abort)
                  43c0bf40    00000072     drivers.am62x.r5f.ti-arm-clang.release.lib : bootloader_soc.obj (.text.Bootloader_socCpuPowerOnResetA53)
                  43c0bfb2    00000002     --HOLE-- [fill = 0]
                  43c0bfb4    00000070     sciclient_direct_sbl.am62x.r5f.ti-arm-clang.release.lib : sciclient.obj (.text.Sciclient_configPrmsInit)
                  43c0c024    00000008     nortos.am62x.r5f.ti-arm-clang.release.lib : HwiP_armv7r_asm.obj (.tramp.HwiP_enable.1)
                  43c0c02c    00000004     --HOLE-- [fill = 0]
                  43c0c030    0000006e     drivers.am62x.r5f.ti-arm-clang.release.lib : ddr_soc.obj (.text.DDR_programHSDIV)
                  43c0c09e    00000002     --HOLE-- [fill = 0]
                  43c0c0a0    0000006e                                                : lpddr4.obj (.text.LPDDR4_Start)
                  43c0c10e    00000002     --HOLE-- [fill = 0]
                  43c0c110    0000006e                                                : soc.obj (.text.SOC_moduleClockEnable)
                  43c0c17e    0000006e     rm_pm_hal_sbl.am62x.r5f.ti-arm-clang.release.lib : rm_core.obj (.text.core_resasg_get_range)
                  43c0c1ec    00000004     --HOLE-- [fill = 0]
                  43c0c1f0    0000006c     drivers.am62x.r5f.ti-arm-clang.release.lib : bootloader.obj (.text.Bootloader_findSeq)
                  43c0c25c    00000004     --HOLE-- [fill = 0]
                  43c0c260    0000006c     nortos.am62x.r5f.ti-arm-clang.release.lib : ClockP_nortos.obj (.text.ClockP_timerTickIsr)
                  43c0c2cc    00000004     --HOLE-- [fill = 0]
                  43c0c2d0    0000006c     drivers.am62x.r5f.ti-arm-clang.release.lib : uart_v0.obj (.text.UART_writeCancelNoCB)
                  43c0c33c    0000006c     rm_pm_hal_sbl.am62x.r5f.ti-arm-clang.release.lib : clk_mux.obj (.text.clk_mux_get_parent)
                  43c0c3a8    0000006c                                                      : device_clk.obj (.text.device_clk_init)
                  43c0c414    0000006c                                                      : device_clk.obj (.text.get_dev_clk)
                  43c0c480    0000006c                                                      : psc.obj (.text.lpsc_module_set_reset_iso)
                  43c0c4ec    0000006a                                                      : rm_ia.obj (.text.ia_unmap_clear_rom_mapping)
                  43c0c556    00000002     --HOLE-- [fill = 0]
                  43c0c558    00000008     nortos.am62x.r5f.ti-arm-clang.release.lib : HwiP_armv7r_asm.obj (.tramp.HwiP_restore.1)
                  43c0c560    00000068                                               : AddrTranslateP.obj (.text.AddrTranslateP_getLocalAddr)
                  43c0c5c8    00000008     --HOLE-- [fill = 0]
                  43c0c5d0    00000068     drivers.am62x.r5f.ti-arm-clang.release.lib : bootloader_soc.obj (.text.Bootloader_socCpuRelease)
                  43c0c638    00000068     rm_pm_hal_sbl.am62x.r5f.ti-arm-clang.release.lib : rm_core.obj (.text.rm_core_validate_devgrp)
                  43c0c6a0    00000068                                                      : rm_ir.obj (.text.rm_ir_get_outp)
                  43c0c708    00000008     --HOLE-- [fill = 0]
                  43c0c710    00000066     drivers.am62x.r5f.ti-arm-clang.release.lib : bootloader_soc.obj (.text.Bootloader_socCpuRequest)
                  43c0c776    0000000a     --HOLE-- [fill = 0]
                  43c0c780    00000064                                                : bootloader_soc.obj (.text.Bootloader_socCpuGetClock)
                  43c0c7e4    0000000c     --HOLE-- [fill = 0]
                  43c0c7f0    00000064                                                : bootloader_soc.obj (.text.Bootloader_socMemInitCpu)
                  43c0c854    00000064     sciclient_direct_sbl.am62x.r5f.ti-arm-clang.release.lib : sciclient_procboot.obj (.text.Sciclient_procBootSetSequenceCtrl)
                  43c0c8b8    00000064     rm_pm_hal_sbl.am62x.r5f.ti-arm-clang.release.lib : clk_div.obj (.text.clk_div_reg_get_div)
                  43c0c91c    00000064                                                      : clk_pll_16fft.obj (.text.clk_pll_16fft_get_state)
                  43c0c980    00000064                                                      : psc.obj (.text.lpsc_module_clk_put)
                  43c0c9e4    00000064                                                      : resource.obj (.text.resource_get)
                  43c0ca48    00000064                                                      : rm_core.obj (.text.rm_core_resasg_get_utype_index)
                  43c0caac    00000062     sciclient_direct_sbl.am62x.r5f.ti-arm-clang.release.lib : sciclient.obj (.text.Sciclient_setDebugConfig)
                  43c0cb0e    00000002     --HOLE-- [fill = 0]
                  43c0cb10    00000060                                                             : sciclient_direct_wrapper.obj (.text.Sciclient_direct_init)
                  43c0cb70    00000060                                                             : sciclient_pm.obj (.text.Sciclient_pmSetModuleState)
                  43c0cbd0    00000060     rm_pm_hal_sbl.am62x.r5f.ti-arm-clang.release.lib : clk.obj (.text.clk_notify_freq)
                  43c0cc30    00000060                                                      : device_psc.obj (.text.soc_device_get_state)
                  43c0cc90    0000005e     drivers.am62x.r5f.ti-arm-clang.release.lib : bootloader.obj (.text.Bootloader_runCpu)
                  43c0ccee    0000005e     sciclient_direct_sbl.am62x.r5f.ti-arm-clang.release.lib : sciclient_procboot.obj (.text.Sciclient_procBootAuthAndStart)
                  43c0cd4c    0000005e     rm_pm_hal_sbl.am62x.r5f.ti-arm-clang.release.lib : rm_ra.obj (.text.ra_check_monitor_index_range)
                  43c0cdaa    0000005c     sciclient_direct_sbl.am62x.r5f.ti-arm-clang.release.lib : sciclient_procboot.obj (.text.Sciclient_procBootReleaseProcessor)
                  43c0ce06    0000000a     --HOLE-- [fill = 0]
                  43c0ce10    0000005c     nortos.am62x.r5f.ti-arm-clang.release.lib : DebugP_log.obj (.text._DebugP_assert)
                  43c0ce6c    0000005c     rm_pm_hal_sbl.am62x.r5f.ti-arm-clang.release.lib : clk_div.obj (.text.clk_div_reg_go_get_div)
                  43c0cec8    0000005c                                                      : clk_pllctrl.obj (.text.clk_pllctrl_mux_get_parent)
                  43c0cf24    0000005c                                                      : device_clk.obj (.text.device_clk_get_hw_ready)
                  43c0cf80    0000005c                                                      : clock.obj (.text.get_freq_handler)
                  43c0cfdc    0000005c                                                      : device_process.obj (.text.set_device_resets_handler)
                  43c0d038    0000005c                                                      : device_psc.obj (.text.soc_device_disable)
                  43c0d094    00000058     sciclient_direct_sbl.am62x.r5f.ti-arm-clang.release.lib : sciclient_procboot.obj (.text.Sciclient_procBootGetProcessorState)
                  43c0d0ec    00000058     rm_pm_hal_sbl.am62x.r5f.ti-arm-clang.release.lib : itoa.obj (.text.lib_itoa)
                  43c0d144    00000058                                                      : mmr_lock.obj (.text.mmr_unlock_all)
                  43c0d19c    00000058                                                      : pll.obj (.text.pll_init)
                  43c0d1f4    00000058                                                      : rm_udmap.obj (.text.udmap_get_inst)
                  43c0d24c    00000004     --HOLE-- [fill = 0]
                  43c0d250    00000056     drivers.am62x.r5f.ti-arm-clang.release.lib : uart_dma.obj (.text.UART_dmaDisableChannel)
                  43c0d2a6    00000054     sciclient_direct_sbl.am62x.r5f.ti-arm-clang.release.lib : sciclient_pm.obj (.text.Sciclient_pmSetModuleRst)
                  43c0d2fa    00000054                                                             : sciclient_procboot.obj (.text.Sciclient_procBootRequestProcessor)
                  43c0d34e    00000002     --HOLE-- [fill = 0]
                  43c0d350    00000054     drivers.am62x.r5f.ti-arm-clang.release.lib : uart_dma.obj (.text.UART_dmaClose)
                  43c0d3a4    00000054     rm_pm_hal_sbl.am62x.r5f.ti-arm-clang.release.lib : clk_div.obj (.text.clk_div_init)
                  43c0d3f8    00000054                                                      : device_clk.obj (.text.device_clk_set_freq_change)
                  43c0d44c    00000054                                                      : device_clk.obj (.text.device_clk_set_ssc)
                  43c0d4a0    00000054                                                      : psc.obj (.text.lpsc_module_get_local_reset)
                  43c0d4f4    00000054                                                      : rm_irq.obj (.text.rm_irq_oes_src_register)
                  43c0d548    00000054                                                      : device_psc.obj (.text.soc_device_enable)
                  43c0d59c    00000052                                                      : rm_ra.obj (.text.ra_clear_rom_oes)
                  43c0d5ee    00000002     --HOLE-- [fill = 0]
                  43c0d5f0    00000050     nortos.am62x.r5f.ti-arm-clang.release.lib : ClockP_nortos.obj (.text.ClockP_addToList)
                  43c0d640    00000050                                               : ClockP_nortos.obj (.text.ClockP_construct)
                  43c0d690    00000050     sciclient_direct_sbl.am62x.r5f.ti-arm-clang.release.lib : sciclient.obj (.text.Sciclient_serviceGetPayloadSize)
                  43c0d6e0    00000050     rm_pm_hal_sbl.am62x.r5f.ti-arm-clang.release.lib : clk_pll_16fft.obj (.text.clk_pll_16fft_postdiv_get_div)
                  43c0d730    00000050                                                      : device_psc.obj (.text.soc_device_get_context_loss_count)
                  43c0d780    00000050                                                      : device_psc.obj (.text.soc_device_set_resets)
                  43c0d7d0    00000050                                                      : rm_udmap.obj (.text.udmap_validate_burst_size)
                  43c0d820    00000050     libc.a : autoinit.c.obj (.text:__TI_auto_init_nobinit_nopinit)
                  43c0d870    0000004e     drivers.am62x.r5f.ti-arm-clang.release.lib : bootloader_soc.obj (.text.Bootloader_socTranslateSectionAddr)
                  43c0d8be    00000002     --HOLE-- [fill = 0]
                  43c0d8c0    0000004e                                                : lpddr4.obj (.text.LPDDR4_ReadReg)
                  43c0d90e    0000004e     sciclient_direct_sbl.am62x.r5f.ti-arm-clang.release.lib : sciclient.obj (.text.Sciclient_abiCheck)
                  43c0d95c    0000004e     rm_pm_hal_sbl.am62x.r5f.ti-arm-clang.release.lib : device_psc.obj (.text.soc_device_verify_mapping)
                  43c0d9aa    00000006     --HOLE-- [fill = 0]
                  43c0d9b0    0000004c     nortos.am62x.r5f.ti-arm-clang.release.lib : ClockP_nortos.obj (.text.ClockP_getTimeUsec)
                  43c0d9fc    00000004     --HOLE-- [fill = 0]
                  43c0da00    0000004c     ti_drivers_open_close.obj (.text.Drivers_uartOpen)
                  43c0da4c    0000004c     sciclient_direct_sbl.am62x.r5f.ti-arm-clang.release.lib : sciclient.obj (.text.Sciclient_deinit)
                  43c0da98    0000004c                                                             : sciclient_boardcfg.obj (.text.Sciclient_getDefaultBoardCfgInfo)
                  43c0dae4    0000004c                                                             : sciclient_procboot.obj (.text.Sciclient_procBootSetProcessorCfg)
                  43c0db30    0000004c     rm_pm_hal_sbl.am62x.r5f.ti-arm-clang.release.lib : clk_pll_16fft.obj (.text.clk_pll_16fft_cal_option4)
                  43c0db7c    0000004c                                                      : psc.obj (.text.lpsc_module_get_reset_iso)
                  43c0dbc8    0000004c                                                      : rm_ra.obj (.text.ra_get_inst)
                  43c0dc14    0000004c                                                      : device_psc.obj (.text.soc_device_get_resets)
                  43c0dc60    0000004c                                                      : device_psc.obj (.text.soc_device_ret_disable)
                  43c0dcac    0000004c                                                      : device_psc.obj (.text.soc_device_ret_enable)
                  43c0dcf8    00000008     --HOLE-- [fill = 0]
                  43c0dd00    0000004a     drivers.am62x.r5f.ti-arm-clang.release.lib : soc.obj (.text.SOC_controlModuleUnlockMMR)
                  43c0dd4a    00000006     --HOLE-- [fill = 0]
                  43c0dd50    00000048                                                : lpddr4.obj (.text.LPDDR4_WritePhyIndepConfig)
                  43c0dd98    00000048     sciclient_direct_sbl.am62x.r5f.ti-arm-clang.release.lib : sciclient.obj (.text.Sciclient_getCurrentContext)
                  43c0dde0    00000048     rm_pm_hal_sbl.am62x.r5f.ti-arm-clang.release.lib : clk_pll_16fft.obj (.text.clk_pll_16fft_bypass)
                  43c0de28    00000048                                                      : clk.obj (.text.clk_put)
                  43c0de70    00000048                                                      : device_clk.obj (.text.get_dev_clk_data)
                  43c0deb8    00000008     --HOLE-- [fill = 0]
                  43c0dec0    00000046     drivers.am62x.r5f.ti-arm-clang.release.lib : lpddr4.obj (.text.LPDDR4_WritePhyConfig)
                  43c0df06    0000000a     --HOLE-- [fill = 0]
                  43c0df10    00000046                                                : bootloader_xmodem.obj (.text._inbyte)
                  43c0df56    00000046     rm_pm_hal_sbl.am62x.r5f.ti-arm-clang.release.lib : rm_irq.obj (.text.irq_cfg_is_ia_cfg)
                  43c0df9c    00000046                                                      : rm_irq.obj (.text.irq_cfg_is_ir_cfg)
                  43c0dfe2    00000046                                                      : rm_irq.obj (.text.irq_cfg_is_oes_only)
                  43c0e028    00000008     --HOLE-- [fill = 0]
                  43c0e030    00000044     drivers.am62x.r5f.ti-arm-clang.release.lib : bootloader.obj (.text.Bootloader_loadCpu)
                  43c0e074    00000044     sciclient_direct_sbl.am62x.r5f.ti-arm-clang.release.lib : sciclient_direct_wrapper.obj (.text.Sciclient_waitForBootNotification)
                  43c0e0b8    00000044     rm_pm_hal_sbl.am62x.r5f.ti-arm-clang.release.lib : dmsc.obj (.text.am62x_sys_reset_handler)
                  43c0e0fc    00000044                                                      : clk.obj (.text.clk_get_state)
                  43c0e140    00000044                                                      : rm_ia.obj (.text.rm_ia_is_managed_resasg_utype)
                  43c0e184    00000042                                                      : device_clk.obj (.text.device_clk_disable)
                  43c0e1c6    00000042                                                      : device_clk.obj (.text.device_clk_enable)
                  43c0e208    00000008     --HOLE-- [fill = 0]
                  43c0e210    00000040     nortos.am62x.r5f.ti-arm-clang.release.lib : ClockP_nortos.obj (.text.ClockP_stop)
                  43c0e250    00000040     ti_dpl_config.obj (.text.Dpl_init)
                  43c0e290    00000040     drivers.am62x.r5f.ti-arm-clang.release.lib : lpddr4.obj (.text.LPDDR4_WriteCtlConfig)
                  43c0e2d0    00000040     nortos.am62x.r5f.ti-arm-clang.release.lib : SemaphoreP_nortos.obj (.text.SemaphoreP_constructBinary)
                  43c0e310    00000040     rm_pm_hal_sbl.am62x.r5f.ti-arm-clang.release.lib : clk_mux.obj (.text.clk_get_parent)
                  43c0e350    00000040                                                      : psc.obj (.text.pd_initiate)
                  43c0e390    00000040                                                      : rm_irq.obj (.text.rm_irq_is_managed_resasg_utype)
                  43c0e3d0    00000040                                                      : device_psc.obj (.text.soc_device_set_reset_iso)
                  43c0e410    00000040                                                      : trace.obj (.text.trace_debug_internal)
                  43c0e450    0000003e     drivers.am62x.r5f.ti-arm-clang.release.lib : bootloader.obj (.text.Bootloader_open)
                  43c0e48e    00000002     --HOLE-- [fill = 0]
                  43c0e490    0000003e     nortos.am62x.r5f.ti-arm-clang.release.lib : SemaphoreP_nortos.obj (.text.SemaphoreP_constructMutex)
                  43c0e4ce    0000003e     rm_pm_hal_sbl.am62x.r5f.ti-arm-clang.release.lib : device_clk.obj (.text.device_clk_get_num_parents)
                  43c0e50c    0000003e                                                      : device_psc.obj (.text.soc_device_ret_enable_internal)
                  43c0e54a    0000003e                                                      : rm_udmap.obj (.text.udmap_validate_chan_type)
                  43c0e588    0000003c                                                      : device_pm.obj (.text.device_disable)
                  43c0e5c4    0000003c                                                      : rm_ir.obj (.text.ir_get_inst)
                  43c0e600    0000003c                                                      : psc.obj (.text.lpsc_module_clk_get)
                  43c0e63c    0000003c                                                      : mmr_lock.obj (.text.mmr_unlock)
                  43c0e678    0000003c                                                      : psc.obj (.text.psc_lookup_lpsc)
                  43c0e6b4    0000003c                                                      : device_psc.obj (.text.soc_device_get_reset_iso)
                  43c0e6f0    0000003c                                                      : device_psc.obj (.text.soc_device_ret_disable_internal)
                  43c0e72c    00000004     --HOLE-- [fill = 0]
                  43c0e730    0000003a     main.obj (.text.App_loadImages)
                  43c0e76a    00000006     --HOLE-- [fill = 0]
                  43c0e770    0000003a     nortos.am62x.r5f.ti-arm-clang.release.lib : ClockP_nortos.obj (.text.ClockP_destruct)
                  43c0e7aa    00000006     --HOLE-- [fill = 0]
                  43c0e7b0    0000003a                                               : DebugP_uartLogWriter.obj (.text.DebugP_uartLogWriterPutChar)
                  43c0e7ea    00000006     --HOLE-- [fill = 0]
                  43c0e7f0    0000003a     drivers.am62x.r5f.ti-arm-clang.release.lib : uart_dma.obj (.text.UART_dmaOpen)
                  43c0e82a    0000003a     rm_pm_hal_sbl.am62x.r5f.ti-arm-clang.release.lib : boardcfg-user.obj (.text.boardcfg_pm_receive_and_validate)
                  43c0e864    0000000c     --HOLE-- [fill = 0]
                  43c0e870    00000038     drivers.am62x.r5f.ti-arm-clang.release.lib : bootloader.obj (.text.Bootloader_getX509CertLen)
                  43c0e8a8    00000008     --HOLE-- [fill = 0]
                  43c0e8b0    00000038     nortos.am62x.r5f.ti-arm-clang.release.lib : DebugP_nortos.obj (.text._DebugP_logZone)
                  43c0e8e8    00000038     rm_pm_hal_sbl.am62x.r5f.ti-arm-clang.release.lib : clk.obj (.text.clk_drop_pwr_up_en)
                  43c0e920    00000038                                                      : clk_pll_16fft.obj (.text.clk_pll_16fft_cal_option3)
                  43c0e958    00000038                                                      : clk.obj (.text.clk_value_set_freq)
                  43c0e990    00000038                                                      : device_clk.obj (.text.device_clk_get_freq)
                  43c0e9c8    00000038                                                      : rm_ir.obj (.text.rm_ir_init)
                  43c0ea00    00000036     ti_power_clock_config.obj (.text.Module_clockSetFrequency)
                  43c0ea36    0000000a     --HOLE-- [fill = 0]
                  43c0ea40    00000036     drivers.am62x.r5f.ti-arm-clang.release.lib : bootloader_xmodem.obj (.text._outbyte)
                  43c0ea76    0000000a     --HOLE-- [fill = 0]
                  43c0ea80    00000034     nortos.am62x.r5f.ti-arm-clang.release.lib : ClockP_nortos.obj (.text.ClockP_start)
                  43c0eab4    0000000c     --HOLE-- [fill = 0]
                  43c0eac0    00000034     drivers.am62x.r5f.ti-arm-clang.release.lib : lpddr4_16bit.obj (.text.LPDDR4_EnablePIInitiator)
                  43c0eaf4    0000000c     --HOLE-- [fill = 0]
                  43c0eb00    00000034                                                : lpddr4.obj (.text.LPDDR4_PollCtlIrq)
                  43c0eb34    0000000c     --HOLE-- [fill = 0]
                  43c0eb40    00000034     ti_drivers_config.obj (.text.System_init)
                  43c0eb74    00000034     sciclient_direct_sbl.am62x.r5f.ti-arm-clang.release.lib : uart_print.obj (.text.UART_dataWrite)
                  43c0eba8    00000034     rm_pm_hal_sbl.am62x.r5f.ti-arm-clang.release.lib : device.obj (.text.devices_init_rw)
                  43c0ebdc    00000034                                                      : psc.obj (.text.psc_lookup)
                  43c0ec10    00000034                                                      : psc.obj (.text.psc_lookup_pd)
                  43c0ec44    00000034                                                      : rm.obj (.text.rm_init)
                  43c0ec78    00000008     --HOLE-- [fill = 0]
                  43c0ec80    00000032     drivers.am62x.r5f.ti-arm-clang.release.lib : bootloader.obj (.text.Bootloader_BootImageInfo_init)
                  43c0ecb2    0000000e     --HOLE-- [fill = 0]
                  43c0ecc0    00000032                                                : bootloader_xmodem.obj (.text.Bootloader_xmodemReceive)
                  43c0ecf2    0000000e     --HOLE-- [fill = 0]
                  43c0ed00    00000032                                                : bootloader_xmodem.obj (.text.Bootloader_xmodemTransmit)
                  43c0ed32    0000000e     --HOLE-- [fill = 0]
                  43c0ed40    00000032     nortos.am62x.r5f.ti-arm-clang.release.lib : ClockP_nortos.obj (.text.ClockP_usleep)
                  43c0ed72    0000000e     --HOLE-- [fill = 0]
                  43c0ed80    00000032                                               : SemaphoreP_nortos.obj (.text.SemaphoreP_post)
                  43c0edb2    00000032     rm_pm_hal_sbl.am62x.r5f.ti-arm-clang.release.lib : device_pm.obj (.text.device_set_retention)
                  43c0ede4    00000030                                                      : clk_fixed.obj (.text.clk_fixed_get_freq)
                  43c0ee14    00000030                                                      : clk.obj (.text.clk_get_freq)
                  43c0ee44    00000030                                                      : clk.obj (.text.clk_get_parent_freq)
                  43c0ee74    00000030                                                      : clk.obj (.text.clk_set_state)
                  43c0eea4    00000030                                                      : trace-uart.obj (.text.trace_debug_uart)
                  43c0eed4    0000000c     --HOLE-- [fill = 0]
                  43c0eee0    0000002e     main.obj (.text.App_loadSelfcoreImage)
                  43c0ef0e    00000002     --HOLE-- [fill = 0]
                  43c0ef10    0000002e     drivers.am62x.r5f.ti-arm-clang.release.lib : ddr.obj (.text.DDR_setFreq)
                  43c0ef3e    00000002     --HOLE-- [fill = 0]
                  43c0ef40    0000002e     ti_power_clock_config.obj (.text.Module_clockDisable)
                  43c0ef6e    00000002     --HOLE-- [fill = 0]
                  43c0ef70    0000002e     ti_power_clock_config.obj (.text.Module_clockEnable)
                  43c0ef9e    00000002     --HOLE-- [fill = 0]
                  43c0efa0    0000002e     drivers.am62x.r5f.ti-arm-clang.release.lib : uart_v0.obj (.text.UART_getHandle)
                  43c0efce    0000002e     rm_pm_hal_sbl.am62x.r5f.ti-arm-clang.release.lib : clk_pll_16fft.obj (.text.clk_pll_16fft_set_state)
                  43c0effc    00000004     --HOLE-- [fill = 0]
                  43c0f000    0000002c     drivers.am62x.r5f.ti-arm-clang.release.lib : bootloader_soc.obj (.text.Bootloader_socIsMCUResetIsoEnabled)
                  43c0f02c    0000002c     sciclient_direct_sbl.am62x.r5f.ti-arm-clang.release.lib : sciclient_secureproxy.obj (.text.Sciclient_flush)
                  43c0f058    0000002c     rm_pm_hal_sbl.am62x.r5f.ti-arm-clang.release.lib : clk_div.obj (.text.clk_get_div)
                  43c0f084    0000002c                                                      : clk.obj (.text.clk_lookup)
                  43c0f0b0    0000002c                                                      : clk_div.obj (.text.clk_lookup)
                  43c0f0dc    0000002c                                                      : clk_mux.obj (.text.clk_lookup)
                  43c0f108    0000002c                                                      : clk_pll_16fft.obj (.text.clk_lookup)
                  43c0f134    0000002c                                                      : device_clk.obj (.text.clk_lookup)
                  43c0f160    0000002c                                                      : psc.obj (.text.clk_lookup)
                  43c0f18c    00000004     --HOLE-- [fill = 0]
                  43c0f190    0000002c     drivers.am62x.r5f.ti-arm-clang.release.lib : crc16.obj (.text.crc16_ccitt)
                  43c0f1bc    0000002c     rm_pm_hal_sbl.am62x.r5f.ti-arm-clang.release.lib : psc.obj (.text.device_lookup)
                  43c0f1e8    0000002c                                                      : rm_irq.obj (.text.irq_is_evt_src)
                  43c0f214    0000002c                                                      : psc.obj (.text.lpsc_module_get_state)
                  43c0f240    0000002a     drivers.am62x.r5f.ti-arm-clang.release.lib : soc.obj (.text.SOC_controlModuleLockMMR)
                  43c0f26a    0000002a     rm_pm_hal_sbl.am62x.r5f.ti-arm-clang.release.lib : rm_ir.obj (.text.ir_clear_outp)
                  43c0f294    0000002a                                                      : device_psc.obj (.text.soc_device_get_state_internal)
                  43c0f2be    00000002     --HOLE-- [fill = 0]
                  43c0f2c0    00000028     nortos.am62x.r5f.ti-arm-clang.release.lib : ClockP_nortos.obj (.text.ClockP_sleepTicks)
                  43c0f2e8    00000008     --HOLE-- [fill = 0]
                  43c0f2f0    00000028     drivers.am62x.r5f.ti-arm-clang.release.lib : bootloader_mem.obj (.text.Mem_imgRead)
                  43c0f318    00000008     --HOLE-- [fill = 0]
                  43c0f320    00000028                                                : uart_v0.obj (.text.UART_statusIsDataReady)
                  43c0f348    00000028     rm_pm_hal_sbl.am62x.r5f.ti-arm-clang.release.lib : clk.obj (.text.clk_value_get_freq)
                  43c0f370    00000028                                                      : fw_caps.obj (.text.query_fw_caps_handler)
                  43c0f398    00000028                                                      : rm_ia.obj (.text.rm_ia_validate_vint)
                  43c0f3c0    00000028                                                      : rm_ir.obj (.text.rm_ir_is_managed_resasg_utype)
                  43c0f3e8    00000028                                                      : rm_ir.obj (.text.rm_ir_validate_output)
                  43c0f410    00000028                                                      : device_psc.obj (.text.soc_device_disable_internal)
                  43c0f438    00000028                                                      : device_psc.obj (.text.soc_device_enable_internal)
                  43c0f460    00000028     libclang_rt.builtins.a : ashldi3.S.obj (.text)
                  43c0f488    00000028                            : lshrdi3.S.obj (.text)
                  43c0f4b0    00000026     drivers.am62x.r5f.ti-arm-clang.release.lib : bootloader_soc.obj (.text.Bootloader_socCpuPowerOnReset)
                  43c0f4d6    0000000a     --HOLE-- [fill = 0]
                  43c0f4e0    00000026     nortos.am62x.r5f.ti-arm-clang.release.lib : ClockP_nortos.obj (.text.ClockP_sleep)
                  43c0f506    00000026     rm_pm_hal_sbl.am62x.r5f.ti-arm-clang.release.lib : rm_udmap.obj (.text.udmap_validate_ch_fetch_size)
                  43c0f52c    00000026                                                      : rm_udmap.obj (.text.udmap_validate_orderid)
                  43c0f552    00000026                                                      : rm_udmap.obj (.text.udmap_validate_priority)
                  43c0f578    00000026                                                      : rm_udmap.obj (.text.udmap_validate_qos)
                  43c0f59e    00000002     --HOLE-- [fill = 0]
                  43c0f5a0    00000024     drivers.am62x.r5f.ti-arm-clang.release.lib : gtc_soc.obj (.text.GTC_setFID)
                  43c0f5c4    00000024     sciclient_direct_sbl.am62x.r5f.ti-arm-clang.release.lib : sciclient_secureproxy.obj (.text.Sciclient_waitThread)
                  43c0f5e8    00000024     rm_pm_hal_sbl.am62x.r5f.ti-arm-clang.release.lib : boardcfg-user.obj (.text.boardcfg_get_rm_devgrp)
                  43c0f60c    00000024                                                      : clk_soc_hfosc0.obj (.text.clk_soc_hfosc0_get_freq)
                  43c0f630    00000024                                                      : map.obj (.text.closest)
                  43c0f654    00000024                                                      : device_prepare.obj (.text.device_prepare_exclusive)
                  43c0f678    00000024                                                      : device_pm.obj (.text.device_suspend)
                  43c0f69c    00000024                                                      : dmsc.obj (.text.dmsc_init)
                  43c0f6c0    00000024                                                      : psc.obj (.text.lpsc_module_idx)
                  43c0f6e4    00000024                                                      : osal_glue.obj (.text.osal_delay)
                  43c0f708    00000024                                                      : rm_ia.obj (.text.rm_ia_vint_get_info)
                  43c0f72c    00000024                                                      : rm_irq.obj (.text.rm_irq_init)
                  43c0f750    00000024                                                      : rm_udmap.obj (.text.udmap_validate_atype)
                  43c0f774    00000024                                                      : rm_udmap.obj (.text.udmap_validate_ch_pause_on_err)
                  43c0f798    00000024                                                      : rm_udmap.obj (.text.udmap_validate_sched_priority)
                  43c0f7bc    00000004     --HOLE-- [fill = 0]
                  43c0f7c0    00000024     nortos.am62x.r5f.ti-arm-clang.release.lib : printf.obj (.text.vprintf_)
                  43c0f7e4    00000024     libclang_rt.builtins.a : aeabi_uldivmod.S.obj (.text)
                  43c0f808    00000008     --HOLE-- [fill = 0]
                  43c0f810    00000022     drivers.am62x.r5f.ti-arm-clang.release.lib : ddr_soc.obj (.text.DDR_ResetDDR_PLL)
                  43c0f832    0000000e     --HOLE-- [fill = 0]
                  43c0f840    00000022     ti_pinmux_config.obj (.text.Pinmux_init)
                  43c0f862    00000022     rm_pm_hal_sbl.am62x.r5f.ti-arm-clang.release.lib : clk.obj (.text.clk_ssc_allow)
                  43c0f884    00000022                                                      : device_clk.obj (.text.device_clk_set_input_term)
                  43c0f8a6    00000022                                                      : rm_ir.obj (.text.ir_get_inp)
                  43c0f8c8    00000022                                                      : clk_div.obj (.text.pm_writel_verified)
                  43c0f8ea    00000022                                                      : clk_pll_16fft.obj (.text.pm_writel_verified)
                  43c0f90c    00000004     --HOLE-- [fill = 0]
                  43c0f910    00000020     drivers.am62x.r5f.ti-arm-clang.release.lib : bootloader_soc.obj (.text.Bootloader_socGetCoreName)
                  43c0f930    00000020                                                : bootloader_soc.obj (.text.Bootloader_socRprcToCslCoreId)
                  43c0f950    00000020     nortos.am62x.r5f.ti-arm-clang.release.lib : DebugP_log.obj (.text.DebugP_logZoneEnable)
                  43c0f970    00000020     sciclient_direct_sbl.am62x.r5f.ti-arm-clang.release.lib : sciclient_direct.obj (.text.Sciclient_query_fw_caps_handler)
                  43c0f990    00000020     ti_drivers_config.obj (.text.System_deinit)
                  43c0f9b0    00000020     nortos.am62x.r5f.ti-arm-clang.release.lib : TimerP.obj (.text.TimerP_Params_init)
                  43c0f9d0    00000020     rm_pm_hal_sbl.am62x.r5f.ti-arm-clang.release.lib : clk_div.obj (.text.clk_div_fixed_get_div)
                  43c0f9f0    00000020                                                      : clk.obj (.text.clk_ssc_block)
                  43c0fa10    00000020                                                      : rm_ia.obj (.text.ia_get_inst)
                  43c0fa30    00000020                                                      : clk_pll_16fft.obj (.text.pll_16fft_pllm_valid)
                  43c0fa50    00000020                                                      : device_psc.obj (.text.soc_device_get_context_loss_count_internal)
                  43c0fa70    0000001e                                                      : resource.obj (.text.device_resource_mem)
                  43c0fa8e    0000001e                                                      : psc.obj (.text.psc_pd_clk_put)
                  43c0faac    0000001e                                                      : core.obj (.text.sys_reset_handler)
                  43c0faca    0000001e                                                      : map.obj (.text.u32map_get)
                  43c0fae8    00000008     --HOLE-- [fill = 0]
                  43c0faf0    0000001c     drivers.am62x.r5f.ti-arm-clang.release.lib : bootloader.obj (.text.Bootloader_JumpSelfCpu)
                  43c0fb0c    00000004     --HOLE-- [fill = 0]
                  43c0fb10    0000001c                                                : bootloader_soc.obj (.text.Bootloader_socCpuGetClkDefault)
                  43c0fb2c    00000004     --HOLE-- [fill = 0]
                  43c0fb30    0000001c                                                : bootloader_soc.obj (.text.Bootloader_socIsAuthRequired)
                  43c0fb4c    00000004     --HOLE-- [fill = 0]
                  43c0fb50    0000001c                                                : bootloader_mem.obj (.text.Mem_imgOpen)
                  43c0fb6c    0000001c     sciclient_direct_sbl.am62x.r5f.ti-arm-clang.release.lib : sciclient_secureproxy.obj (.text.Sciclient_readThread32)
                  43c0fb88    00000008     --HOLE-- [fill = 0]
                  43c0fb90    0000001c     nortos.am62x.r5f.ti-arm-clang.release.lib : boot_armv7r.obj (.text._system_pre_init)
                  43c0fbac    0000001c     rm_pm_hal_sbl.am62x.r5f.ti-arm-clang.release.lib : rm_irq.obj (.text.irq_oes_src_lookup)
                  43c0fbc8    0000001c                                                      : psc.obj (.text.psc_read)
                  43c0fbe4    0000001c                                                      : sleep.obj (.text.sleep_modes_register)
                  43c0fc00    0000001c     libsysbm.a : memcpy32.S.obj (.text:TI_memcpy_small)
                  43c0fc1c    0000001c     libclang_rt.builtins.a : aeabi_memset.S.obj (.text)
                  43c0fc38    00000008     --HOLE-- [fill = 0]
                  43c0fc40    0000001a     drivers.am62x.r5f.ti-arm-clang.release.lib : uart_v0.obj (.text.UART_deinit)
                  43c0fc5a    00000006     --HOLE-- [fill = 0]
                  43c0fc60    0000001a                                                : uart_dma.obj (.text.UART_readInterruptDma)
                  43c0fc7a    00000006     --HOLE-- [fill = 0]
                  43c0fc80    0000001a                                                : uart_dma.obj (.text.UART_writeInterruptDma)
                  43c0fc9a    0000001a     rm_pm_hal_sbl.am62x.r5f.ti-arm-clang.release.lib : notifier.obj (.text.notifier_call)
                  43c0fcb4    0000001a                                                      : psc.obj (.text.psc_write)
                  43c0fcce    00000002     --HOLE-- [fill = 0]
                  43c0fcd0    00000018     drivers.am62x.r5f.ti-arm-clang.release.lib : bootloader_soc.obj (.text.Bootloader_socAuthImage)
                  43c0fce8    00000008     --HOLE-- [fill = 0]
                  43c0fcf0    00000018     ti_drivers_open_close.obj (.text.Drivers_close)
                  43c0fd08    00000008     --HOLE-- [fill = 0]
                  43c0fd10    00000018     drivers.am62x.r5f.ti-arm-clang.release.lib : lpddr4.obj (.text.LPDDR4_Init)
                  43c0fd28    00000018     rm_pm_hal_sbl.am62x.r5f.ti-arm-clang.release.lib : boardcfg-user.obj (.text.boardcfg_get_rm_resasg_size)
                  43c0fd40    00000018                                                      : clk_pll_16fft.obj (.text.clk_pll_16fft_postdiv_valid_div)
                  43c0fd58    00000018                                                      : clk_soc_lfosc0.obj (.text.clk_soc_lfosc0_get_freq)
                  43c0fd70    00000018                                                      : device_clk.obj (.text.dev_get_clk)
                  43c0fd88    00000018                                                      : clk_pll_16fft.obj (.text.pll_16fft_clkod_valid)
                  43c0fda0    00000018     libsysbm.a : memset32.S.obj (.text:TI_memset_small)
                  43c0fdb8    00000016     rm_pm_hal_sbl.am62x.r5f.ti-arm-clang.release.lib : clk_div.obj (.text.clk_div_get_freq)
                  43c0fdce    00000016                                                      : clk_pll_16fft.obj (.text.clk_pll_16fft_check_lock)
                  43c0fde4    00000016                                                      : device_clk.obj (.text.device_clk_set_freq)
                  43c0fdfa    00000002     --HOLE-- [fill = 0]
                  43c0fdfc    00000014     sciclient_direct_sbl.am62x.r5f.ti-arm-clang.release.lib : sciclient_secureproxy.obj (.text.Sciclient_readThreadCount)
                  43c0fe10    00000014                                                             : sciclient_secureproxy.obj (.text.Sciclient_verifyThread)
                  43c0fe24    00000014     rm_pm_hal_sbl.am62x.r5f.ti-arm-clang.release.lib : boardcfg-user.obj (.text.boardcfg_get_rm_resasg)
                  43c0fe38    00000014                                                      : clk_pll_16fft.obj (.text.clk_pll_16fft_is_bypass)
                  43c0fe4c    00000014                                                      : device_clk.obj (.text.device_clk_get_freq_change)
                  43c0fe60    00000014                                                      : device_clk.obj (.text.device_clk_get_input_term)
                  43c0fe74    00000014                                                      : device_clk.obj (.text.device_clk_get_ssc)
                  43c0fe88    00000014                                                      : device_clk.obj (.text.device_clk_get_sw_gated)
                  43c0fe9c    00000014                                                      : rm_core.obj (.text.rm_core_unmap_region)
                  43c0feb0    00000014                                                      : sys-reset.obj (.text.system_reset)
                  43c0fec4    0000000c     --HOLE-- [fill = 0]
                  43c0fed0    00000012     drivers.am62x.r5f.ti-arm-clang.release.lib : gtc.obj (.text.GTC_init)
                  43c0fee2    0000000e     --HOLE-- [fill = 0]
                  43c0fef0    00000012     nortos.am62x.r5f.ti-arm-clang.release.lib : TimerP.obj (.text.TimerP_clearOverflowInt)
                  43c0ff02    0000000e     --HOLE-- [fill = 0]
                  43c0ff10    00000010     drivers.am62x.r5f.ti-arm-clang.release.lib : bootloader.obj (.text.Bootloader_close)
                  43c0ff20    00000010                                                : bootloader.obj (.text.Bootloader_getBootMedia)
                  43c0ff30    00000010     nortos.am62x.r5f.ti-arm-clang.release.lib : ClockP_nortos.obj (.text.ClockP_ticksToUsec)
                  43c0ff40    00000010     drivers.am62x.r5f.ti-arm-clang.release.lib : lpddr4.obj (.text.LPDDR4_Probe)
                  43c0ff50    00000010     sciclient_direct_sbl.am62x.r5f.ti-arm-clang.release.lib : sciclient_secureproxy.obj (.text.Sciclient_threadStatusReg)
                  43c0ff60    00000010                                                             : sciclient.obj (.text.Sciclient_utilByteCopy)
                  43c0ff70    00000010     rm_pm_hal_sbl.am62x.r5f.ti-arm-clang.release.lib : device_clk.obj (.text.device_clk_query_freq)
                  43c0ff80    00000010                                                      : device_pm.obj (.text.device_notify)
                  43c0ff90    00000010                                                      : device.obj (.text.pm_devgroup_is_enabled)
                  43c0ffa0    00000010                                                      : device.obj (.text.pm_devgroup_set_enabled)
                  43c0ffb0    00000010                                                      : rm_core.obj (.text.rm_core_map_region)
                  43c0ffc0    0000000e     drivers.am62x.r5f.ti-arm-clang.release.lib : bootloader_soc.obj (.text.Bootloader_socCpuSetEntryPoint)
                  43c0ffce    00000002     --HOLE-- [fill = 0]
                  43c0ffd0    0000000e                                                : gtc_soc.obj (.text.GTC_enable)
                  43c0ffde    00000002     --HOLE-- [fill = 0]
                  43c0ffe0    0000000e     ti_power_clock_config.obj (.text.PowerClock_init)
                  43c0ffee    00000002     --HOLE-- [fill = 0]
                  43c0fff0    0000000c     drivers.am62x.r5f.ti-arm-clang.release.lib : bootloader.obj (.text.Bootloader_Params_init)
                  43c0fffc    00000004     --HOLE-- [fill = 0]
                  43c10000    0000000c                                                : bootloader_soc.obj (.text.Bootloader_socSelfCPUjump)
                  43c1000c    00000004     --HOLE-- [fill = 0]
                  43c10010    0000000c     nortos.am62x.r5f.ti-arm-clang.release.lib : ClockP_nortos.obj (.text.ClockP_getTicks)
                  43c1001c    00000004     --HOLE-- [fill = 0]
                  43c10020    0000000c                                               : DebugP_uartLogWriter.obj (.text.DebugP_uartSetDrvIndex)
                  43c1002c    00000004     --HOLE-- [fill = 0]
                  43c10030    0000000a     drivers.am62x.r5f.ti-arm-clang.release.lib : bootloader_soc.obj (.text.Bootloader_socGetSBLMem)
                  43c1003a    00000006     --HOLE-- [fill = 0]
                  43c10040    0000000a                                                : csl_sec_proxy.obj (.text.CSL_secProxyGetDataAddr)
                  43c1004a    00000006     --HOLE-- [fill = 0]
                  43c10050    0000000a     nortos.am62x.r5f.ti-arm-clang.release.lib : ClockP_nortos.obj (.text.ClockP_Params_init)
                  43c1005a    00000006     --HOLE-- [fill = 0]
                  43c10060    0000000a                                               : ClockP_nortos.obj (.text.ClockP_isActive)
                  43c1006a    00000006     --HOLE-- [fill = 0]
                  43c10070    0000000a                                               : TimerP.obj (.text.TimerP_start)
                  43c1007a    00000006     --HOLE-- [fill = 0]
                  43c10080    00000008     drivers.am62x.r5f.ti-arm-clang.release.lib : soc.obj (.text.SOC_moduleGetClockFrequency)
                  43c10088    00000008     --HOLE-- [fill = 0]
                  43c10090    00000008     nortos.am62x.r5f.ti-arm-clang.release.lib : printf.obj (.text._out_char)
                  43c10098    00000008     --HOLE-- [fill = 0]
                  43c100a0    00000004     ti_board_open_close.obj (.text.Board_driversOpen)
                  43c100a4    0000000c     --HOLE-- [fill = 0]
                  43c100b0    00000004     drivers.am62x.r5f.ti-arm-clang.release.lib : bootloader_soc.obj (.text.Bootloader_socWaitForFWBoot)
                  43c100b4    0000000c     --HOLE-- [fill = 0]
                  43c100c0    00000004                                                : lpddr4.obj (.text.CPS_UncachedRead32)
                  43c100c4    0000000c     --HOLE-- [fill = 0]
                  43c100d0    00000004                                                : lpddr4.obj (.text.CPS_UncachedWrite32)
                  43c100d4    0000000c     --HOLE-- [fill = 0]
                  43c100e0    00000004     nortos.am62x.r5f.ti-arm-clang.release.lib : ClockP_nortos_r5.obj (.text.ClockP_getTimerCount)
                  43c100e4    0000000c     --HOLE-- [fill = 0]
                  43c100f0    00000004                                               : ClockP_nortos_r5.obj (.text.ClockP_timerClearOverflowInt)
                  43c100f4    0000000c     --HOLE-- [fill = 0]
                  43c10100    00000004     ti_drivers_open_close.obj (.text.Drivers_open)
                  43c10104    0000000c     --HOLE-- [fill = 0]
                  43c10110    00000004     drivers.am62x.r5f.ti-arm-clang.release.lib : bootloader_mem.obj (.text.Mem_imgGetCurOffset)
                  43c10114    0000000c     --HOLE-- [fill = 0]
                  43c10120    00000004                                                : bootloader_mem.obj (.text.Mem_imgSeek)
                  43c10124    0000000c     --HOLE-- [fill = 0]
                  43c10130    00000004     ti_power_clock_config.obj (.text.PowerClock_deinit)
                  43c10134    0000000c     --HOLE-- [fill = 0]
                  43c10140    00000004     nortos.am62x.r5f.ti-arm-clang.release.lib : TimerP.obj (.text.TimerP_getCount)
                  43c10144    0000000c     --HOLE-- [fill = 0]
                  43c10150    00000004                                               : TimerP.obj (.text.TimerP_getReloadCount)
                  43c10154    0000000c     --HOLE-- [fill = 0]
                  43c10160    00000004     libclang_rt.builtins.a : aeabi_div0.c.obj (.text.__aeabi_ldiv0)
                  43c10164    0000000c     --HOLE-- [fill = 0]
                  43c10170    00000004     ti_dpl_config.obj (.text.putchar_)
                  43c10174    0000000c     --HOLE-- [fill = 0]
                  43c10180    00000002     drivers.am62x.r5f.ti-arm-clang.release.lib : ddr_soc.obj (.text.DDR_socEnableVttRegulator)
                  43c10182    0000000e     --HOLE-- [fill = 0]
                  43c10190    00000002     ti_dpl_config.obj (.text.Dpl_deinit)
                  43c10192    0000000e     --HOLE-- [fill = 0]
                  43c101a0    00000002     drivers.am62x.r5f.ti-arm-clang.release.lib : bootloader_mem.obj (.text.Mem_imgClose)
                  43c101a2    0000000e     --HOLE-- [fill = 0]
                  43c101b0    00000002     nortos.am62x.r5f.ti-arm-clang.release.lib : SemaphoreP_nortos.obj (.text.SemaphoreP_destruct)
                  43c101b2    0000000e     --HOLE-- [fill = 0]
                  43c101c0    00000002                                               : TaskP_nortos.obj (.text.TaskP_yield)
                  43c101c2    0000000e     --HOLE-- [fill = 0]
                  43c101d0    00000002                                               : printf.obj (.text._out_null)
                  43c101d2    0000000e     --HOLE-- [fill = 0]

.const     0    43c101e0    00001728     
                  43c101e0    00001328     rm_pm_hal_sbl.am62x.r5f.ti-arm-clang.release.lib : devices.obj (.const.devgroup.MAIN)
                  43c11508    000003f6                                                      : devices.obj (.const.devgroup.MCU_WAKEUP)
                  43c118fe    0000000a                                                      : devices.obj (.const.devgroup.TIFS_INTERNAL)

.text.hwi 
*          0    43c11910    00000790     
                  43c11910    00000452     nortos.am62x.r5f.ti-arm-clang.release.lib : HwiP_armv7r_vim.obj (.text.hwi)
                  43c11d62    00000002     --HOLE-- [fill = 0]
                  43c11d64    00000008                                               : HwiP_armv7r_asm.obj (.tramp.HwiP_enableFIQ.1)
                  43c11d6c    00000004     --HOLE-- [fill = 0]
[...]
43c0c1f1  Bootloader_findSeq                   
43c0c261  ClockP_timerTickIsr                  
43c0c3a9  device_clk_init                      
43c0c415  get_dev_clk                          
43c0c481  lpsc_module_set_reset_iso            
43c0c561  AddrTranslateP_getLocalAddr          
43c0c5d1  Bootloader_socCpuRelease             
43c0c639  rm_core_validate_devgrp              
43c0c6a1  rm_ir_get_outp                       
43c0c711  Bootloader_socCpuRequest             
43c0c781  Bootloader_socCpuGetClock            
43c0c7f1  Bootloader_socMemInitCpu             
43c0c855  Sciclient_procBootSetSequenceCtrl    
43c0c8b9  clk_div_reg_get_div                  
43c0ca49  rm_core_resasg_get_utype_index       
43c0caad  Sciclient_setDebugConfig             
43c0cb11  Sciclient_direct_init                
43c0cb71  Sciclient_pmSetModuleState           
43c0cbd1  clk_notify_freq                      
43c0cc31  soc_device_get_state                 
43c0cc91  Bootloader_runCpu                    
43c0ccef  Sciclient_procBootAuthAndStart       
43c0cdab  Sciclient_procBootReleaseProcessor   
43c0ce11  _DebugP_assert                       
43c0ce6d  clk_div_reg_go_get_div               
43c0cf25  device_clk_get_hw_ready              
43c0cf81  get_freq_handler                     
43c0cfdd  set_device_resets_handler            
43c0d039  soc_device_disable                   
43c0d095  Sciclient_procBootGetProcessorState  
43c0d0ed  lib_itoa                             
43c0d145  mmr_unlock_all                       
43c0d19d  pll_init                             
43c0d251  UART_dmaDisableChannel               
43c0d2a7  Sciclient_pmSetModuleRst             
43c0d2fb  Sciclient_procBootRequestProcessor   
43c0d351  UART_dmaClose                        
43c0d3a5  clk_div_init                         
43c0d3f9  device_clk_set_freq_change           
43c0d44d  device_clk_set_ssc                   
43c0d4a1  lpsc_module_get_local_reset          
43c0d4f5  rm_irq_oes_src_register              
43c0d549  soc_device_enable                    
43c0d641  ClockP_construct                     
43c0d691  Sciclient_serviceGetPayloadSize      
43c0d731  soc_device_get_context_loss_count    
43c0d781  soc_device_set_resets                
43c0d820  __TI_auto_init_nobinit_nopinit       
43c0d871  Bootloader_socTranslateSectionAddr   
43c0d8c1  LPDDR4_ReadReg                       
43c0d90f  Sciclient_abiCheck                   
43c0d9b1  ClockP_getTimeUsec                   
43c0da01  Drivers_uartOpen                     
43c0da4d  Sciclient_deinit                     
43c0da99  Sciclient_getDefaultBoardCfgInfo     
43c0dae5  Sciclient_procBootSetProcessorCfg    
43c0db7d  lpsc_module_get_reset_iso            
43c0dc15  soc_device_get_resets                
43c0dc61  soc_device_ret_disable               
43c0dcad  soc_device_ret_enable                
43c0dd01  SOC_controlModuleUnlockMMR           
43c0dd51  LPDDR4_WritePhyIndepConfig           
43c0dd99  Sciclient_getCurrentContext          
43c0de29  clk_put                              
43c0de71  get_dev_clk_data                     
43c0dec1  LPDDR4_WritePhyConfig                
43c0df11  _inbyte                              
43c0e031  Bootloader_loadCpu                   
43c0e075  Sciclient_waitForBootNotification    
43c0e0fd  clk_get_state                        
43c0e141  rm_ia_is_managed_resasg_utype        
43c0e185  device_clk_disable                   
43c0e1c7  device_clk_enable                    
43c0e211  ClockP_stop                          
43c0e251  Dpl_init                             
43c0e291  LPDDR4_WriteCtlConfig                
43c0e2d1  SemaphoreP_constructBinary           
43c0e311  clk_get_parent                       
43c0e391  rm_irq_is_managed_resasg_utype       
43c0e3d1  soc_device_set_reset_iso             
43c0e451  Bootloader_open                      
43c0e491  SemaphoreP_constructMutex            
43c0e4cf  device_clk_get_num_parents           
43c0e589  device_disable                       
43c0e63d  mmr_unlock                           
43c0e679  psc_lookup_lpsc                      
43c0e6b5  soc_device_get_reset_iso             
43c0e731  App_loadImages                       
43c0e771  ClockP_destruct                      
43c0e7b1  DebugP_uartLogWriterPutChar          
43c0e7f1  UART_dmaOpen                         
43c0e82b  boardcfg_pm_receive_and_validate     
43c0e871  Bootloader_getX509CertLen            
43c0e8b1  _DebugP_logZone                      
43c0e8e9  clk_drop_pwr_up_en                   
43c0e959  clk_value_set_freq                   
43c0e991  device_clk_get_freq                  
43c0e9c9  rm_ir_init                           
43c0ea01  Module_clockSetFrequency             
43c0ea41  _outbyte                             
43c0ea81  ClockP_start                         
43c0eac1  LPDDR4_EnablePIInitiator             
43c0eb01  LPDDR4_PollCtlIrq                    
43c0eb41  System_init                          
43c0eba9  devices_init_rw                      
43c0ebdd  psc_lookup                           
43c0ec11  psc_lookup_pd                        
43c0ec45  rm_init                              
43c0ec81  Bootloader_BootImageInfo_init        
43c0ecc1  Bootloader_xmodemReceive             
43c0ed01  Bootloader_xmodemTransmit            
43c0ed41  ClockP_usleep                        
43c0ed81  SemaphoreP_post                      
43c0edb3  device_set_retention                 
43c0ee15  clk_get_freq                         
43c0ee45  clk_get_parent_freq                  
43c0ee75  clk_set_state                        
43c0eea5  trace_debug_uart                     
43c0eee1  App_loadSelfcoreImage                
43c0ef41  Module_clockDisable                  
43c0ef71  Module_clockEnable                   
43c0efa1  UART_getHandle                       
43c0f001  Bootloader_socIsMCUResetIsoEnabled   
43c0f02d  Sciclient_flush                      
43c0f059  clk_get_div                          
43c0f191  crc16_ccitt                          
43c0f215  lpsc_module_get_state                
43c0f241  SOC_controlModuleLockMMR             
43c0f349  clk_value_get_freq                   
43c0f371  query_fw_caps_handler                
43c0f399  rm_ia_validate_vint                  
43c0f3c1  rm_ir_is_managed_resasg_utype        
43c0f3e9  rm_ir_validate_output                
43c0f460  __aeabi_llsl                         
43c0f460  __ashldi3                            
43c0f488  __aeabi_llsr                         
43c0f488  __lshrdi3                            
43c0f4b1  Bootloader_socCpuPowerOnReset        
43c0f4e1  ClockP_sleep                         
43c0f5a1  GTC_setFID                           
43c0f5c5  Sciclient_waitThread                 
43c0f5e9  boardcfg_get_rm_devgrp               
43c0f655  device_prepare_exclusive             
43c0f679  device_suspend                       
43c0f69d  dmsc_init                            
43c0f6c1  lpsc_module_idx                      
43c0f6e5  osal_delay                           
43c0f709  rm_ia_vint_get_info                  
43c0f72d  rm_irq_init                          
43c0f7c1  vprintf_                             
43c0f7e4  __aeabi_uldivmod                     
43c0f811  DDR_ResetDDR_PLL                     
43c0f841  Pinmux_init                          
43c0f863  clk_ssc_allow                        
43c0f885  device_clk_set_input_term            
43c0f911  Bootloader_socGetCoreName            
43c0f931  Bootloader_socRprcToCslCoreId        
43c0f951  DebugP_logZoneEnable                 
43c0f971  Sciclient_query_fw_caps_handler      
43c0f991  System_deinit                        
43c0f9b1  TimerP_Params_init                   
43c0f9f1  clk_ssc_block                        
43c0fa71  device_resource_mem                  
43c0faad  sys_reset_handler                    
43c0facb  u32map_get                           
43c0faf1  Bootloader_JumpSelfCpu               
43c0fb11  Bootloader_socCpuGetClkDefault       
43c0fb31  Bootloader_socIsAuthRequired         
43c0fb6d  Sciclient_readThread32               
43c0fb91  _system_pre_init                     
43c0fbe5  sleep_modes_register                 
43c0fc00  TI_memcpy_small                      
43c0fc1c  __aeabi_memset                       
43c0fc1c  __aeabi_memset4                      
43c0fc1c  __aeabi_memset8                      
43c0fc2c  __aeabi_memclr                       
43c0fc2c  __aeabi_memclr4                      
43c0fc2c  __aeabi_memclr8                      
43c0fc41  UART_deinit                          
43c0fc61  UART_readInterruptDma                
43c0fc81  UART_writeInterruptDma               
43c0fc9b  notifier_call                        
43c0fcd1  Bootloader_socAuthImage              
43c0fcf1  Drivers_close                        
43c0fd11  LPDDR4_Init                          
43c0fd29  boardcfg_get_rm_resasg_size          
43c0fd71  dev_get_clk                          
43c0fda0  TI_memset_small                      
43c0fdb9  clk_div_get_freq                     
43c0fde5  device_clk_set_freq                  
43c0fdfd  Sciclient_readThreadCount            
43c0fe11  Sciclient_verifyThread               
43c0fe25  boardcfg_get_rm_resasg               
43c0fe4d  device_clk_get_freq_change           
43c0fe61  device_clk_get_input_term            
43c0fe75  device_clk_get_ssc                   
43c0fe89  device_clk_get_sw_gated              
43c0fe9d  rm_core_unmap_region                 
43c0feb1  system_reset                         
43c0fed1  GTC_init                             
43c0fef1  TimerP_clearOverflowInt              
43c0ff11  Bootloader_close                     
43c0ff21  Bootloader_getBootMedia              
43c0ff31  ClockP_ticksToUsec                   
43c0ff41  LPDDR4_Probe                         
43c0ff51  Sciclient_threadStatusReg            
43c0ff71  device_clk_query_freq                
43c0ff91  pm_devgroup_is_enabled               
43c0ffa1  pm_devgroup_set_enabled              
43c0ffb1  rm_core_map_region                   
43c0ffc1  Bootloader_socCpuSetEntryPoint       
43c0ffd1  GTC_enable                           
43c0ffe1  PowerClock_init                      
43c0fff1  Bootloader_Params_init               
43c10001  Bootloader_socSelfCPUjump            
43c10011  ClockP_getTicks                      
43c10021  DebugP_uartSetDrvIndex               
43c10031  Bootloader_socGetSBLMem              
43c10041  CSL_secProxyGetDataAddr              
43c10051  ClockP_Params_init                   
43c10061  ClockP_isActive                      
43c10071  TimerP_start                         
43c10081  SOC_moduleGetClockFrequency          
43c100a1  Board_driversOpen                    
43c100b1  Bootloader_socWaitForFWBoot          
43c100c1  CPS_UncachedRead32                   
43c100d1  CPS_UncachedWrite32                  
43c100e1  ClockP_getTimerCount                 
43c100f1  ClockP_timerClearOverflowInt         
43c10101  Drivers_open                         
43c10131  PowerClock_deinit                    
43c10141  TimerP_getCount                      
43c10151  TimerP_getReloadCount                
43c10160  __aeabi_ldiv0                        
43c10171  putchar_                             
43c10181  DDR_socEnableVttRegulator            
43c10191  Dpl_deinit                           
43c101b1  SemaphoreP_destruct                  
43c101c1  TaskP_yield                          
43c11911  HwiP_enableInt                       
43c11941  HwiP_disableInt                      
43c11981  HwiP_restoreInt                      
43c119e1  HwiP_clearInt                        
43c11a01  HwiP_post                            
43c11a31  HwiP_Params_init                     
43c11a51  HwiP_construct                       
43c11ba1  HwiP_destruct                        
43c11c81  HwiP_init                            
43c11d51  HwiP_inISR                           
43c11d71  HwiP_irq_handler_c                   
43c11e01  HwiP_fiq_handler                     
43c11ec1  HwiP_reserved_handler                
43c11ef1  HwiP_undefined_handler               
43c11f21  HwiP_svc_handler                     
43c11f51  HwiP_prefetch_abort_handler          
43c11f81  HwiP_data_abort_handler              
43c11fb0  HwiP_irq_handler                     
43c12028  HwiP_disable                         
43c12038  HwiP_disableFIQ                      
43c12048  HwiP_enable                          
43c12058  HwiP_enableFIQ                       
43c12068  HwiP_restore                         
43c12070  HwiP_enableVIC                       
43c12080  HwiP_disableVIC                      
43c12090  HwiP_getCPSR                         
43c120a0  CacheP_disableL1d                    
43c120c8  CacheP_disableL1p                    
43c120e0  CacheP_enableL1d                     
43c120f8  CacheP_enableL1p                     
43c12110  CacheP_invL1d                        
43c12148  CacheP_invL1p                        
43c12184  CacheP_invL1dAll                     
43c1218c  CacheP_invL1pAll                     
43c12194  CacheP_wb                            
43c121d0  CacheP_wbInv                         
43c1220c  CacheP_wbAll                         
43c122b4  CacheP_wbInvAll                      
43c122cc  CacheP_wbInvAllAsm                   
43c1236c  CacheP_getEnabled                    
43c123a4  CacheP_getCacheLevelInfo             
43c123b0  CacheP_configForceWrThru             
43c123d0  CacheP_setDLFO                       
43c123e1  CacheP_init                          
43c12461  CacheP_disable                       
43c124a1  CacheP_enable                        
43c124c1  CacheP_inv                           
43c12501  MpuP_RegionAttrs_init                
43c12511  MpuP_setRegion                       
43c125c1  MpuP_enable                          
43c12601  MpuP_disable                         
43c12641  MpuP_isEnable                        
43c12651  MpuP_init                            
43c126b4  MpuP_disableAsm                      
43c126cc  MpuP_disableBRAsm                    
43c126dc  MpuP_enableAsm                       
43c126f4  MpuP_enableBRAsm                     
43c12704  MpuP_isEnableAsm                     
43c12718  MpuP_setRegionAsm                    
43c12740  _c_int00_sbl                         
43c12764  _c_int00                             
43c12841  _DebugP_assertNoLog                  
43c12861  __mpu_init                           
43c12870  gUartDmaConfig                       
43c1336c  DDRSS_phyReg                         
43c13b58  DDRSS_ctlReg                         
43c141f4  DDRSS_phyIndepReg                    
43c14758  DDRSS_phyRegNum                      
43c14b4e  DDRSS_ctlRegNum                      
43c14e9c  DDRSS_phyIndepRegNum                 
43c15150  resasg_indexer                       
43c1533c  ra_inst                              
43c15468  udmap_inst                           
43c15558  gAddrTranslateInfo                   
43c1561c  gCoreBootInfo                        
43c15760  gMpuRegionConfig                     
43c157f0  ir_inst                              
43c15864  gSciclientHandle                     
43c158c0  ia_inst                              
43c1591c  gUartParams                          
43c159bc  gBootloaderConfig                    
43c159f4  gBootloaderConfigNum                 
43c15a28  gSciclientRomSecProxyCfg             
43c15a48  gSciclient_secProxyCfg               
43c15a68  gClockConfig                         
43c15a98  gSocModulesClockFrequency            
43c15ac8  gBootloaderMemFxns                   
43c15adc  gResMemSection                       
43c15b00  gSocModules                          
43c15b10  gAddrTranslateConfig                 
43c15b1c  gMpuConfig                           
43c15b38  gBootloader0Args                     
43c15b40  gBootloader1Args                     
43c15b48  gCacheConfig                         
43c15b60  gUartConfig                          
43c15b68  gCacheL1dCacheLineSize               
43c15b6c  gCacheL1pCacheLineSize               
43c15b70  gDebugLogZone                        
43c15b74  gDebugP_uartDrvIndex                 
43c15b78  gHwiConfig                           
43c15b7c  gUartConfigNum                       
43c15b80  gUartDmaConfigNum                    
43c15b84  operatingMode                        
43c15b88  pSciclient_secProxyCfg               
43c15b94  selfcoreEntry                        
43c15b98  soc_clock_data                       
43c15b98  soc_psc_multiple_domains             
43c16fe8  soc_device_data_arr                  
43c1771a  irq_global_event_types_count         
43c1771c  soc_pll_table                        
43c17b49  soc_host_indexes_sz                  
43c17d7f  soc_host_indexes                     
43c17f70  gSciclientMap                        
43c181f4  soc_clock_freq_defaults              
43c18474  gSOC_r5fVectors                      
43c184bc  soc_devgroups                        
43c18616  ia_soc_pe_init_list                  
43c18740  soc_clock_ranges                     
43c18768  clk_drv_div_fixed                    
43c1878c  clk_drv_div_pll_16fft_hsdiv          
43c187b0  clk_drv_div_pll_16fft_postdiv        
43c187d4  clk_drv_div_reg                      
43c187f8  clk_drv_div_reg_go                   
43c1885c  clk_drv_mux_reg                      
43c1887c  clk_drv_pllctrl_mux_reg_ro           
43c1889c  irq_global_event_types               
43c1890c  clk_drv_fixed                        
43c18924  clk_drv_from_device                  
43c1893c  clk_drv_pll_16fft                    
43c18954  clk_drv_soc_hfosc0                   
43c1896c  clk_drv_soc_lfosc0                   
43c189a0  soc_fw_caps                          
43c19228  psc_drv                              
43c19548  gcSciclientDirectExtBootX509MagicWord
43c19790  evt_rt_srcs                          
43c19794  evt_rt_srcs_count                    
43c197b8  ra_inst_count                        
43c197bc  soc_clock_count                      
43c197c0  soc_devgroup_count                   
43c197c4  soc_device_count                     
43c197cc  udmap_inst_count                     
43c19800  gSciclient_boardCfgLow               
43c19880  gSciclient_boardCfgLow_rm            
43c19e00  gSciclient_boardCfgLow_sec           
43c19f80  gSciclient_boardCfgLow_pm            
43c1a000  __stack                              
43c1e000  __BSS_START                          
43c1e000  __STACK_END                          
43c1e000  gHwiCtrl                             
43c1f93c  soc_clocks                           
43c1fd40  soc_devices                          
43c20354  soc_clock_values                     
43c206c4  _freertosresetvectors                
43c20708  gClockCtrl                           
43c20778  gUartHandle                          
43c20780  __BSS_END                            
43c20780  __IRQ_STACK_START                    
43c21780  __FIQ_STACK_START                    
43c21780  __IRQ_STACK_END                      
43c21880  __FIQ_STACK_END                      
43c21880  __SVC_STACK_START                    
43c21980  __ABORT_STACK_START                  
43c21980  __SVC_STACK_END                      
43c21a80  __ABORT_STACK_END                    
43c21a80  __UNDEFINED_STACK_START              
43c21b80  __UNDEFINED_STACK_END                
a0000000  gAppImageBuf                         
ffffffff  __TI_pprof_out_hndl                  
ffffffff  __TI_prof_data_size                  
ffffffff  __TI_prof_data_start                 
ffffffff  __binit__                            
ffffffff  binit                                
UNDEFED   __TI_CINIT_Base                      
UNDEFED   __TI_CINIT_Limit                     
UNDEFED   __TI_Handler_Table_Base              
UNDEFED   __TI_Handler_Table_Limit             
UNDEFED   _system_post_cinit                   

[566 symbols]
